2026-02-03 20:05:23.403 10675-11870 MemoryTracker           org.thoughtcrime.securesms           D  The system decreased our app JVM heap from 268435456 (256.00 MiB) to 73317096 (69.92 MiB)
2026-02-03 20:05:23.403 10675-11870 MemoryTracker           org.thoughtcrime.securesms           D  Used memory has decreased from 47096304 (44.91 MiB) to 23165856 (22.09 MiB)
2026-02-03 20:05:23.459 10675-12132 ProfileInstaller        org.thoughtcrime.securesms           D  Installing profile for org.thoughtcrime.securesms
2026-02-03 20:05:24.936 10675-10675 MIUIInput               org.thoughtcrime.securesms           I  [MotionEvent] ViewRootImpl windowName 'org.thoughtcrime.securesms/org.thoughtcrime.securesms.RoutingActivity', { action=ACTION_DOWN, id[0]=0, pointerCount=1, eventTime=149643279, downTime=149643279, phoneEventTime=20:05:24.929 } moveCount:0
2026-02-03 20:05:24.990 10675-10675 MIUIInput               org.thoughtcrime.securesms           I  [MotionEvent] ViewRootImpl windowName 'org.thoughtcrime.securesms/org.thoughtcrime.securesms.RoutingActivity', { action=ACTION_UP, id[0]=0, pointerCount=1, eventTime=149643338, downTime=149643279, phoneEventTime=20:05:24.988 } moveCount:0
2026-02-03 20:05:25.000 10675-10675 RenderThread            org.thoughtcrime.securesms           W  type=1400 audit(0.0:133492): avc:  denied  { getattr } for  path="/sys/module/metis/parameters/minor_window_app" dev="sysfs" ino=83885 scontext=u:r:untrusted_app:s0:c169,c257,c512,c768 tcontext=u:object_r:sysfs_migt:s0 tclass=file permissive=0 app=org.thoughtcrime.securesms
2026-02-03 20:05:25.000 10675-10675 RenderThread            org.thoughtcrime.securesms           W  type=1400 audit(0.0:133493): avc:  denied  { getattr } for  path="/sys/module/mist/parameters/mist_set_uid" dev="sysfs" ino=83821 scontext=u:r:untrusted_app:s0:c169,c257,c512,c768 tcontext=u:object_r:sysfs_migt:s0 tclass=file permissive=0 app=org.thoughtcrime.securesms
2026-02-03 20:05:25.004 10675-11896 crime.securesms         org.thoughtcrime.securesms           E  FrameInsert open fail: No such file or directory
2026-02-03 20:05:25.008  3454-5131  WindowManager           system_server                        E  setClientVisible ActivityRecord{13bcb47 u0 org.thoughtcrime.securesms/.conversation.v2.ConversationActivity true
2026-02-03 20:05:25.015 10675-11899 ContentCatcher          org.thoughtcrime.securesms           I  SettingTrigger : unregister status observer org.thoughtcrime.securesms.RoutingActivity
2026-02-03 20:05:25.016  3454-6240  WindowManager           system_server                        E  setClientVisible ActivityRecord{13bcb47 u0 org.thoughtcrime.securesms/.conversation.v2.ConversationActivity t287} true
2026-02-03 20:05:25.016  3454-6240  WindowManager           system_server                        E  setClientVisible ActivityRecord{13bcb47 u0 org.thoughtcrime.securesms/.conversation.v2.ConversationActivity t287} true
2026-02-03 20:05:25.020 10675-11827 ActivityThread          org.thoughtcrime.securesms           I  HardwareRenderer preload  done
2026-02-03 20:05:25.022 10675-10675 PassphraseRequiredActiv org.thoughtcrime.securesms           D  routeApplicationState(), state: 0
2026-02-03 20:05:25.022 10675-10675 BaseActivity            org.thoughtcrime.securesms           D  [ConversationActivity] onCreate()
2026-02-03 20:05:25.023 10675-11899 ViewContentFactory      org.thoughtcrime.securesms           D  initViewContentFetcherClass
2026-02-03 20:05:25.023 10675-11899 ContentCatcher          org.thoughtcrime.securesms           I  ViewContentFetcher : ViewContentFetcher
2026-02-03 20:05:25.023 10675-11899 ViewContentFactory      org.thoughtcrime.securesms           D  createInterceptor took 1ms
2026-02-03 20:05:25.023 10675-11899 ContentCatcherManager   org.thoughtcrime.securesms           E  failed to get ContentCatcherService.
2026-02-03 20:05:25.023 10675-11899 ContentCatcherManager   org.thoughtcrime.securesms           E  failed to get ContentCatcherService.
2026-02-03 20:05:25.026 10675-10675 LoggingFragment         org.thoughtcrime.securesms           D  [ConversationFragment] onCreate()
2026-02-03 20:05:25.026 10675-10675 BaseActivity            org.thoughtcrime.securesms           D  [ConversationActivity] onStart()
2026-02-03 20:05:25.028 10675-10675 ScrollerOp...ionManager org.thoughtcrime.securesms           D  registerConfigChangedListener
2026-02-03 20:05:25.036 10675-10675 ScrollerOp...ionManager org.thoughtcrime.securesms           D  registerConfigChangedListener
2026-02-03 20:05:25.061 10675-12188 ConversationDataSource  org.thoughtcrime.securesms           D  [size(), thread 2] 0 ms
2026-02-03 20:05:25.061 10675-10675 MiuiMultiWindowUtils    org.thoughtcrime.securesms           D  freeform resolution args raw data:{  "wide_default":{    "freeform_args": {        "vertical_portrait":{"aspect_ratio":0.626, "original_ratio":0.5643,"original_scale":0.74,"top_margin":0.168,"left_margin":0.484},        "horizontal_portrait":{"aspect_ratio":0.626, "original_ratio":0.5643,"original_scale":0.74,"top_margin":0.1222,"left_margin":0.59745},        "vertical_landscape":{"aspect_ratio":1.6, "original_ratio":1,"original_scale":0.604,"top_margin":0.2596,"left_margin":0.2624},        "horizontal_landscape":{"aspect_ratio":1.6, "original_ratio":1,"original_scale":0.604,"top_margin":0.213,"left_margin":0.3758}    },    "mini_freeform_args":{        "vertical_portrait":{"original_ratio":0.147},        "horizontal_portrait":{"original_ratio":0.147},        "vertical_landscape":{"original_ratio":0.165},        "horizontal_landscape":{"original_ratio":0.165}    }  },  "narrow_default": {    "freeform_args": {        "vertical_portrait":{"aspect_ratio":0.626, "original_ratio":1,"original_scale":0.74,"top_margin":0.0753,"left_margin":-1},        "horizontal_portrait":{"aspect_ratio":0.626, "original_ratio":1,"original_scale":0.5756,"top_margin":-1,"left_margin":0.0753},        "vertical_landscape":{"aspect_ratio":1.6, "original_ratio":0.6847,"original_scale":0.587,"top_margin":0.0753,"left_margin":-1},        "horizontal_landscape":{"aspect_ratio":1.6, "original_ratio":0.6847,"original_scale":0.587,"top_margin":-1,"left_margin":0.0753}    },    "mini_freeform_args":{        "vertical_portrait":{"original_ratio":0.26},        "horizontal_portrait":{"original_ratio":0.26},        "vertical_landscape":{"original_ratio":0.293},        "horizontal_landscape":{"original_ratio":0.293}    }  },  "regular_default": {    "freeform_args": {      "vertical_portrait":{"aspect_ratio":0.625, "original_ratio":1,"original_scale":0.7,"top_margin":0.109,"left_margin":-1},      "horizontal_portrait":{"aspect_ratio":0.6667, "original_ratio":1,"original_scale":0.6102,"top_margin":-1,"left_margin":0.026},      "vertical_landscape":{"aspect_ratio":1.6, "original_ratio":1,"original_scale":0.4244,"top_margin":0.109,"left_margin":-1},      "horizontal_landscape":{"aspect_ratio":1.6, "original_ratio":1,"original_scale":0.4244,"top_margin":-1,"left_margin":0.026}    },    "mini_freeform_args":{      "vertical_portrait":{"original_ratio":0.25},      "horizontal_portrait":{"original_ratio":0.25},      "vertical_landscape":{"original_ratio":0.25},      "horizontal_landscape":{"original_ratio":0.25}    }  },  "pad_default": {    "freeform_args": {      "vertical_portrait":{"aspect_ratio":0.5625, "original_ratio":0.375,"original_scale":0.835,"top_margin":0.049,"left_margin":0.2775},      "horizontal_portrait":{"aspect_ratio":0.5625, "original_ratio":0.375,"original_scale":0.835,"top_margin":-1,"left_margin":0.6525},      "vertical_landscape":{"aspect_ratio":-1, "original_ratio":1,"original_scale":0.468,"top_margin":0.049,"left_margin":-1},      "horizontal_landscape":{"aspect_ratio":-1, "original_ratio":1,"original_scale":0.468,"top_margin":-1,"left_margin":0.4976}    },    "mini_freeform_args":{      "vertical_portrait":{"original_ratio":0.144},      "horizontal_portrait":{"original_ratio":0.144},      "vertical_landscape":{"original_ratio":0.2},      "horizontal_landscape":{"original_ratio":0.2}    }  }}
2026-02-03 20:05:25.061 10675-10675 MiuiMultiWindowUtils    org.thoughtcrime.securesms           D  initFreeFormResolutionArgs failed, device is haotian
2026-02-03 20:05:25.061 10675-10675 IS_CTS_MODE             org.thoughtcrime.securesms           D  false
2026-02-03 20:05:25.061 10675-10675 MULTI_WIND...CH_ENABLED org.thoughtcrime.securesms           D  false
2026-02-03 20:05:25.063 10675-12183 Job                     org.thoughtcrime.securesms           I  [JOB::07058a3f-c4f5-41c9-a4c9-7ffa489560b3][RetrieveProfileJob] onSubmit() (Time Since Submission: 1 ms, Lifespan: Immortal, Run Attempt: 1/3, Queue: RetrieveProfileJob_3)
2026-02-03 20:05:25.064 10675-10675 System.out              org.thoughtcrime.securesms           I  request set Avatar Image View ???? 3
2026-02-03 20:05:25.064 10675-10675 System.out              org.thoughtcrime.securesms           I  request set Avatar Image View ???? 4
2026-02-03 20:05:25.064 10675-11900 JobRunner               org.thoughtcrime.securesms           I  [JOB::07058a3f-c4f5-41c9-a4c9-7ffa489560b3][RetrieveProfileJob][1] Running job. (Time Since Submission: 2 ms, Lifespan: Immortal, Run Attempt: 1/3, Queue: RetrieveProfileJob_3)
2026-02-03 20:05:25.065 10675-11881 JobSchedulerScheduler   org.thoughtcrime.securesms           I  JobScheduler enqueue of NETWORK (-1733499378)
2026-02-03 20:05:25.070 10675-10675 LoggingFragment         org.thoughtcrime.securesms           D  [ConversationFragment] onStart()
2026-02-03 20:05:25.070 10675-10675 VoiceNoteMediaControlle org.thoughtcrime.securesms           I  Postponing media controller creation. (conversation.v2.ConversationActivity})
2026-02-03 20:05:25.070 10675-10675 SecurityManager         org.thoughtcrime.securesms           D  checkAccessControl flag0
2026-02-03 20:05:25.071 10675-11899 ContentCatcher          org.thoughtcrime.securesms           I  SettingTrigger : register screen QA status observer org.thoughtcrime.securesms.conversation.v2.ConversationActivity
2026-02-03 20:05:25.071 10675-11899 ContentCatcher          org.thoughtcrime.securesms           I  SettingTrigger : register global collect status observer org.thoughtcrime.securesms.conversation.v2.ConversationActivity
2026-02-03 20:05:25.071 10675-10675 ConversationGroupCallVi org.thoughtcrime.securesms           I  Peek call for RecipientId::4
2026-02-03 20:05:25.073 10675-10675 LockManager             org.thoughtcrime.securesms           D  Wifi Activity Policy: -1
2026-02-03 20:05:25.074 10675-10675 CallManager             org.thoughtcrime.securesms           I  createCallManager():
2026-02-03 20:05:25.074 10675-10675 CallManager             org.thoughtcrime.securesms           I  CallManager():
2026-02-03 20:05:25.074 10675-10675 ringrtc                 org.thoughtcrime.securesms           I  call_manager.rs:468: RingRTC v2.48.4
2026-02-03 20:05:25.075 10675-11944 ConversationDataSource  org.thoughtcrime.securesms           D  [load(0, 6), thread 2] messages: 4.46, extra-data: 3.00, models: 0.17, conversion: 4.26, header: 1.60, total: 13.50 || mentions: 0.63, is-quoted: 1.62, reactions: 0.67, attachments: 0.64, payments: 0.05, calls: 1.19 >> cpuTime: 5.80, wallTime: 2.63
2026-02-03 20:05:25.078 10675-11939 Job                     org.thoughtcrime.securesms           I  [JOB::9cb3fe13-484e-4a64-9be5-7dff357aacdc][RequestGroupV2InfoJob] onSubmit() (Time Since Submission: 2 ms, Lifespan: Immortal, Run Attempt: 1/Unlimited, Queue: RequestGroupV2InfoSyncJob)
2026-02-03 20:05:25.078 10675-11939 Job                     org.thoughtcrime.securesms           I  [JOB::83998093-f09c-4408-9f54-3db64d7ee42f][GroupV2UpdateSelfProfileKeyJob] onSubmit() (Time Since Submission: 2 ms, Lifespan: 86400000 ms, Run Attempt: 1/Unlimited, Queue: GroupV2UpdateSelfProfileKeyJob)
2026-02-03 20:05:25.078 10675-11881 JobSchedulerScheduler   org.thoughtcrime.securesms           I  JobScheduler enqueue of  (0)
2026-02-03 20:05:25.079 10675-11902 JobRunner               org.thoughtcrime.securesms           I  [JOB::9cb3fe13-484e-4a64-9be5-7dff357aacdc][RequestGroupV2InfoJob][3] Running job. (Time Since Submission: 3 ms, Lifespan: Immortal, Run Attempt: 1/Unlimited, Queue: RequestGroupV2InfoSyncJob)
2026-02-03 20:05:25.080 10675-10675 DecorViewImmersiveImpl  org.thoughtcrime.securesms           D  onAttachedToWindow:org.thoughtcrime.securesms/org.thoughtcrime.securesms.conversation.v2.ConversationActivity
2026-02-03 20:05:25.080 10675-10675 DecorViewImmersiveImpl  org.thoughtcrime.securesms           D  getWindowType: 1 title:org.thoughtcrime.securesms/org.thoughtcrime.securesms.conversation.v2.ConversationActivity
2026-02-03 20:05:25.080 10675-10675 DecorViewImmersiveImpl  org.thoughtcrime.securesms           D  window type: 1
2026-02-03 20:05:25.080 10675-10675 MiuiNBIManagerImpl      org.thoughtcrime.securesms           D  mRemote has create
2026-02-03 20:05:25.080 10675-10675 DecorViewImmersiveImpl  org.thoughtcrime.securesms           D  isNBIEnable=false
2026-02-03 20:05:25.082 10675-11902 Job                     org.thoughtcrime.securesms           I  [JOB::f1040610-0857-4c1c-afa7-1a043444cf37][RequestGroupV2InfoWorkerJob] onSubmit() (Time Since Submission: 2 ms, Lifespan: 86400000 ms, Run Attempt: 1/Unlimited, Queue: __PUSH_PROCESS_JOB__RecipientId::4)
2026-02-03 20:05:25.082 10675-11902 JobRunner               org.thoughtcrime.securesms           I  [JOB::9cb3fe13-484e-4a64-9be5-7dff357aacdc][RequestGroupV2InfoJob][3] Job finished with result SUCCESS in 3 ms. (Time Since Submission: 6 ms, Lifespan: Immortal, Run Attempt: 1/Unlimited, Queue: RequestGroupV2InfoSyncJob)
2026-02-03 20:05:25.082 10675-12190 System.out              org.thoughtcrime.securesms           I  --CALL LINK AUTH CREDENTIAL RESPONSE--
2026-02-03 20:05:25.083 10675-11901 JobRunner               org.thoughtcrime.securesms           I  [JOB::f1040610-0857-4c1c-afa7-1a043444cf37][RequestGroupV2InfoWorkerJob][2] Running job. (Time Since Submission: 2 ms, Lifespan: 86400000 ms, Run Attempt: 1/Unlimited, Queue: __PUSH_PROCESS_JOB__RecipientId::4)
2026-02-03 20:05:25.083 10675-11901 RequestGroupV2InfoWorke org.thoughtcrime.securesms           I  Updating group to latest revision
2026-02-03 20:05:25.086 10675-12190 GroupsV2AuthorizationSi org.thoughtcrime.securesms           I  Loaded 8 credentials from local storage
2026-02-03 20:05:25.086 10675-11902 JobRunner               org.thoughtcrime.securesms           I  [JOB::83998093-f09c-4408-9f54-3db64d7ee42f][GroupV2UpdateSelfProfileKeyJob][3] Running job. (Time Since Submission: 10 ms, Lifespan: 86400000 ms, Run Attempt: 1/Unlimited, Queue: GroupV2UpdateSelfProfileKeyJob)
2026-02-03 20:05:25.086 10675-12190 GroupsV2AuthorizationSi org.thoughtcrime.securesms           I  Loaded 0 credentials from local storage
2026-02-03 20:05:25.086 10675-12190 System.out              org.thoughtcrime.securesms           I  --CALL LINK AUTH CREDENTIAL RESPONSE--
2026-02-03 20:05:25.086 10675-11902 GroupV2UpdateSelfProfil org.thoughtcrime.securesms           I  Ensuring profile key up to date on group __signal_group__v2__!28687dc5b1223712a3e8ac3013aa0d65c57184712fa08febfaf9c0cc11de81fd
2026-02-03 20:05:25.094 10675-11901 GroupsV2StateProcessor  org.thoughtcrime.securesms           I  [__signal_group__v2__!28687dc5b1223712a3e8ac3013aa0d65c57184712fa08febfaf9c0cc11de81fd] Paging from server targetRevision: latest
2026-02-03 20:05:25.094 10675-11901 System.out              org.thoughtcrime.securesms           I  --CALL LINK AUTH CREDENTIAL RESPONSE--
2026-02-03 20:05:25.112 10675-10675 View                    org.thoughtcrime.securesms           W  requestLayout() improperly called by org.thoughtcrime.securesms.conversation.mutiselect.MultiselectRecyclerView{55021aa VFED.V... ......ID 0,0-1080,2185 #7f0a0428 app:id/conversation_item_recycler} during layout: running second layout pass
2026-02-03 20:05:25.113 10675-10675 VRI[Conver...nActivity] org.thoughtcrime.securesms           D  vri.reportNextDraw android.view.ViewRootImpl.performTraversals:4955 android.view.ViewRootImpl.doTraversal:3555 android.view.ViewRootImpl$TraversalRunnable.run:11583 android.view.Choreographer$CallbackRecord.run:1721 android.view.Choreographer$CallbackRecord.run:1730 
2026-02-03 20:05:25.113 10675-10675 VRI[Conver...nActivity] org.thoughtcrime.securesms           D  vri.Setup new sync=wmsSync-VRI[ConversationActivity]#2
2026-02-03 20:05:25.116 10675-10675 TextViewImpl            org.thoughtcrime.securesms           V  sendCursorInfo support:true
2026-02-03 20:05:25.117 10675-10675 System.out              org.thoughtcrime.securesms           I  --字体大小：18.0
2026-02-03 20:05:25.117 10675-11896 HWUI                    org.thoughtcrime.securesms           D  makeCurrent grContext:0xb400006ee38efe30 reset mTextureAvailable
2026-02-03 20:05:25.120 10675-10675 VRI[Conver...nActivity] org.thoughtcrime.securesms           D  vri.reportDrawFinished
2026-02-03 20:05:25.121  5185-6243  ActivityManagerWrapper  com.miui.home                        E  getRecentTasksForceIncludingTaskIdIfValid: getRecentTasks: size=7
                                                                                                     mainTaskId=287   userId=0   windowMode=1   baseIntent=Intent { act=android.intent.action.MAIN flag=270532608 cmp=ComponentInfo{org.thoughtcrime.securesms/org.thoughtcrime.securesms.RoutingActivity} }
                                                                                                     mainTaskId=200   userId=0   windowMode=1   baseIntent=Intent { act=android.intent.action.MAIN flag=270532608 cmp=ComponentInfo{com.dragon.read/com.dragon.read.pages.splash.SplashActivity} }
                                                                                                     mainTaskId=273   userId=0   windowMode=1   baseIntent=Intent { act=android.intent.action.MAIN flag=270532608 cmp=ComponentInfo{com.jinse.app/com.example.flutter_client.MainActivity} }
                                                                                                     mainTaskId=269   userId=0   windowMode=1   baseIntent=Intent { act=android.intent.action.MAIN flag=270532608 cmp=ComponentInfo{com.ss.android.ugc.aweme/com.ss.android.ugc.aweme.splash.SplashActivity} }
                                                                                                     mainTaskId=41   userId=0   windowMode=1   baseIntent=Intent { act=android.intent.action.MAIN flag=271581184 cmp=ComponentInfo{com.tencent.mm/com.tencent.mm.ui.LauncherUI} }
                                                                                                     mainTaskId=211   userId=0   windowMode=1   baseIntent=Intent { act=android.intent.action.MAIN flag=270532608 cmp=ComponentInfo{com.tencent.qqmusic/com.tencent.qqmusic.activity.AppStarterActivity} }
                                                                                                     mainTaskId=143   userId=0   windowMode=1   baseIntent=Intent { act=com.tencent.QQBrowser.action.VIEW flag=268435456 cmp=ComponentInfo{com.tencent.mtt/com.tencent.mtt.MainActivity} }
2026-02-03 20:05:25.121  3454-3792  WindowManager           system_server                        E  setClientVisible ActivityRecord{13bcb47 u0 org.thoughtcrime.securesms/.conversation.v2.ConversationActivity t287} true
2026-02-03 20:05:25.122 10675-10675 System.out              org.thoughtcrime.securesms           I  request set Avatar Image View ???? 4
2026-02-03 20:05:25.125  5185-6243  ActivityManagerWrapper  com.miui.home                        E  getRecentTasksForceIncludingTaskIdIfValid: getRecentTasks: size=7
                                                                                                     mainTaskId=287   userId=0   windowMode=1   baseIntent=Intent { act=android.intent.action.MAIN flag=270532608 cmp=ComponentInfo{org.thoughtcrime.securesms/org.thoughtcrime.securesms.RoutingActivity} }
                                                                                                     mainTaskId=200   userId=0   windowMode=1   baseIntent=Intent { act=android.intent.action.MAIN flag=270532608 cmp=ComponentInfo{com.dragon.read/com.dragon.read.pages.splash.SplashActivity} }
                                                                                                     mainTaskId=273   userId=0   windowMode=1   baseIntent=Intent { act=android.intent.action.MAIN flag=270532608 cmp=ComponentInfo{com.jinse.app/com.example.flutter_client.MainActivity} }
                                                                                                     mainTaskId=269   userId=0   windowMode=1   baseIntent=Intent { act=android.intent.action.MAIN flag=270532608 cmp=ComponentInfo{com.ss.android.ugc.aweme/com.ss.android.ugc.aweme.splash.SplashActivity} }
                                                                                                     mainTaskId=41   userId=0   windowMode=1   baseIntent=Intent { act=android.intent.action.MAIN flag=271581184 cmp=ComponentInfo{com.tencent.mm/com.tencent.mm.ui.LauncherUI} }
                                                                                                     mainTaskId=211   userId=0   windowMode=1   baseIntent=Intent { act=android.intent.action.MAIN flag=270532608 cmp=ComponentInfo{com.tencent.qqmusic/com.tencent.qqmusic.activity.AppStarterActivity} }
                                                                                                     mainTaskId=143   userId=0   windowMode=1   baseIntent=Intent { act=com.tencent.QQBrowser.action.VIEW flag=268435456 cmp=ComponentInfo{com.tencent.mtt/com.tencent.mtt.MainActivity} }
2026-02-03 20:05:25.130 10675-10675 ConversationLayoutManag org.thoughtcrime.securesms           D  Re-requesting pending scroll position: 0 offset: 0
2026-02-03 20:05:25.141 10675-10675 AssistStructure         org.thoughtcrime.securesms           I  Flattened final assist data: 10916 bytes, containing 1 windows, 85 views
2026-02-03 20:05:25.142 10675-10675 JobSchedulerScheduler   org.thoughtcrime.securesms           I  Waking due to job: 0
2026-02-03 20:05:25.142 10675-10675 JobSchedulerScheduler   org.thoughtcrime.securesms           I  Waking due to job: -1733499378
2026-02-03 20:05:25.159 10675-11900 RetrieveProfileJob      org.thoughtcrime.securesms           D  Fetched 1 existing records.
2026-02-03 20:05:25.160 10675-11900 Badges                  org.thoughtcrime.securesms           D  Selected badge density xxhdpi
2026-02-03 20:05:25.161 10675-10675 System.out              org.thoughtcrime.securesms           I  request set Avatar Image View ???? 3
2026-02-03 20:05:25.161 10675-10675 System.out              org.thoughtcrime.securesms           I  request set Avatar Image View ???? 4
2026-02-03 20:05:25.161 10675-11900 RetrieveProfileJob      org.thoughtcrime.securesms           D  Committing updates to 0 of 1 retrieved profiles.
2026-02-03 20:05:25.163 10675-11900 RetrieveProfileJob      org.thoughtcrime.securesms           D  Started with 1 recipient(s). Found 1 profile(s), and had keys for 1 of them. Will retry 0.
2026-02-03 20:05:25.163 10675-11900 RetrieveProfileJob      org.thoughtcrime.securesms           D  [RetrieveProfile] resolve-ensure: 0, requests: 1, responses: 89, disk-fetch: 3, filter: 1, process: 0, mark-fetched: 1, registered-update: 0, identityKeys: 1, total: 97
2026-02-03 20:05:25.164 10675-11900 JobRunner               org.thoughtcrime.securesms           I  [JOB::07058a3f-c4f5-41c9-a4c9-7ffa489560b3][RetrieveProfileJob][1] Job finished with result SUCCESS in 100 ms. (Time Since Submission: 102 ms, Lifespan: Immortal, Run Attempt: 1/3, Queue: RetrieveProfileJob_3)
2026-02-03 20:05:25.166 10675-11901 System.out              org.thoughtcrime.securesms           I  make storage request url:http://47.242.157.99:11008/v2/groups/joined_at_version
2026-02-03 20:05:25.169 10675-12190 System.out              org.thoughtcrime.securesms           I  make storage request url:http://47.242.157.99:11008/v2/groups/token
2026-02-03 20:05:25.170 10675-11901 System.out              org.thoughtcrime.securesms           I  -okhttpClient wait newCall-
2026-02-03 20:05:25.170 10675-11901 System.out              org.thoughtcrime.securesms           I  wait call execute
2026-02-03 20:05:25.170 10675-11901 System.out              org.thoughtcrime.securesms           I  DeprecatedClientPreventionInterceptor - START
2026-02-03 20:05:25.170 10675-11901 System.out              org.thoughtcrime.securesms           I  Request URL: http://47.242.157.99:11008/v2/groups/joined_at_version
2026-02-03 20:05:25.170 10675-11901 System.out              org.thoughtcrime.securesms           I  isClientDeprecated:  false
2026-02-03 20:05:25.170 10675-11901 System.out              org.thoughtcrime.securesms           I  DeprecatedClientPreventionInterceptor - PROCEEDING
2026-02-03 20:05:25.172 10675-12225 TrafficStats            org.thoughtcrime.securesms           D  tagSocket(256) with statsTag=0xffffffff, statsUid=-1
2026-02-03 20:05:25.172 10675-12190 System.out              org.thoughtcrime.securesms           I  -okhttpClient wait newCall-
2026-02-03 20:05:25.172 10675-12190 System.out              org.thoughtcrime.securesms           I  wait call execute
2026-02-03 20:05:25.172 10675-12190 System.out              org.thoughtcrime.securesms           I  DeprecatedClientPreventionInterceptor - START
2026-02-03 20:05:25.172 10675-12190 System.out              org.thoughtcrime.securesms           I  Request URL: http://47.242.157.99:11008/v2/groups/token
2026-02-03 20:05:25.172 10675-12190 System.out              org.thoughtcrime.securesms           I  isClientDeprecated:  false
2026-02-03 20:05:25.172 10675-12190 System.out              org.thoughtcrime.securesms           I  DeprecatedClientPreventionInterceptor - PROCEEDING
2026-02-03 20:05:25.173 10675-12190 TrafficStats            org.thoughtcrime.securesms           D  tagSocket(258) with statsTag=0xffffffff, statsUid=-1
2026-02-03 20:05:25.185 10675-10675 System.out              org.thoughtcrime.securesms           I  request set Avatar Image View ???? 3
2026-02-03 20:05:25.185 10675-10675 System.out              org.thoughtcrime.securesms           I  request set Avatar Image View ???? 4
2026-02-03 20:05:25.192 10675-10675 HandWritingStubImpl     org.thoughtcrime.securesms           I  refreshLastKeyboardType: 1
2026-02-03 20:05:25.193 10675-10675 HandWritingStubImpl     org.thoughtcrime.securesms           I  getCurrentKeyboardType: 1
2026-02-03 20:05:25.199 10675-10675 System.out              org.thoughtcrime.securesms           I  request set Avatar Image View ???? 4
2026-02-03 20:05:25.200 10675-10675 ConversationFragment    org.thoughtcrime.securesms           D  doAfterFirstRender
2026-02-03 20:05:25.200 10675-10675 WindowOnBackDispatcher  org.thoughtcrime.securesms           W  OnBackInvokedCallback is not enabled for the application.
                                                                                                    Set 'android:enableOnBackInvokedCallback="true"' in the application manifest.
2026-02-03 20:05:25.201 10675-11856 LocalMetrics            org.thoughtcrime.securesms           D  [conversation-open] total: 174 | viewmodel-init: 32, metadata-loaded: 3, data-loaded: 8, data-posted: 74, render: 58
2026-02-03 20:05:25.204 10675-10675 System.out              org.thoughtcrime.securesms           I  --LinkPreviewRepository--
2026-02-03 20:05:25.205 10675-10675 CameraExtStub           org.thoughtcrime.securesms           D  init android.hardware.camera2.impl.CameraExtImplXiaoMi
2026-02-03 20:05:25.206 10675-10675 CameraInjector          org.thoughtcrime.securesms           D  waitForResult: 
2026-02-03 20:05:25.206 10675-12238 CameraInjector          org.thoughtcrime.securesms           D  updateCloudCameraControllerInfoAsync: E
2026-02-03 20:05:25.209 10675-12238 CameraInjector          org.thoughtcrime.securesms           D  isMiviInfo4: use MiviInfo V4.0
2026-02-03 20:05:25.209 10675-12238 CameraInjector          org.thoughtcrime.securesms           D  parseMiviInfo4 cameraExposedRoleIdList: 21#23#60#61#0#63#64
2026-02-03 20:05:25.209 10675-12238 CameraInjector          org.thoughtcrime.securesms           D  updateCloudCameraControllerInfoAsync: X
2026-02-03 20:05:25.209 10675-10675 libc                    org.thoughtcrime.securesms           W  Access denied finding property "vendor.camera.aux.packagelist"
2026-02-03 20:05:25.209 10675-10675 libc                    org.thoughtcrime.securesms           W  Access denied finding property "vendor.camera.aux.packagelistext"
2026-02-03 20:05:25.211 10675-10675 VoiceNoteMediaControlle org.thoughtcrime.securesms           I  Finishing postponed media controller creation. (conversation.v2.ConversationActivity})
2026-02-03 20:05:25.212 10675-10675 ConversationUpdateTick  org.thoughtcrime.securesms           I  No time since last tick. Initialising and posting update in 60000 ms
2026-02-03 20:05:25.215 10675-12225 TrafficStats            org.thoughtcrime.securesms           D  tagSocket(247) with statsTag=0xffffffff, statsUid=-1
2026-02-03 20:05:25.219 10675-10675 System.out              org.thoughtcrime.securesms           I  request set Avatar Image View ???? 4
2026-02-03 20:05:25.232 10675-10675 ConversationFragment    org.thoughtcrime.securesms           D  Update scroll state ConversationScrollButtonState(hideScrollButtonsForReactionOverlay=false, showScrollButtonsForScrollPosition=false, willScrollToBottomOnNewMessage=true, unreadCount=0, hasMentions=false)
2026-02-03 20:05:25.233 10675-12187 BubbleUtil              org.thoughtcrime.securesms           D  Bubble State:	nm.areBubblesEnabled() = true	nm.getBubblePreference() = 0	nm.areBubblesAllowed() = false	cc.canBubble(messages_1) = false	Final answer… canBubble: false
2026-02-03 20:05:25.245 10675-10675 DraftRepository         org.thoughtcrime.securesms           D  Shared this data at -1 and last processed share data at -1
2026-02-03 20:05:25.245 10675-10675 DraftRepository         org.thoughtcrime.securesms           D  Have not processed this share data. Proceeding.
2026-02-03 20:05:25.248 10675-10675 System.out              org.thoughtcrime.securesms           I  request set Avatar Image View ???? 4
2026-02-03 20:05:25.256 10675-10675 System.out              org.thoughtcrime.securesms           I  request set Avatar Image View ???? 4
2026-02-03 20:05:25.258 10675-11901 System.out              org.thoughtcrime.securesms           I  DeprecatedClientPreventionInterceptor - Response: 200
2026-02-03 20:05:25.258 10675-10675 VoiceNoteMediaControlle org.thoughtcrime.securesms           D  MediaController successfully initialized. (conversation.v2.ConversationActivity)
2026-02-03 20:05:25.259 10675-11901 GroupsV2StateProcessor  org.thoughtcrime.securesms           I  [__signal_group__v2__!28687dc5b1223712a3e8ac3013aa0d65c57184712fa08febfaf9c0cc11de81fd] Requesting change logs from server, currentRevision=0 logsNeededFrom=0 includeFirstState=true sendEndorsementExpiration=true
2026-02-03 20:05:25.259 10675-11901 System.out              org.thoughtcrime.securesms           I  --CALL LINK AUTH CREDENTIAL RESPONSE--
2026-02-03 20:05:25.293 10675-11862 MarkReadHelper          org.thoughtcrime.securesms           D  Marking 0 messages as read.
2026-02-03 20:05:25.293 10675-11865 NotificationChannels    org.thoughtcrime.securesms           D  ensureCustomChannelConsistency()
2026-02-03 20:05:25.296 10675-11943 ConversationListDataSou org.thoughtcrime.securesms           D  [size(), UnarchivedConversationListDataSource, OFF] 1 ms
2026-02-03 20:05:25.300 10675-11944 ConversationListDataSou org.thoughtcrime.securesms           D  [load(0, 2), UnarchivedConversationListDataSource, OFF] cursor: 3.45, cache-recipients: 0.30, recipient-resolve: 0.02, total: 3.77
2026-02-03 20:05:25.300 10675-11865 DefaultMessageNotifier  org.thoughtcrime.securesms           I  State is empty, cancelling all notifications
2026-02-03 20:05:25.300 10675-11865 NotificationCancellatio org.thoughtcrime.securesms           D  cancelLegacy() called with: notificationId = [1338]
2026-02-03 20:05:25.301 10675-11862 Job                     org.thoughtcrime.securesms           I  [JOB::3d407aa3-338d-4237-9fb9-07977d267f17][CallLogEventSendJob] onSubmit() (Time Since Submission: 1 ms, Lifespan: 86400000 ms, Run Attempt: 1/Unlimited, Queue: CallLogEventSendJob)
2026-02-03 20:05:25.302 10675-11900 JobRunner               org.thoughtcrime.securesms           I  [JOB::3d407aa3-338d-4237-9fb9-07977d267f17][CallLogEventSendJob][1] Running job. (Time Since Submission: 1 ms, Lifespan: 86400000 ms, Run Attempt: 1/Unlimited, Queue: CallLogEventSendJob)
2026-02-03 20:05:25.303 10675-11900 System.out              org.thoughtcrime.securesms           I  Send msg
2026-02-03 20:05:25.304 10675-11900 System.out              org.thoughtcrime.securesms           I  get Encrypted msg
2026-02-03 20:05:25.304 10675-11900 System.out              org.thoughtcrime.securesms           I  get Encrypted msg content:Optional[Content{syncMessage=SyncMessage{padding=[size=509 hex=0e7333cfb4761f350dcd005dfa10b028a55c4ffa3a8cd7caa5512d0cee457aa5ebff426e1fd3f55e5b4c1be64308e4cd8600abdecf0ed9efa02b61b59065a56e…], callLogEvent=CallLogEvent{type=MARKED_AS_READ_IN_CONVERSATION, timestamp=1770119498515, conversationId=[hex=28687dc5b1223712a3e8ac3013aa0d65c57184712fa08febfaf9c0cc11de81fd], callId=9010397929601799476}}}]
2026-02-03 20:05:25.328 10675-11901 System.out              org.thoughtcrime.securesms           I  make storage request url:http://47.242.157.99:11008/v2/groups/logs/0?maxSupportedChangeEpoch=5&includeFirstState=true&includeLastState=false
2026-02-03 20:05:25.329 10675-11901 System.out              org.thoughtcrime.securesms           I  -okhttpClient wait newCall-
2026-02-03 20:05:25.329 10675-11901 System.out              org.thoughtcrime.securesms           I  wait call execute
2026-02-03 20:05:25.329 10675-11901 System.out              org.thoughtcrime.securesms           I  DeprecatedClientPreventionInterceptor - START
2026-02-03 20:05:25.329 10675-11901 System.out              org.thoughtcrime.securesms           I  Request URL: http://47.242.157.99:11008/v2/groups/logs/0?maxSupportedChangeEpoch=5&includeFirstState=true&includeLastState=false
2026-02-03 20:05:25.329 10675-11901 System.out              org.thoughtcrime.securesms           I  isClientDeprecated:  false
2026-02-03 20:05:25.329 10675-11901 System.out              org.thoughtcrime.securesms           I  DeprecatedClientPreventionInterceptor - PROCEEDING
2026-02-03 20:05:25.339  3454-11822 WindowManager           system_server                        E  setClientVisible ActivityRecord{8137a03 u0 org.thoughtcrime.securesms/.RoutingActivity t287} false
2026-02-03 20:05:25.340 10675-10675 VRI[RoutingActivity]    org.thoughtcrime.securesms           D  visibilityChanged oldVisibility=true newVisibility=false
2026-02-03 20:05:25.348 10675-11896 HWUI                    org.thoughtcrime.securesms           D  endAllActiveAnimators on 0xb400006f7394abd0 (StateListDrawable) with handle 0xb400006f63a3ade0
2026-02-03 20:05:25.350 10675-10675 BaseActivity            org.thoughtcrime.securesms           D  [MainActivity] onStop()
2026-02-03 20:05:25.351 10675-10675 LoggingFragment         org.thoughtcrime.securesms           D  [ConversationListFragmen] onStop()
2026-02-03 20:05:25.360 10675-11900 JobRunner               org.thoughtcrime.securesms           I  [JOB::3d407aa3-338d-4237-9fb9-07977d267f17][CallLogEventSendJob][1] Job finished with result SUCCESS in 58 ms. (Time Since Submission: 59 ms, Lifespan: 86400000 ms, Run Attempt: 1/Unlimited, Queue: CallLogEventSendJob)
2026-02-03 20:05:25.420 10675-11901 System.out              org.thoughtcrime.securesms           I  DeprecatedClientPreventionInterceptor - Response: 200
2026-02-03 20:05:25.435 10675-11901 GroupStatePatcher       org.thoughtcrime.securesms           D  Skipping revision 0 as it is already applied (current revision: 0)
2026-02-03 20:05:25.436 10675-11901 GroupsV2StateProcessor  org.thoughtcrime.securesms           I  [__signal_group__v2__!28687dc5b1223712a3e8ac3013aa0d65c57184712fa08febfaf9c0cc11de81fd] Local state is at or later than server revision: 0
2026-02-03 20:05:25.436 10675-11901 JobRunner               org.thoughtcrime.securesms           I  [JOB::f1040610-0857-4c1c-afa7-1a043444cf37][RequestGroupV2InfoWorkerJob][2] Job finished with result SUCCESS in 353 ms. (Time Since Submission: 355 ms, Lifespan: 86400000 ms, Run Attempt: 1/Unlimited, Queue: __PUSH_PROCESS_JOB__RecipientId::4)
2026-02-03 20:05:25.438 10675-12190 System.out              org.thoughtcrime.securesms           I  DeprecatedClientPreventionInterceptor - Response: 200
2026-02-03 20:05:25.445 10675-11902 GroupManagerV2          org.thoughtcrime.securesms           I  Own Profile Key is already up to date in group __signal_group__v2__!28687dc5b1223712a3e8ac3013aa0d65c57184712fa08febfaf9c0cc11de81fd
2026-02-03 20:05:25.446 10675-11902 JobRunner               org.thoughtcrime.securesms           I  [JOB::83998093-f09c-4408-9f54-3db64d7ee42f][GroupV2UpdateSelfProfileKeyJob][3] Job finished with result SUCCESS in 359 ms. (Time Since Submission: 369 ms, Lifespan: 86400000 ms, Run Attempt: 1/Unlimited, Queue: GroupV2UpdateSelfProfileKeyJob)
2026-02-03 20:05:25.447 10675-12190 CallManager             org.thoughtcrime.securesms           I  peekGroupCall():
2026-02-03 20:05:25.447 10675-12190 ringrtc                 org.thoughtcrime.securesms           I  http.rs:201: http:DelegatingClient:make_request()
2026-02-03 20:05:25.447 10675-12190 ringrtc                 org.thoughtcrime.securesms           I  android_platform.rs:1649: send_request(): request_id: 0
2026-02-03 20:05:25.447 10675-12190 CallManager             org.thoughtcrime.securesms           I  sendHttpRequest():
2026-02-03 20:05:25.447 10675-12190 SignalCallManager       org.thoughtcrime.securesms           I  onSendHttpRequest(): request_id: 0
2026-02-03 20:05:25.447 10675-12190 System.out              org.thoughtcrime.securesms           I  群组视频服务
2026-02-03 20:05:25.447 10675-12190 System.out              org.thoughtcrime.securesms           I  DeprecatedClientPreventionInterceptor - START
2026-02-03 20:05:25.447 10675-12190 System.out              org.thoughtcrime.securesms           I  Request URL: http://47.242.157.99:11101/v2/conference/participants
2026-02-03 20:05:25.447 10675-12190 System.out              org.thoughtcrime.securesms           I  isClientDeprecated:  false
2026-02-03 20:05:25.447 10675-12190 System.out              org.thoughtcrime.securesms           I  DeprecatedClientPreventionInterceptor - PROCEEDING
2026-02-03 20:05:25.448 10675-12190 TrafficStats            org.thoughtcrime.securesms           D  tagSocket(224) with statsTag=0xffffffff, statsUid=-1
2026-02-03 20:05:25.550 10675-11879 System.out              org.thoughtcrime.securesms           I  会话列表 组织架构
2026-02-03 20:05:25.670 10675-12190 System.out              org.thoughtcrime.securesms           I  DeprecatedClientPreventionInterceptor - Response: 404
2026-02-03 20:05:25.671 10675-12190 CallManager             org.thoughtcrime.securesms           I  receivedHttpResponse(): requestId: 0
2026-02-03 20:05:25.671 10675-12190 ringrtc                 org.thoughtcrime.securesms           I  call_manager.rs:727: API:CallManager:handle_received_http_response():
2026-02-03 20:05:25.671 10675-12189 ringrtc                 org.thoughtcrime.securesms           I  call_manager.rs:1822: handle_received_http_response(): request_id: 0
2026-02-03 20:05:25.672 10675-12189 ringrtc                 org.thoughtcrime.securesms           I  http.rs:165: http:DelegatingClient:received_response(): request_id: 0
2026-02-03 20:05:25.672 10675-12189 ringrtc                 org.thoughtcrime.securesms           I  http.rs:172:   status_code: 404
2026-02-03 20:05:25.672 10675-12189 ringrtc                 org.thoughtcrime.securesms           I  sfu.rs:464: Got group call peek result with device count = 0 (status code 404)
2026-02-03 20:05:25.672 10675-12189 ringrtc                 org.thoughtcrime.securesms           I  call_manager.rs:2733: handle_peek_response
2026-02-03 20:05:25.672 10675-12189 ringrtc                 org.thoughtcrime.securesms           I  android_platform.rs:2020: handle_peek_response():
2026-02-03 20:05:25.672 10675-12189 PeekInfo                org.thoughtcrime.securesms           I  fromNative(): joinedMembers.size = 0
2026-02-03 20:05:25.676 10675-11865 NotificationChannels    org.thoughtcrime.securesms           D  ensureCustomChannelConsistency()
2026-02-03 20:05:25.679 10675-11865 DefaultMessageNotifier  org.thoughtcrime.securesms           I  State is empty, cancelling all notifications
2026-02-03 20:05:25.679 10675-11865 NotificationCancellatio org.thoughtcrime.securesms           D  cancelLegacy() called with: notificationId = [1338]
2026-02-03 20:05:25.799 10675-11943 ConversationListDataSou org.thoughtcrime.securesms           D  [size(), UnarchivedConversationListDataSource, OFF] 2 ms
2026-02-03 20:05:25.806 10675-11944 ConversationListDataSou org.thoughtcrime.securesms           D  [load(0, 2), UnarchivedConversationListDataSource, OFF] cursor: 3.78, cache-recipients: 0.37, recipient-resolve: 0.02, total: 4.17
2026-02-03 20:05:32.065 10675-11876 IncomingMessageObserver org.thoughtcrime.securesms           I  Retrieved 1 envelopes!
2026-02-03 20:05:32.065 10675-11876 IncomingMessageObserver org.thoughtcrime.securesms           D  Beginning database transaction...
2026-02-03 20:05:32.066 10675-11876 System.out              org.thoughtcrime.securesms           I  --Message Decryptor 消息解密--
2026-02-03 20:05:32.066 10675-11876 System.out              org.thoughtcrime.securesms           I  decrypt UNIDENTIFIED_SENDER
2026-02-03 20:05:32.069 10675-11876 libsignal               org.thoughtcrime.securesms           I  rust/protocol/src/sealed_sender.rs:441: deserialized UnidentifiedSenderMessageContent from 742680e3-0557-4aa7-8cfc-18b08d816dae.1 with type Whisper
2026-02-03 20:05:32.073 10675-11876 libsignal               org.thoughtcrime.securesms           I  /home/leiqiu/rust-signal/rust/protocol/src/session_cipher.rs:664: 742680e3-0557-4aa7-8cfc-18b08d816dae.1 creating new chains.
2026-02-03 20:05:32.075 10675-11876 libsignal               org.thoughtcrime.securesms           I  rust/protocol/src/state/session.rs:290: Trimming excessive receiver_chain for session with base key 8f7e83701f812cf8433359d003b7860e285b9287847c5c68e57bf9f722134e960f73b46bcaf6ebe7f6dff6937b2d911a27488c9c4bdc8402a7f76ac6ad230546, chain count: 6
2026-02-03 20:05:32.075 10675-11876 libsignal               org.thoughtcrime.securesms           I  rust/protocol/src/session_cipher.rs:699: 单人会话 序号 get_or_create_message_key: 742680e3-0557-4aa7-8cfc-18b08d816dae.1 counter 0 current 0
2026-02-03 20:05:32.076 10675-11876 libsignal               org.thoughtcrime.securesms           I  /home/leiqiu/rust-signal/rust/protocol/src/session_cipher.rs:462: decrypted Whisper message from 742680e3-0557-4aa7-8cfc-18b08d816dae.1 with current session state (base key 6542d7bc56e35148fd7594a6d704a7610d81a3599cb8c4bf07d91d535eeda48841614bacc18209159141d5e597a9ae03ba14e50f2fbbc7567f7ef097bbf67577)
2026-02-03 20:05:32.077 10675-11876 System.out              org.thoughtcrime.securesms           I  cipher decrypt success plaintext data: [B@2532439
2026-02-03 20:05:32.077 10675-11876 System.out              org.thoughtcrime.securesms           I  cipher decrypt success plaintext data: [B@2532439
2026-02-03 20:05:32.077 10675-11876 MessageDecryptor        org.thoughtcrime.securesms           D  [1770120332260] <ACI:742680e3-0557-4aa7-8cfc-18b08d816dae>:1 | Successfully decrypted the envelope in 10.89 ms  (GUID null). Delivery latency: 6 ms, Urgent: false
2026-02-03 20:05:32.078 10675-11856 LocalMetrics            org.thoughtcrime.securesms           D  [message-latency-low-priority] total: 6 | latency: 6
2026-02-03 20:05:32.084 10675-11876 RecipientId             org.thoughtcrime.securesms           D  RecipientId cache miss for __signal_group__v2__!28687dc5b1223712a3e8ac3013aa0d65c57184712fa08febfaf9c0cc11de81fd
2026-02-03 20:05:32.085 10675-11876 MessageProcessorV2      org.thoughtcrime.securesms           I  [1770120332260] Beginning message processing. Sender: RecipientId::3 (742680e3-0557-4aa7-8cfc-18b08d816dae.1)
2026-02-03 20:05:32.099 10675-11876 MessageProcessorV2      org.thoughtcrime.securesms           I  [1770120332260] Group call update message.
2026-02-03 20:05:32.101 10675-11876 Job                     org.thoughtcrime.securesms           I  [JOB::ef22e887-e280-421b-b6b6-c88d4c0d3226][GroupCallPeekJob] onSubmit() (Time Since Submission: 1 ms, Lifespan: Immortal, Run Attempt: 1/1, Queue: __GroupCallPeekJob__4)
2026-02-03 20:05:32.102 10675-11876 System.out              org.thoughtcrime.securesms           I  storeSession 保存会话记录 record : org.signal.libsignal.protocol.state.SessionRecord@9d23bdf
2026-02-03 20:05:32.102 10675-11862 JobSchedulerScheduler   org.thoughtcrime.securesms           I  JobScheduler enqueue of  (0)
2026-02-03 20:05:32.102 10675-11902 JobRunner               org.thoughtcrime.securesms           I  [JOB::ef22e887-e280-421b-b6b6-c88d4c0d3226][GroupCallPeekJob][3] Running job. (Time Since Submission: 2 ms, Lifespan: Immortal, Run Attempt: 1/1, Queue: __GroupCallPeekJob__4)
2026-02-03 20:05:32.102 10675-11876 IncomingMessageObserver org.thoughtcrime.securesms           D  Ended database transaction.
2026-02-03 20:05:32.102 10675-11876 IncomingMessageObserver org.thoughtcrime.securesms           D  Running 0 follow-up operations...
2026-02-03 20:05:32.102 10675-11876 IncomingMessageObserver org.thoughtcrime.securesms           D  Decrypted 1 envelopes in 37 ms (~37.0 ms per message)
2026-02-03 20:05:32.103 10675-11876 IncomingMessageObserver org.thoughtcrime.securesms           D  [Needs Connection] Network: true, Foreground: true, Time Since Last Interaction: N/A, FCM: false, Stay open requests: [], Registered: true, Proxy: false, Force websocket: false
2026-02-03 20:05:32.103 10675-11876 IncomingMessageObserver org.thoughtcrime.securesms           D  Reading message...
2026-02-03 20:05:32.104 10675-11902 Job                     org.thoughtcrime.securesms           I  [JOB::01a25ed0-8588-46ea-8f08-35a91ecbd116][GroupCallPeekWorkerJob] onSubmit() (Time Since Submission: 1 ms, Lifespan: Immortal, Run Attempt: 1/1, Queue: __PUSH_PROCESS_JOB__RecipientId::4)
2026-02-03 20:05:32.104 10675-11902 JobRunner               org.thoughtcrime.securesms           I  [JOB::ef22e887-e280-421b-b6b6-c88d4c0d3226][GroupCallPeekJob][3] Job finished with result SUCCESS in 2 ms. (Time Since Submission: 4 ms, Lifespan: Immortal, Run Attempt: 1/1, Queue: __GroupCallPeekJob__4)
2026-02-03 20:05:32.104 10675-11900 JobRunner               org.thoughtcrime.securesms           I  [JOB::01a25ed0-8588-46ea-8f08-35a91ecbd116][GroupCallPeekWorkerJob][1] Running job. (Time Since Submission: 1 ms, Lifespan: Immortal, Run Attempt: 1/1, Queue: __PUSH_PROCESS_JOB__RecipientId::4)
2026-02-03 20:05:32.106 10675-11900 JobRunner               org.thoughtcrime.securesms           I  [JOB::01a25ed0-8588-46ea-8f08-35a91ecbd116][GroupCallPeekWorkerJob][1] Job finished with result SUCCESS in 2 ms. (Time Since Submission: 3 ms, Lifespan: Immortal, Run Attempt: 1/1, Queue: __PUSH_PROCESS_JOB__RecipientId::4)
2026-02-03 20:05:32.106 10675-10675 JobSchedulerScheduler   org.thoughtcrime.securesms           I  Waking due to job: 0
2026-02-03 20:05:32.112 10675-12190 System.out              org.thoughtcrime.securesms           I  --CALL LINK AUTH CREDENTIAL RESPONSE--
2026-02-03 20:05:32.211 10675-12190 System.out              org.thoughtcrime.securesms           I  make storage request url:http://47.242.157.99:11008/v2/groups/token
2026-02-03 20:05:32.212 10675-12190 System.out              org.thoughtcrime.securesms           I  -okhttpClient wait newCall-
2026-02-03 20:05:32.213 10675-12190 System.out              org.thoughtcrime.securesms           I  wait call execute
2026-02-03 20:05:32.213 10675-12190 System.out              org.thoughtcrime.securesms           I  DeprecatedClientPreventionInterceptor - START
2026-02-03 20:05:32.213 10675-12190 System.out              org.thoughtcrime.securesms           I  Request URL: http://47.242.157.99:11008/v2/groups/token
2026-02-03 20:05:32.213 10675-12190 System.out              org.thoughtcrime.securesms           I  isClientDeprecated:  false
2026-02-03 20:05:32.213 10675-12190 System.out              org.thoughtcrime.securesms           I  DeprecatedClientPreventionInterceptor - PROCEEDING
2026-02-03 20:05:32.304 10675-12190 System.out              org.thoughtcrime.securesms           I  DeprecatedClientPreventionInterceptor - Response: 200
2026-02-03 20:05:32.319 10675-12190 CallManager             org.thoughtcrime.securesms           I  peekGroupCall():
2026-02-03 20:05:32.319 10675-12190 ringrtc                 org.thoughtcrime.securesms           I  http.rs:201: http:DelegatingClient:make_request()
2026-02-03 20:05:32.319 10675-12190 ringrtc                 org.thoughtcrime.securesms           I  android_platform.rs:1649: send_request(): request_id: 1
2026-02-03 20:05:32.320 10675-12190 CallManager             org.thoughtcrime.securesms           I  sendHttpRequest():
2026-02-03 20:05:32.320 10675-12190 SignalCallManager       org.thoughtcrime.securesms           I  onSendHttpRequest(): request_id: 1
2026-02-03 20:05:32.320 10675-12190 System.out              org.thoughtcrime.securesms           I  群组视频服务
2026-02-03 20:05:32.320 10675-12190 System.out              org.thoughtcrime.securesms           I  DeprecatedClientPreventionInterceptor - START
