2026-02-03 20:05:34.402 10675-11899 ContentCatcher          org.thoughtcrime.securesms           I  SettingTrigger : register screen QA status observer org.thoughtcrime.securesms.WebRtcCallActivity
2026-02-03 20:05:34.402 10675-11899 ContentCatcher          org.thoughtcrime.securesms           I  SettingTrigger : register global collect status observer org.thoughtcrime.securesms.WebRtcCallActivity
2026-02-03 20:05:34.420 10675-10675 WebRtcAudioOutputToggle org.thoughtcrime.securesms           D  Switching button drawable to SPEAKER
2026-02-03 20:05:34.441  5185-6243  ActivityManagerWrapper  com.miui.home                        E  getRecentTasksForceIncludingTaskIdIfValid: getRecentTasks: size=8
                                                                                                     mainTaskId=288   userId=0   windowMode=1   baseIntent=Intent { act=CallIntent.android.intent.action.VIEW flag=276824064 cmp=ComponentInfo{org.thoughtcrime.securesms/org.thoughtcrime.securesms.WebRtcCallActivity} }
                                                                                                     mainTaskId=287   userId=0   windowMode=1   baseIntent=Intent { act=android.intent.action.MAIN flag=270532608 cmp=ComponentInfo{org.thoughtcrime.securesms/org.thoughtcrime.securesms.RoutingActivity} }
                                                                                                     mainTaskId=200   userId=0   windowMode=1   baseIntent=Intent { act=android.intent.action.MAIN flag=270532608 cmp=ComponentInfo{com.dragon.read/com.dragon.read.pages.splash.SplashActivity} }
                                                                                                     mainTaskId=273   userId=0   windowMode=1   baseIntent=Intent { act=android.intent.action.MAIN flag=270532608 cmp=ComponentInfo{com.jinse.app/com.example.flutter_client.MainActivity} }
                                                                                                     mainTaskId=269   userId=0   windowMode=1   baseIntent=Intent { act=android.intent.action.MAIN flag=270532608 cmp=ComponentInfo{com.ss.android.ugc.aweme/com.ss.android.ugc.aweme.splash.SplashActivity} }
                                                                                                     mainTaskId=41   userId=0   windowMode=1   baseIntent=Intent { act=android.intent.action.MAIN flag=271581184 cmp=ComponentInfo{com.tencent.mm/com.tencent.mm.ui.LauncherUI} }
                                                                                                     mainTaskId=211   userId=0   windowMode=1   baseIntent=Intent { act=android.intent.action.MAIN flag=270532608 cmp=ComponentInfo{com.tencent.qqmusic/com.tencent.qqmusic.activity.AppStarterActivity} }
                                                                                                     mainTaskId=143   userId=0   windowMode=1   baseIntent=Intent { act=com.tencent.QQBrowser.action.VIEW flag=268435456 cmp=ComponentInfo{com.tencent.mtt/com.tencent.mtt.MainActivity} }
2026-02-03 20:05:34.447  5185-6243  ActivityManagerWrapper  com.miui.home                        E  getRecentTasksForceIncludingTaskIdIfValid: getRecentTasks: size=8
                                                                                                     mainTaskId=288   userId=0   windowMode=1   baseIntent=Intent { act=CallIntent.android.intent.action.VIEW flag=276824064 cmp=ComponentInfo{org.thoughtcrime.securesms/org.thoughtcrime.securesms.WebRtcCallActivity} }
                                                                                                     mainTaskId=287   userId=0   windowMode=1   baseIntent=Intent { act=android.intent.action.MAIN flag=270532608 cmp=ComponentInfo{org.thoughtcrime.securesms/org.thoughtcrime.securesms.RoutingActivity} }
                                                                                                     mainTaskId=200   userId=0   windowMode=1   baseIntent=Intent { act=android.intent.action.MAIN flag=270532608 cmp=ComponentInfo{com.dragon.read/com.dragon.read.pages.splash.SplashActivity} }
                                                                                                     mainTaskId=273   userId=0   windowMode=1   baseIntent=Intent { act=android.intent.action.MAIN flag=270532608 cmp=ComponentInfo{com.jinse.app/com.example.flutter_client.MainActivity} }
                                                                                                     mainTaskId=269   userId=0   windowMode=1   baseIntent=Intent { act=android.intent.action.MAIN flag=270532608 cmp=ComponentInfo{com.ss.android.ugc.aweme/com.ss.android.ugc.aweme.splash.SplashActivity} }
                                                                                                     mainTaskId=41   userId=0   windowMode=1   baseIntent=Intent { act=android.intent.action.MAIN flag=271581184 cmp=ComponentInfo{com.tencent.mm/com.tencent.mm.ui.LauncherUI} }
                                                                                                     mainTaskId=211   userId=0   windowMode=1   baseIntent=Intent { act=android.intent.action.MAIN flag=270532608 cmp=ComponentInfo{com.tencent.qqmusic/com.tencent.qqmusic.activity.AppStarterActivity} }
                                                                                                     mainTaskId=143   userId=0   windowMode=1   baseIntent=Intent { act=com.tencent.QQBrowser.action.VIEW flag=268435456 cmp=ComponentInfo{com.tencent.mtt/com.tencent.mtt.MainActivity} }
2026-02-03 20:05:34.464 10675-12190 System.out              org.thoughtcrime.securesms           I  make storage request url:http://47.242.157.99:11008/v2/groups/token
2026-02-03 20:05:34.466 10675-12190 System.out              org.thoughtcrime.securesms           I  -okhttpClient wait newCall-
2026-02-03 20:05:34.466 10675-12190 System.out              org.thoughtcrime.securesms           I  wait call execute
2026-02-03 20:05:34.466 10675-12190 System.out              org.thoughtcrime.securesms           I  DeprecatedClientPreventionInterceptor - START
2026-02-03 20:05:34.466 10675-12190 System.out              org.thoughtcrime.securesms           I  Request URL: http://47.242.157.99:11008/v2/groups/token
2026-02-03 20:05:34.466 10675-12190 System.out              org.thoughtcrime.securesms           I  isClientDeprecated:  false
2026-02-03 20:05:34.466 10675-12190 System.out              org.thoughtcrime.securesms           I  DeprecatedClientPreventionInterceptor - PROCEEDING
2026-02-03 20:05:34.469 10675-12500 SignalCallManager       org.thoughtcrime.securesms           V  Processing action: onFullyInitialized, handler: GroupPreJoinActionProce
2026-02-03 20:05:34.475 10675-10675 ScrollerOp...ionManager org.thoughtcrime.securesms           D  registerConfigChangedListener
2026-02-03 20:05:34.483 10675-10675 VRI[WebRtcCallActivity] org.thoughtcrime.securesms           D  vri.reportNextDraw android.view.ViewRootImpl.performTraversals:4955 android.view.ViewRootImpl.doTraversal:3555 android.view.ViewRootImpl$TraversalRunnable.run:11583 android.view.Choreographer$CallbackRecord.run:1721 android.view.Choreographer$CallbackRecord.run:1730 
2026-02-03 20:05:34.483 10675-10675 VRI[WebRtcCallActivity] org.thoughtcrime.securesms           D  vri.Setup new sync=wmsSync-VRI[WebRtcCallActivity]#4
2026-02-03 20:05:34.486 10675-11896 HWUI                    org.thoughtcrime.securesms           D  makeCurrent grContext:0xb400006ee38efe30 reset mTextureAvailable
2026-02-03 20:05:34.496 10675-10675 VRI[WebRtcCallActivity] org.thoughtcrime.securesms           D  vri.reportDrawFinished
2026-02-03 20:05:34.497 10675-10675 JobManager              org.thoughtcrime.securesms           I  onConstraintMet(NotInCallConstraintObse)
2026-02-03 20:05:34.497 10675-10675 JobManager              org.thoughtcrime.securesms           I  onConstraintMet(NotInCallConstraintObse)
2026-02-03 20:05:34.497 10675-10675 JobManager              org.thoughtcrime.securesms           I  onConstraintMet(NotInCallConstraintObse)
2026-02-03 20:05:34.497 10675-10675 WebRtcCallActivity      org.thoughtcrime.securesms           I  Got message from service: <no change>
2026-02-03 20:05:34.501 10675-10675 JobManager              org.thoughtcrime.securesms           I  onConstraintMet(NotInCallConstraintObse)
2026-02-03 20:05:34.501 10675-10675 WebRtcCallActivity      org.thoughtcrime.securesms           I  Got message from service: WebRtcViewModel {
                                                                                                     localParticipant=CallParticipant(callParticipantId=CallParticipantId(demuxId=-1, recipientId=RecipientId::2), isForwardingVideo=true, isVideoEnabled=true, isMicrophoneEnabled=true, handRaisedTimestamp=-1, isMediaKeysReceived=true, isScreenSharing=false)
                                                                                                    }
2026-02-03 20:05:34.502 10675-10675 JobManager              org.thoughtcrime.securesms           I  onConstraintMet(NotInCallConstraintObse)
2026-02-03 20:05:34.502 10675-10675 WebRtcCallActivity      org.thoughtcrime.securesms           I  Got message from service: <no change>
2026-02-03 20:05:34.507 10675-10675 System.out              org.thoughtcrime.securesms           I  request set Avatar Image View ???? 3
2026-02-03 20:05:34.507 10675-10675 System.out              org.thoughtcrime.securesms           I  request set Avatar Image View ???? 4
2026-02-03 20:05:34.507 10675-10675 System.out              org.thoughtcrime.securesms           I  request set Avatar Image View ???? 3
2026-02-03 20:05:34.508 10675-10675 System.out              org.thoughtcrime.securesms           I  request set Avatar Image View ???? 4
2026-02-03 20:05:34.512 10675-10675 System.out              org.thoughtcrime.securesms           I  request set Avatar Image View ???? 1
2026-02-03 20:05:34.512 10675-10675 System.out              org.thoughtcrime.securesms           I  contactPhoto = org.thoughtcrime.securesms.contacts.avatars.ProfileContactPhoto@7be1
2026-02-03 20:05:34.512 10675-10675 System.out              org.thoughtcrime.securesms           I  request set Avatar Image View ???? 2
2026-02-03 20:05:34.512 10675-10675 System.out              org.thoughtcrime.securesms           I  set Avatar Image View ????
2026-02-03 20:05:34.512 10675-10675 System.out              org.thoughtcrime.securesms           I  request set Avatar Image View ???? 4
2026-02-03 20:05:34.512 10675-10675 RenderScri...Adaptation org.thoughtcrime.securesms           D  IRenderScriptDevice::getService()
2026-02-03 20:05:34.512 10675-10675 HidlServiceManagement   org.thoughtcrime.securesms           W  hwservicemanager is not supported on the device.
2026-02-03 20:05:34.512 10675-10675 HidlServiceManagement   org.thoughtcrime.securesms           I  Trying to get transport of android.hardware.renderscript@1.0::IDevice/default without hwservicemanager
2026-02-03 20:05:34.512 10675-10675 RenderScri...Adaptation org.thoughtcrime.securesms           D  IRenderScriptDevice::getService() returned 0x0
2026-02-03 20:05:34.512 10675-10675 RenderScri...Adaptation org.thoughtcrime.securesms           D  Using Fallback Path.
2026-02-03 20:05:34.514 10675-11987 System.out              org.thoughtcrime.securesms           I  >>> AvatarHelper.getAvatar() path: /data/user/0/org.thoughtcrime.securesms/app_avatars/2
2026-02-03 20:05:34.514 10675-11987 System.out              org.thoughtcrime.securesms           I  >>> Avatar file exists: false
2026-02-03 20:05:34.514 10675-11987 System.out              org.thoughtcrime.securesms           I  >>> Avatar file length: 0
2026-02-03 20:05:34.516 10675-11987 TrafficStats            org.thoughtcrime.securesms           D  tagSocket(268) with statsTag=0xffffffff, statsUid=-1
2026-02-03 20:05:34.522 10675-10675 crime.securesms         org.thoughtcrime.securesms           D  Successfully queried cache dir: /data/user_de/0/org.thoughtcrime.securesms/code_cache
2026-02-03 20:05:34.522 10675-10675 RenderScript            org.thoughtcrime.securesms           D  Setting cache dir: /data/user_de/0/org.thoughtcrime.securesms/code_cache
2026-02-03 20:05:34.527 10675-11996 System.out              org.thoughtcrime.securesms           I  >>> AvatarHelper.getAvatar() path: /data/user/0/org.thoughtcrime.securesms/app_avatars/2
2026-02-03 20:05:34.527 10675-11996 System.out              org.thoughtcrime.securesms           I  >>> Avatar file exists: false
2026-02-03 20:05:34.527 10675-11996 System.out              org.thoughtcrime.securesms           I  >>> Avatar file length: 0
2026-02-03 20:05:34.529 10675-11879 WebRtcCallActivity      org.thoughtcrime.securesms           D  On WindowLayoutInfo accepted: WindowLayoutInfo{ DisplayFeatures[] }
2026-02-03 20:05:34.544 10675-10675 System.out              org.thoughtcrime.securesms           I  request set Avatar Image View ???? 3
2026-02-03 20:05:34.544 10675-10675 System.out              org.thoughtcrime.securesms           I  request set Avatar Image View ???? 4
2026-02-03 20:05:34.556 10675-12190 System.out              org.thoughtcrime.securesms           I  DeprecatedClientPreventionInterceptor - Response: 200
2026-02-03 20:05:34.557 10675-12190 SignalCallManager       org.thoughtcrime.securesms           I  Got group membership token. Length: 165, Token: 2:81adde5ffde3f30591b20229d2848652c57d0978d58cec5409177700335764cd:28687dc5b1223712a3e8ac3013aa0d65c57184712fa08febfaf9c0cc11de81fd:1770120334:1:60a803fa733995e679e2
2026-02-03 20:05:34.557 10675-12190 SignalCallManager       org.thoughtcrime.securesms           W  DEBUG_CALL: Identity Key (ACI) (Hex): 056ce03d7173c46f95d7f010cc4284738fe6e8321f63121da7ba9a6abf0824a6c956e9ab4bd29c9e303babe41d6273bf138b727f673627130812bcefa368e602e5
2026-02-03 20:05:34.557 10675-12190 SignalCallManager       org.thoughtcrime.securesms           W  DEBUG_CALL: Identity Key (PNI) (Hex): 0522685f3aec73841a222f69920af2d89855f52a70b2620026eb8c3c5c3e74955c3bfc6fdfcadf4110f10dc7237996095fedec4553e0984de0076e6879ae66dd50
2026-02-03 20:05:34.557 10675-12190 SignalCallManager       org.thoughtcrime.securesms           W  DEBUG_CALL: SM3 digest not available: SM3 MessageDigest not available
2026-02-03 20:05:34.557 10675-12190 SignalCallManager       org.thoughtcrime.securesms           W  DEBUG_CALL: Calc SHA256(Key): 5e9154504b68585a243387a44bfa985206be0281a68ec28c6aee991c5c7ae39d
2026-02-03 20:05:34.557 10675-12500 SignalCallManager       org.thoughtcrime.securesms           V  Processing action: lambda$requestGroupMembershipToken$50, handler: GroupPreJoinActionProce
2026-02-03 20:05:34.557 10675-12500 GroupPreJoinActionProce org.thoughtcrime.securesms           I  handleGroupMembershipProofResponse():
2026-02-03 20:05:34.557 10675-12500 GroupCall               org.thoughtcrime.securesms           I  setMembershipProof():
2026-02-03 20:05:34.558 10675-12500 ringrtc                 org.thoughtcrime.securesms           I  call_manager.rs:3009: set_membership_proof(): id: 1
2026-02-03 20:05:34.558 10675-12536 ringrtc                 org.thoughtcrime.securesms           I  http.rs:201: http:DelegatingClient:make_request()
2026-02-03 20:05:34.558 10675-12536 ringrtc                 org.thoughtcrime.securesms           I  android_platform.rs:1649: send_request(): request_id: 2
2026-02-03 20:05:34.558 10675-12536 CallManager             org.thoughtcrime.securesms           I  sendHttpRequest():
2026-02-03 20:05:34.558 10675-12536 SignalCallManager       org.thoughtcrime.securesms           I  onSendHttpRequest(): request_id: 2
2026-02-03 20:05:34.558 10675-12190 System.out              org.thoughtcrime.securesms           I  群组视频服务
2026-02-03 20:05:34.559 10675-12190 System.out              org.thoughtcrime.securesms           I  DeprecatedClientPreventionInterceptor - START
2026-02-03 20:05:34.559 10675-12190 System.out              org.thoughtcrime.securesms           I  Request URL: http://47.242.157.99:11101/v2/conference/participants
2026-02-03 20:05:34.559 10675-12190 System.out              org.thoughtcrime.securesms           I  isClientDeprecated:  false
2026-02-03 20:05:34.559 10675-12190 System.out              org.thoughtcrime.securesms           I  DeprecatedClientPreventionInterceptor - PROCEEDING
2026-02-03 20:05:34.559 10675-10675 JobSchedulerScheduler   org.thoughtcrime.securesms           I  Waking due to job: 0
2026-02-03 20:05:34.560 10675-10675 WebRtcAudioOutputToggle org.thoughtcrime.securesms           D  Switching button drawable to SPEAKER
2026-02-03 20:05:34.560 10675-10675 HandWritingStubImpl     org.thoughtcrime.securesms           I  refreshLastKeyboardType: 1
2026-02-03 20:05:34.560 10675-10675 HandWritingStubImpl     org.thoughtcrime.securesms           I  getCurrentKeyboardType: 1
2026-02-03 20:05:34.563 10675-11881 Job                     org.thoughtcrime.securesms           I  [JOB::65f35663-e9cd-44fd-9128-c043c28b00aa][RetrieveProfileAvatarJob] onSubmit() (Time Since Submission: 1 ms, Lifespan: 3600000 ms, Run Attempt: 1/1, Queue: RetrieveProfileAvatarJob::RecipientId::2)
2026-02-03 20:05:34.564 10675-11881 JobSchedulerScheduler   org.thoughtcrime.securesms           I  JobScheduler enqueue of NETWORK (-1733499378)
2026-02-03 20:05:34.565 10675-12500 SignalCallManager       org.thoughtcrime.securesms           V  Processing action: setRingGroup, handler: GroupPreJoinActionProce
2026-02-03 20:05:34.565 10675-12500 GroupPreJoinActionProce org.thoughtcrime.securesms           I  handleSetRingGroup(): ring: true
2026-02-03 20:05:34.567 10675-11987 TrafficStats            org.thoughtcrime.securesms           D  tagSocket(268) with statsTag=0xffffffff, statsUid=-1
2026-02-03 20:05:34.567 10675-11904 JobRunner               org.thoughtcrime.securesms           I  [JOB::65f35663-e9cd-44fd-9128-c043c28b00aa][RetrieveProfileAvatarJob][4] Running job. (Time Since Submission: 5 ms, Lifespan: 3600000 ms, Run Attempt: 1/1, Queue: RetrieveProfileAvatarJob::RecipientId::2)
2026-02-03 20:05:34.569 10675-11904 JobRunner               org.thoughtcrime.securesms           I  [JOB::65f35663-e9cd-44fd-9128-c043c28b00aa][RetrieveProfileAvatarJob][4] Job finished with result SUCCESS in 1 ms. (Time Since Submission: 7 ms, Lifespan: 3600000 ms, Run Attempt: 1/1, Queue: RetrieveProfileAvatarJob::RecipientId::2)
2026-02-03 20:05:34.575 10675-10675 System.out              org.thoughtcrime.securesms           I  request set Avatar Image View ???? 3
2026-02-03 20:05:34.575 10675-10675 System.out              org.thoughtcrime.securesms           I  request set Avatar Image View ???? 4
2026-02-03 20:05:34.583 10675-10675 JobSchedulerScheduler   org.thoughtcrime.securesms           I  Waking due to job: -1733499378
2026-02-03 20:05:34.590 10675-11862 System.out              org.thoughtcrime.securesms           I  会话列表 组织架构
2026-02-03 20:05:34.625 10675-12190 System.out              org.thoughtcrime.securesms           I  DeprecatedClientPreventionInterceptor - Response: 200
2026-02-03 20:05:34.625 10675-12190 CallManager             org.thoughtcrime.securesms           I  receivedHttpResponse(): requestId: 2
2026-02-03 20:05:34.625 10675-12190 ringrtc                 org.thoughtcrime.securesms           I  call_manager.rs:727: API:CallManager:handle_received_http_response():
2026-02-03 20:05:34.625 10675-12189 ringrtc                 org.thoughtcrime.securesms           I  call_manager.rs:1822: handle_received_http_response(): request_id: 2
2026-02-03 20:05:34.625 10675-12189 ringrtc                 org.thoughtcrime.securesms           I  http.rs:165: http:DelegatingClient:received_response(): request_id: 2
2026-02-03 20:05:34.625 10675-12189 ringrtc                 org.thoughtcrime.securesms           I  http.rs:172:   status_code: 200
2026-02-03 20:05:34.625 10675-12189 ringrtc                 org.thoughtcrime.securesms           I  sfu.rs:449: Got group call peek result with device count = 1, pending count = 0
2026-02-03 20:05:34.625 10675-12536 ringrtc                 org.thoughtcrime.securesms           I  call_manager.rs:2600: handle_peek_changed():
2026-02-03 20:05:34.625 10675-12536 ringrtc                 org.thoughtcrime.securesms           I  android_platform.rs:1440: handle_peek_changed():
2026-02-03 20:05:34.626 10675-12536 PeekInfo                org.thoughtcrime.securesms           I  fromNative(): joinedMembers.size = 0
2026-02-03 20:05:34.626 10675-12536 GroupCall               org.thoughtcrime.securesms           I  handlePeekChanged():
2026-02-03 20:05:34.626 10675-12500 SignalCallManager       org.thoughtcrime.securesms           V  Processing action: onPeekChanged, handler: GroupPreJoinActionProce
2026-02-03 20:05:34.626 10675-12500 GroupPreJoinActionProce org.thoughtcrime.securesms           I  handleGroupJoinedMembershipChanged():
2026-02-03 20:05:34.626 10675-12500 GroupCall               org.thoughtcrime.securesms           I  getPeekInfo():
2026-02-03 20:05:34.631 10675-10675 JobManager              org.thoughtcrime.securesms           I  onConstraintMet(NotInCallConstraintObse)
2026-02-03 20:05:34.631 10675-10675 WebRtcCallActivity      org.thoughtcrime.securesms           I  Got message from service: WebRtcViewModel {
                                                                                                     remoteDevicesCount=OptionalLong[1]
                                                                                                     participantLimit=8
                                                                                                    }
2026-02-03 20:05:34.633 10675-12500 SignalCallManager       org.thoughtcrime.securesms           V  Processing action: setRingGroup, handler: GroupPreJoinActionProce
2026-02-03 20:05:34.634 10675-12500 GroupPreJoinActionProce org.thoughtcrime.securesms           I  handleSetRingGroup(): ring: false
2026-02-03 20:05:34.634 10675-12500 SignalCallManager       org.thoughtcrime.securesms           V  Processing action: setRingGroup, handler: GroupPreJoinActionProce
2026-02-03 20:05:34.634 10675-12500 GroupPreJoinActionProce org.thoughtcrime.securesms           I  handleSetRingGroup(): ring: false
2026-02-03 20:05:34.644 10675-10675 JobManager              org.thoughtcrime.securesms           I  onConstraintMet(NotInCallConstraintObse)
2026-02-03 20:05:34.644 10675-10675 WebRtcCallActivity      org.thoughtcrime.securesms           I  Got message from service: WebRtcViewModel {
                                                                                                     ringGroup=false
                                                                                                    }
2026-02-03 20:05:34.721 10675-12665 FrameEvents             org.thoughtcrime.securesms           E  addRelease: Did not find frame.
2026-02-03 20:05:34.729 10675-12664 FrameEvents             org.thoughtcrime.securesms           E  addRelease: Did not find frame.
2026-02-03 20:05:34.733 10675-12505 crime.securesms         org.thoughtcrime.securesms           I  EglImage dataspace changed, need recreate
2026-02-03 20:05:34.734 10675-12505 SurfaceTextureEglRender org.thoughtcrime.securesms           D  Reporting first rendered frame.
2026-02-03 20:05:34.734 10675-12505 SurfaceTextureEglRender org.thoughtcrime.securesms           D  Reporting frame resolution changed to 1280x720 with rotation 270
2026-02-03 20:05:34.734 10675-12505 SurfaceTextureEglRender org.thoughtcrime.securesms           D  Reporting first rendered frame.
2026-02-03 20:05:34.734 10675-12505 SurfaceTextureEglRender org.thoughtcrime.securesms           D  Reporting frame resolution changed to 1280x720 with rotation 270
2026-02-03 20:05:34.737 10675-12665 FrameEvents             org.thoughtcrime.securesms           E  addRelease: Did not find frame.
2026-02-03 20:05:34.745 10675-12665 FrameEvents             org.thoughtcrime.securesms           E  addRelease: Did not find frame.
2026-02-03 20:05:34.752 10675-12505 crime.securesms         org.thoughtcrime.securesms           I  EglImage dataspace changed, need recreate
2026-02-03 20:05:34.753 10675-12665 FrameEvents             org.thoughtcrime.securesms           E  addRelease: Did not find frame.
2026-02-03 20:05:34.762 10675-12665 FrameEvents             org.thoughtcrime.securesms           E  addRelease: Did not find frame.
2026-02-03 20:05:34.769 10675-12505 crime.securesms         org.thoughtcrime.securesms           I  EglImage dataspace changed, need recreate
2026-02-03 20:05:34.770 10675-12665 FrameEvents             org.thoughtcrime.securesms           E  addRelease: Did not find frame.
2026-02-03 20:05:34.779 10675-12664 FrameEvents             org.thoughtcrime.securesms           E  addRelease: Did not find frame.
2026-02-03 20:05:34.787 10675-12665 FrameEvents             org.thoughtcrime.securesms           E  addRelease: Did not find frame.
2026-02-03 20:05:34.795 10675-12665 FrameEvents             org.thoughtcrime.securesms           E  addRelease: Did not find frame.
2026-02-03 20:05:34.801 10675-12505 crime.securesms         org.thoughtcrime.securesms           I  EglImage dataspace changed, need recreate
2026-02-03 20:05:34.803 10675-12665 FrameEvents             org.thoughtcrime.securesms           E  addRelease: Did not find frame.
2026-02-03 20:05:34.812 10675-12665 FrameEvents             org.thoughtcrime.securesms           E  addRelease: Did not find frame.
2026-02-03 20:05:34.820 10675-12665 FrameEvents             org.thoughtcrime.securesms           E  addRelease: Did not find frame.
2026-02-03 20:05:34.828 10675-12665 FrameEvents             org.thoughtcrime.securesms           E  addRelease: Did not find frame.
2026-02-03 20:05:34.834 10675-12505 crime.securesms         org.thoughtcrime.securesms           I  EglImage dataspace changed, need recreate
2026-02-03 20:05:34.837 10675-12665 FrameEvents             org.thoughtcrime.securesms           E  addRelease: Did not find frame.
2026-02-03 20:05:34.845 10675-12665 FrameEvents             org.thoughtcrime.securesms           E  addRelease: Did not find frame.
2026-02-03 20:05:34.853 10675-12664 FrameEvents             org.thoughtcrime.securesms           E  addRelease: Did not find frame.
2026-02-03 20:05:34.861 10675-12664 FrameEvents             org.thoughtcrime.securesms           E  addRelease: Did not find frame.
2026-02-03 20:05:34.867 10675-12505 crime.securesms         org.thoughtcrime.securesms           I  EglImage dataspace changed, need recreate
2026-02-03 20:05:34.870 10675-12664 FrameEvents             org.thoughtcrime.securesms           E  addRelease: Did not find frame.
2026-02-03 20:05:34.878 10675-11893 FrameEvents             org.thoughtcrime.securesms           E  addRelease: Did not find frame.
2026-02-03 20:05:34.887 10675-12664 FrameEvents             org.thoughtcrime.securesms           E  addRelease: Did not find frame.
2026-02-03 20:05:34.895 10675-12664 FrameEvents             org.thoughtcrime.securesms           E  addRelease: Did not find frame.
2026-02-03 20:05:34.900 10675-12505 crime.securesms         org.thoughtcrime.securesms           I  EglImage dataspace changed, need recreate
2026-02-03 20:05:34.903 10675-12664 FrameEvents             org.thoughtcrime.securesms           E  addRelease: Did not find frame.
2026-02-03 20:05:34.911 10675-12664 FrameEvents             org.thoughtcrime.securesms           E  addRelease: Did not find frame.
2026-02-03 20:05:34.920 10675-12664 FrameEvents             org.thoughtcrime.securesms           E  addRelease: Did not find frame.
2026-02-03 20:05:34.928 10675-12664 FrameEvents             org.thoughtcrime.securesms           E  addRelease: Did not find frame.
2026-02-03 20:05:34.934 10675-12505 crime.securesms         org.thoughtcrime.securesms           I  EglImage dataspace changed, need recreate
2026-02-03 20:05:34.937 10675-12664 FrameEvents             org.thoughtcrime.securesms           E  addRelease: Did not find frame.
2026-02-03 20:05:34.945 10675-12664 FrameEvents             org.thoughtcrime.securesms           E  addRelease: Did not find frame.
2026-02-03 20:05:34.953 10675-12664 FrameEvents             org.thoughtcrime.securesms           E  addRelease: Did not find frame.
2026-02-03 20:05:34.961 10675-12664 FrameEvents             org.thoughtcrime.securesms           E  addRelease: Did not find frame.
2026-02-03 20:05:34.969 10675-12664 FrameEvents             org.thoughtcrime.securesms           E  addRelease: Did not find frame.
2026-02-03 20:05:34.978 10675-12664 FrameEvents             org.thoughtcrime.securesms           E  addRelease: Did not find frame.
2026-02-03 20:05:34.986 10675-12664 FrameEvents             org.thoughtcrime.securesms           E  addRelease: Did not find frame.
2026-02-03 20:05:34.994 10675-12664 FrameEvents             org.thoughtcrime.securesms           E  addRelease: Did not find frame.
2026-02-03 20:05:35.003 10675-12664 FrameEvents             org.thoughtcrime.securesms           E  addRelease: Did not find frame.
2026-02-03 20:05:35.011 10675-12664 FrameEvents             org.thoughtcrime.securesms           E  addRelease: Did not find frame.
2026-02-03 20:05:35.020 10675-11893 FrameEvents             org.thoughtcrime.securesms           E  addRelease: Did not find frame.
2026-02-03 20:05:35.028 10675-12221 FrameEvents             org.thoughtcrime.securesms           E  addRelease: Did not find frame.
2026-02-03 20:05:35.036 10675-12221 FrameEvents             org.thoughtcrime.securesms           E  addRelease: Did not find frame.
2026-02-03 20:05:35.044 10675-12221 FrameEvents             org.thoughtcrime.securesms           E  addRelease: Did not find frame.
2026-02-03 20:05:35.053 10675-11828 FrameEvents             org.thoughtcrime.securesms           E  addRelease: Did not find frame.
2026-02-03 20:05:35.061 10675-11828 FrameEvents             org.thoughtcrime.securesms           E  addRelease: Did not find frame.
2026-02-03 20:05:35.069 10675-11828 FrameEvents             org.thoughtcrime.securesms           E  addRelease: Did not find frame.
2026-02-03 20:05:35.078 10675-11828 FrameEvents             org.thoughtcrime.securesms           E  addRelease: Did not find frame.
2026-02-03 20:05:35.086 10675-11828 FrameEvents             org.thoughtcrime.securesms           E  addRelease: Did not find frame.
2026-02-03 20:05:35.094 10675-11828 FrameEvents             org.thoughtcrime.securesms           E  addRelease: Did not find frame.
2026-02-03 20:05:35.100 10675-12505 crime.securesms         org.thoughtcrime.securesms           I  EglImage dataspace changed, need recreate
2026-02-03 20:05:35.103 10675-11828 FrameEvents             org.thoughtcrime.securesms           E  addRelease: Did not find frame.
2026-02-03 20:05:35.111 10675-11828 FrameEvents             org.thoughtcrime.securesms           E  addRelease: Did not find frame.
2026-02-03 20:05:35.119 10675-11828 FrameEvents             org.thoughtcrime.securesms           E  addRelease: Did not find frame.
2026-02-03 20:05:35.127 10675-11828 FrameEvents             org.thoughtcrime.securesms           E  addRelease: Did not find frame.
2026-02-03 20:05:35.136 10675-11828 FrameEvents             org.thoughtcrime.securesms           E  addRelease: Did not find frame.
2026-02-03 20:05:35.155  3454-9311  WindowManager           system_server                        E  setClientVisible ActivityRecord{13bcb47 u0 org.thoughtcrime.securesms/.conversation.v2.ConversationActivity t287} false
2026-02-03 20:05:35.155 10675-10675 VRI[Conver...nActivity] org.thoughtcrime.securesms           D  visibilityChanged oldVisibility=true newVisibility=false
2026-02-03 20:05:35.166  5185-6243  ActivityManagerWrapper  com.miui.home                        E  getRecentTasksForceIncludingTaskIdIfValid: getRecentTasks: size=8
                                                                                                     mainTaskId=288   userId=0   windowMode=1   baseIntent=Intent { act=CallIntent.android.intent.action.VIEW flag=276824064 cmp=ComponentInfo{org.thoughtcrime.securesms/org.thoughtcrime.securesms.WebRtcCallActivity} }
                                                                                                     mainTaskId=287   userId=0   windowMode=1   baseIntent=Intent { act=android.intent.action.MAIN flag=270532608 cmp=ComponentInfo{org.thoughtcrime.securesms/org.thoughtcrime.securesms.RoutingActivity} }
                                                                                                     mainTaskId=200   userId=0   windowMode=1   baseIntent=Intent { act=android.intent.action.MAIN flag=270532608 cmp=ComponentInfo{com.dragon.read/com.dragon.read.pages.splash.SplashActivity} }
                                                                                                     mainTaskId=273   userId=0   windowMode=1   baseIntent=Intent { act=android.intent.action.MAIN flag=270532608 cmp=ComponentInfo{com.jinse.app/com.example.flutter_client.MainActivity} }
                                                                                                     mainTaskId=269   userId=0   windowMode=1   baseIntent=Intent { act=android.intent.action.MAIN flag=270532608 cmp=ComponentInfo{com.ss.android.ugc.aweme/com.ss.android.ugc.aweme.splash.SplashActivity} }
                                                                                                     mainTaskId=41   userId=0   windowMode=1   baseIntent=Intent { act=android.intent.action.MAIN flag=271581184 cmp=ComponentInfo{com.tencent.mm/com.tencent.mm.ui.LauncherUI} }
                                                                                                     mainTaskId=211   userId=0   windowMode=1   baseIntent=Intent { act=android.intent.action.MAIN flag=270532608 cmp=ComponentInfo{com.tencent.qqmusic/com.tencent.qqmusic.activity.AppStarterActivity} }
                                                                                                     mainTaskId=143   userId=0   windowMode=1   baseIntent=Intent { act=com.tencent.QQBrowser.action.VIEW flag=268435456 cmp=ComponentInfo{com.tencent.mtt/com.tencent.mtt.MainActivity} }
2026-02-03 20:05:35.167 10675-10675 BaseActivity            org.thoughtcrime.securesms           D  [ConversationActivity] onStop()
2026-02-03 20:05:35.169 10675-10675 LoggingFragment         org.thoughtcrime.securesms           D  [ConversationFragment] onStop()
2026-02-03 20:05:35.174 10675-10675 ExoPlayerImpl           org.thoughtcrime.securesms           I  Release e6b7e1f [AndroidXMedia3/1.3.1] [haotian, 2410DPN6CC, Xiaomi, 35] [media3.common, media3.exoplayer, media3.decoder, media3.session]
2026-02-03 20:05:35.301 10675-12505 crime.securesms         org.thoughtcrime.securesms           I  EglImage dataspace changed, need recreate
2026-02-03 20:05:35.833 10675-11805 crime.securesms         org.thoughtcrime.securesms           W  Cleared Reference was only reachable from finalizer (only reported once)
2026-02-03 20:05:35.838 10675-11805 crime.securesms         org.thoughtcrime.securesms           I  This is non sticky GC, maxfree is 16777216 minfree is 8388608
2026-02-03 20:05:35.838 10675-11805 crime.securesms         org.thoughtcrime.securesms           I  NativeAlloc concurrent copying GC freed 18MB AllocSpace bytes, 7(132KB) LOS objects, 62% free, 29MB/77MB, paused 8.352ms,21us total 89.639ms
