2026-02-03 20:05:32.320 10675-12190 System.out              org.thoughtcrime.securesms           I  Request URL: http://47.242.157.99:11101/v2/conference/participants
2026-02-03 20:05:32.320 10675-12190 System.out              org.thoughtcrime.securesms           I  isClientDeprecated:  false
2026-02-03 20:05:32.320 10675-12190 System.out              org.thoughtcrime.securesms           I  DeprecatedClientPreventionInterceptor - PROCEEDING
2026-02-03 20:05:32.380 10675-12190 System.out              org.thoughtcrime.securesms           I  DeprecatedClientPreventionInterceptor - Response: 200
2026-02-03 20:05:32.380 10675-12190 CallManager             org.thoughtcrime.securesms           I  receivedHttpResponse(): requestId: 1
2026-02-03 20:05:32.381 10675-12190 ringrtc                 org.thoughtcrime.securesms           I  call_manager.rs:727: API:CallManager:handle_received_http_response():
2026-02-03 20:05:32.381 10675-12189 ringrtc                 org.thoughtcrime.securesms           I  call_manager.rs:1822: handle_received_http_response(): request_id: 1
2026-02-03 20:05:32.381 10675-12189 ringrtc                 org.thoughtcrime.securesms           I  http.rs:165: http:DelegatingClient:received_response(): request_id: 1
2026-02-03 20:05:32.381 10675-12189 ringrtc                 org.thoughtcrime.securesms           I  http.rs:172:   status_code: 200
2026-02-03 20:05:32.381 10675-12189 ringrtc                 org.thoughtcrime.securesms           I  sfu.rs:449: Got group call peek result with device count = 1, pending count = 0
2026-02-03 20:05:32.381 10675-12189 ringrtc                 org.thoughtcrime.securesms           I  call_manager.rs:2733: handle_peek_response
2026-02-03 20:05:32.381 10675-12189 ringrtc                 org.thoughtcrime.securesms           I  android_platform.rs:2020: handle_peek_response():
2026-02-03 20:05:32.381 10675-12189 PeekInfo                org.thoughtcrime.securesms           I  fromNative(): joinedMembers.size = 0
2026-02-03 20:05:32.437 10675-12189 CallTable               org.thoughtcrime.securesms           D  Inserted new call event from group call update message. Call Id: -8081579679013988533
2026-02-03 20:05:32.439 10675-12188 ConversationDataSource  org.thoughtcrime.securesms           D  [size(), thread 2] 1 ms
2026-02-03 20:05:32.440 10675-10675 System.out              org.thoughtcrime.securesms           I  文字：威应
2026-02-03 20:05:32.440 10675-11943 ConversationListDataSou org.thoughtcrime.securesms           D  [size(), UnarchivedConversationListDataSource, OFF] 0 ms
2026-02-03 20:05:32.440 10675-11865 NotificationChannels    org.thoughtcrime.securesms           D  ensureCustomChannelConsistency()
2026-02-03 20:05:32.441 10675-10675 ConversationFragment    org.thoughtcrime.securesms           D  Update scroll state ConversationScrollButtonState(hideScrollButtonsForReactionOverlay=false, showScrollButtonsForScrollPosition=false, willScrollToBottomOnNewMessage=true, unreadCount=1, hasMentions=false)
2026-02-03 20:05:32.447 10675-11865 DefaultMessageNotifier  org.thoughtcrime.securesms           I  threads: 1 messages: 1
2026-02-03 20:05:32.447 10675-11944 ConversationDataSource  org.thoughtcrime.securesms           D  [load(0, 7), thread 2] messages: 2.07, extra-data: 2.09, models: 0.09, conversion: 1.45, header: 1.74, total: 7.45 || mentions: 0.53, is-quoted: 1.57, reactions: 0.27, attachments: 0.87, payments: 0.03, calls: 0.95 >> cpuTime: 4.67, wallTime: 1.75
2026-02-03 20:05:32.451 10675-11944 ConversationListDataSou org.thoughtcrime.securesms           D  [load(0, 2), UnarchivedConversationListDataSource, OFF] cursor: 3.40, cache-recipients: 0.21, recipient-resolve: 0.01, total: 3.62
2026-02-03 20:05:32.489 10675-10675 System.out              org.thoughtcrime.securesms           I  request set Avatar Image View ???? 4
2026-02-03 20:05:32.494 10675-10675 System.out              org.thoughtcrime.securesms           I  request set Avatar Image View ???? 4
2026-02-03 20:05:32.496 10675-10675 ConversationItemAnimato org.thoughtcrime.securesms           D  Dispatched slide animation for view at 6
2026-02-03 20:05:32.496 10675-10675 ConversationItemAnimato org.thoughtcrime.securesms           D  Dispatched slide animation for view at 5
2026-02-03 20:05:32.496 10675-10675 ConversationItemAnimato org.thoughtcrime.securesms           D  Dispatched slide animation for view at 4
2026-02-03 20:05:32.496 10675-10675 ConversationItemAnimato org.thoughtcrime.securesms           D  Dispatched slide animation for view at 3
2026-02-03 20:05:32.496 10675-10675 ConversationItemAnimato org.thoughtcrime.securesms           D  Dispatched slide animation for view at 2
2026-02-03 20:05:32.496 10675-10675 ConversationItemAnimato org.thoughtcrime.securesms           D  Dispatched slide animation for view at 1
2026-02-03 20:05:32.496 10675-10675 ConversationItemAnimato org.thoughtcrime.securesms           D  Dispatched slide animation for view at 0
2026-02-03 20:05:32.500 10675-10675 System.out              org.thoughtcrime.securesms           I  request set Avatar Image View ???? 4
2026-02-03 20:05:32.500 10675-10675 ConversationItemAnimato org.thoughtcrime.securesms           D  Starting 7 animations.
2026-02-03 20:05:32.571 10675-11880 MarkReadHelper          org.thoughtcrime.securesms           D  Marking 1 messages as read.
2026-02-03 20:05:32.571 10675-11865 NotificationChannels    org.thoughtcrime.securesms           D  ensureCustomChannelConsistency()
2026-02-03 20:05:32.573 10675-10675 ConversationFragment    org.thoughtcrime.securesms           D  Update scroll state ConversationScrollButtonState(hideScrollButtonsForReactionOverlay=false, showScrollButtonsForScrollPosition=false, willScrollToBottomOnNewMessage=true, unreadCount=0, hasMentions=false)
2026-02-03 20:05:32.575 10675-10675 System.out              org.thoughtcrime.securesms           I  文字：威应
2026-02-03 20:05:32.575 10675-11865 DefaultMessageNotifier  org.thoughtcrime.securesms           I  State is empty, cancelling all notifications
2026-02-03 20:05:32.575 10675-11865 NotificationCancellatio org.thoughtcrime.securesms           D  cancelLegacy() called with: notificationId = [1338]
2026-02-03 20:05:32.575 10675-11880 Job                     org.thoughtcrime.securesms           I  [JOB::ebeec263-9514-4fab-87f6-26ba0f4bd806][MultiDeviceReadUpdateJob] onSubmit() (Time Since Submission: 4 ms, Lifespan: 86400000 ms, Run Attempt: 1/Unlimited, Queue: null)
2026-02-03 20:05:32.578 10675-11862 JobSchedulerScheduler   org.thoughtcrime.securesms           I  JobScheduler enqueue of NETWORK (-1733499378)
2026-02-03 20:05:32.580 10675-11901 JobRunner               org.thoughtcrime.securesms           I  [JOB::ebeec263-9514-4fab-87f6-26ba0f4bd806][MultiDeviceReadUpdateJob][2] Running job. (Time Since Submission: 9 ms, Lifespan: 86400000 ms, Run Attempt: 1/Unlimited, Queue: null)
2026-02-03 20:05:32.582 10675-11880 Job                     org.thoughtcrime.securesms           I  [JOB::b78c1f00-e64d-4483-9cf1-63a4ea3e4a0c][SendReadReceiptJob] onSubmit() (Time Since Submission: 6 ms, Lifespan: 86400000 ms, Run Attempt: 1/Unlimited, Queue: RecipientId::3)
2026-02-03 20:05:32.582 10675-10675 JobSchedulerScheduler   org.thoughtcrime.securesms           I  Waking due to job: -1733499378
2026-02-03 20:05:32.582 10675-11901 System.out              org.thoughtcrime.securesms           I  Send msg
2026-02-03 20:05:32.582 10675-11901 System.out              org.thoughtcrime.securesms           I  get Encrypted msg
2026-02-03 20:05:32.583 10675-11901 System.out              org.thoughtcrime.securesms           I  get Encrypted msg content:Optional[Content{syncMessage=SyncMessage{read=[Read{senderAci=742680e3-0557-4aa7-8cfc-18b08d816dae, timestamp=1770120332400}], padding=[size=326 hex=4ed4957d7351e4f40571b89f8bf4e4fe3988d0c775f9693471458c062c407092c415a854728254ea9f59a3addc456238ca858439a4d03a7d29ccb8951845955f…]}}]
2026-02-03 20:05:32.584 10675-11904 JobRunner               org.thoughtcrime.securesms           I  [JOB::b78c1f00-e64d-4483-9cf1-63a4ea3e4a0c][SendReadReceiptJob][4] Running job. (Time Since Submission: 4 ms, Lifespan: 86400000 ms, Run Attempt: 1/Unlimited, Queue: RecipientId::3)
2026-02-03 20:05:32.585 10675-11904 SealedSenderAccessUtil  org.thoughtcrime.securesms           I  Unidentified: 1, Other: 0
2026-02-03 20:05:32.585 10675-11904 SignalServ...sageSender org.thoughtcrime.securesms           D  [1770120332576] Sending a receipt.
2026-02-03 20:05:32.585 10675-11904 System.out              org.thoughtcrime.securesms           I  Send msg
2026-02-03 20:05:32.585 10675-11904 System.out              org.thoughtcrime.securesms           I  get Encrypted msg
2026-02-03 20:05:32.585 10675-11904 System.out              org.thoughtcrime.securesms           I  get Encrypted msg content:Optional[Content{receiptMessage=ReceiptMessage{type=READ, timestamp=[1770120332400]}}]
2026-02-03 20:05:32.586 10675-11880 Job                     org.thoughtcrime.securesms           I  [JOB::f00009d7-d064-40cd-9969-f8271438341e][CallLogEventSendJob] onSubmit() (Time Since Submission: 1 ms, Lifespan: 86400000 ms, Run Attempt: 1/Unlimited, Queue: CallLogEventSendJob)
2026-02-03 20:05:32.587 10675-11902 JobRunner               org.thoughtcrime.securesms           I  [JOB::f00009d7-d064-40cd-9969-f8271438341e][CallLogEventSendJob][3] Running job. (Time Since Submission: 2 ms, Lifespan: 86400000 ms, Run Attempt: 1/Unlimited, Queue: CallLogEventSendJob)
2026-02-03 20:05:32.587 10675-11904 System.out              org.thoughtcrime.securesms           I  消息加密
2026-02-03 20:05:32.588 10675-11902 System.out              org.thoughtcrime.securesms           I  Send msg
2026-02-03 20:05:32.588 10675-11904 System.out              org.thoughtcrime.securesms           I  loadSession 获取对应address 的 会话记录 :742680e3-0557-4aa7-8cfc-18b08d816dae
2026-02-03 20:05:32.588 10675-11902 System.out              org.thoughtcrime.securesms           I  get Encrypted msg
2026-02-03 20:05:32.588 10675-11902 System.out              org.thoughtcrime.securesms           I  get Encrypted msg content:Optional[Content{syncMessage=SyncMessage{padding=[size=432 hex=0cb4c388e87d9767f0cbbccd4bb03da80b53b5949c3c6dd24993eb67086365b912bbaaff2544d6667cb0e069b82e425a7c7104a881b7aefbac849d9124cf03be…], callLogEvent=CallLogEvent{type=MARKED_AS_READ_IN_CONVERSATION, timestamp=1770120332400, conversationId=[hex=28687dc5b1223712a3e8ac3013aa0d65c57184712fa08febfaf9c0cc11de81fd], callId=-8081579679013988533}}}]
2026-02-03 20:05:32.589 10675-11904 System.out              org.thoughtcrime.securesms           I  storeSession 保存会话记录 record : org.signal.libsignal.protocol.state.SessionRecord@318e8a5
2026-02-03 20:05:32.593 10675-11904 System.out              org.thoughtcrime.securesms           I  loadSession 获取对应address 的 会话记录 :742680e3-0557-4aa7-8cfc-18b08d816dae
2026-02-03 20:05:32.658 10675-11901 JobRunner               org.thoughtcrime.securesms           I  [JOB::ebeec263-9514-4fab-87f6-26ba0f4bd806][MultiDeviceReadUpdateJob][2] Job finished with result SUCCESS in 78 ms. (Time Since Submission: 87 ms, Lifespan: 86400000 ms, Run Attempt: 1/Unlimited, Queue: null)
2026-02-03 20:05:32.659 10675-10675 ConversationItemAnimato org.thoughtcrime.securesms           D  Finished running animations.
2026-02-03 20:05:32.696 10675-11904 JobRunner               org.thoughtcrime.securesms           I  [JOB::b78c1f00-e64d-4483-9cf1-63a4ea3e4a0c][SendReadReceiptJob][4] Job finished with result SUCCESS in 112 ms. (Time Since Submission: 116 ms, Lifespan: 86400000 ms, Run Attempt: 1/Unlimited, Queue: RecipientId::3)
2026-02-03 20:05:32.701 10675-11902 JobRunner               org.thoughtcrime.securesms           I  [JOB::f00009d7-d064-40cd-9969-f8271438341e][CallLogEventSendJob][3] Job finished with result SUCCESS in 114 ms. (Time Since Submission: 116 ms, Lifespan: 86400000 ms, Run Attempt: 1/Unlimited, Queue: CallLogEventSendJob)
2026-02-03 20:05:32.836 10675-11862 System.out              org.thoughtcrime.securesms           I  会话列表 组织架构
2026-02-03 20:05:32.945 10675-11943 ConversationListDataSou org.thoughtcrime.securesms           D  [size(), UnarchivedConversationListDataSource, OFF] 3 ms
2026-02-03 20:05:32.953 10675-11944 ConversationListDataSou org.thoughtcrime.securesms           D  [load(0, 2), UnarchivedConversationListDataSource, OFF] cursor: 6.49, cache-recipients: 0.61, recipient-resolve: 0.04, total: 7.14
2026-02-03 20:05:34.169 10675-10675 MIUIInput               org.thoughtcrime.securesms           I  [MotionEvent] ViewRootImpl windowName 'org.thoughtcrime.securesms/org.thoughtcrime.securesms.conversation.v2.ConversationActivity', { action=ACTION_DOWN, id[0]=0, pointerCount=1, eventTime=149652514, downTime=149652514, phoneEventTime=20:05:34.164 } moveCount:0
2026-02-03 20:05:34.271 10675-10675 MIUIInput               org.thoughtcrime.securesms           I  [MotionEvent] ViewRootImpl windowName 'org.thoughtcrime.securesms/org.thoughtcrime.securesms.conversation.v2.ConversationActivity', { action=ACTION_UP, id[0]=0, pointerCount=1, eventTime=149652618, downTime=149652514, phoneEventTime=20:05:34.268 } moveCount:0
2026-02-03 20:05:34.282 10675-12500 CallManager             org.thoughtcrime.securesms           I  setSelfUuid():
2026-02-03 20:05:34.283 10675-12500 ringrtc                 org.thoughtcrime.securesms           I  call_manager.rs:509: set_self_uuid():
2026-02-03 20:05:34.283 10675-12500 SignalCallManager       org.thoughtcrime.securesms           V  Processing action: isCallActive, handler: IdleActionProcessor
2026-02-03 20:05:34.291 10675-12500 SignalCallManager       org.thoughtcrime.securesms           V  Processing action: startPreJoinCall, handler: IdleActionProcessor
2026-02-03 20:05:34.291 10675-12500 IdleActionProcessor     org.thoughtcrime.securesms           I  handlePreJoinCall():
2026-02-03 20:05:34.294  3454-11823 WindowManager           system_server                        E  setClientVisible ActivityRecord{7ab007e u0 org.thoughtcrime.securesms/.WebRtcCallActivity true
2026-02-03 20:05:34.310  5185-6243  ActivityManagerWrapper  com.miui.home                        E  getRecentTasksForceIncludingTaskIdIfValid: getRecentTasks: size=8
                                                                                                     mainTaskId=288   userId=0   windowMode=1   baseIntent=Intent { act=CallIntent.android.intent.action.VIEW flag=276824064 cmp=ComponentInfo{org.thoughtcrime.securesms/org.thoughtcrime.securesms.WebRtcCallActivity} }
                                                                                                     mainTaskId=287   userId=0   windowMode=1   baseIntent=Intent { act=android.intent.action.MAIN flag=270532608 cmp=ComponentInfo{org.thoughtcrime.securesms/org.thoughtcrime.securesms.RoutingActivity} }
                                                                                                     mainTaskId=200   userId=0   windowMode=1   baseIntent=Intent { act=android.intent.action.MAIN flag=270532608 cmp=ComponentInfo{com.dragon.read/com.dragon.read.pages.splash.SplashActivity} }
                                                                                                     mainTaskId=273   userId=0   windowMode=1   baseIntent=Intent { act=android.intent.action.MAIN flag=270532608 cmp=ComponentInfo{com.jinse.app/com.example.flutter_client.MainActivity} }
                                                                                                     mainTaskId=269   userId=0   windowMode=1   baseIntent=Intent { act=android.intent.action.MAIN flag=270532608 cmp=ComponentInfo{com.ss.android.ugc.aweme/com.ss.android.ugc.aweme.splash.SplashActivity} }
                                                                                                     mainTaskId=41   userId=0   windowMode=1   baseIntent=Intent { act=android.intent.action.MAIN flag=271581184 cmp=ComponentInfo{com.tencent.mm/com.tencent.mm.ui.LauncherUI} }
                                                                                                     mainTaskId=211   userId=0   windowMode=1   baseIntent=Intent { act=android.intent.action.MAIN flag=270532608 cmp=ComponentInfo{com.tencent.qqmusic/com.tencent.qqmusic.activity.AppStarterActivity} }
                                                                                                     mainTaskId=143   userId=0   windowMode=1   baseIntent=Intent { act=com.tencent.QQBrowser.action.VIEW flag=268435456 cmp=ComponentInfo{com.tencent.mtt/com.tencent.mtt.MainActivity} }
2026-02-03 20:05:34.316 10675-10675 libc                    org.thoughtcrime.securesms           W  Access denied finding property "vendor.migl.debug"
2026-02-03 20:05:34.316 10675-10675 libMiGL                 org.thoughtcrime.securesms           D  SuperResolution SR initSR mBaseSRWidthSize: 0, mBaseSRHeightSize: 0, mTargetSRWidthSize: 0, mTargetSRHeightSize: 0
2026-02-03 20:05:34.316 10675-10675 libMiGL                 org.thoughtcrime.securesms           I  EnableDR: 0
2026-02-03 20:05:34.316 10675-10675 libMiGL                 org.thoughtcrime.securesms           D  mDFIInterval: -1
2026-02-03 20:05:34.319 10675-10675 AdrenoGLES-0            org.thoughtcrime.securesms           I  QUALCOMM build                   : 40e1860a19, I92acee8328
                                                                                                    Build Date                       : 06/19/25
                                                                                                    OpenGL ES Shader Compiler Version: E031.47.18.36
                                                                                                    Local Branch                     : 
                                                                                                    Remote Branch                    : refs/tags/AU_LINUX_ANDROID_LA.VENDOR.15.4.0.11.00.00.1088.677
                                                                                                    Remote Branch                    : NONE
                                                                                                    Reconstruct Branch               : NOTHING
2026-02-03 20:05:34.319 10675-10675 AdrenoGLES-0            org.thoughtcrime.securesms           I  Build Config                     : S P 18.0.0 AArch64
2026-02-03 20:05:34.319 10675-10675 AdrenoGLES-0            org.thoughtcrime.securesms           I  Driver Path                      : /vendor/lib64/egl/libGLESv2_adreno.so
2026-02-03 20:05:34.319 10675-10675 AdrenoGLES-0            org.thoughtcrime.securesms           I  Driver Version                   : 0800.46
2026-02-03 20:05:34.319 10675-10675 AdrenoGLES-0            org.thoughtcrime.securesms           I  Process Name                     : org.thoughtcrime.securesms
2026-02-03 20:05:34.321 10675-10675 AdrenoGLES-0            org.thoughtcrime.securesms           I  PFP: 0x01500077, ME: 0x01500014
2026-02-03 20:05:34.323 10675-10675 EglBaseWrapper          org.thoughtcrime.securesms           D  Acquire EGL org.thoughtcrime.securesms.components.webrtc.EglBaseWrapper@a42e2fc with holder: -2
2026-02-03 20:05:34.323 10675-10675 CameraManagerGlobal     org.thoughtcrime.securesms           I  Connecting to camera service
2026-02-03 20:05:34.325 10675-10675 CameraInjector          org.thoughtcrime.securesms           D  updateCloudCameraControllerInfoAsync: has aleardy start update task.
2026-02-03 20:05:34.325 10675-10675 CameraInjector          org.thoughtcrime.securesms           D  waitForResult: 
2026-02-03 20:05:34.325 10675-10675 libc                    org.thoughtcrime.securesms           W  Access denied finding property "vendor.camera.aux.packagelist"
2026-02-03 20:05:34.325 10675-10675 libc                    org.thoughtcrime.securesms           W  Access denied finding property "vendor.camera.aux.packagelistext"
2026-02-03 20:05:34.325 10675-10675 CameraExtImplXiaoMi     org.thoughtcrime.securesms           W  ignore the status update of camera: 2
2026-02-03 20:05:34.325 10675-10675 CameraInjector          org.thoughtcrime.securesms           D  updateCloudCameraControllerInfoAsync: has aleardy start update task.
2026-02-03 20:05:34.325 10675-10675 CameraInjector          org.thoughtcrime.securesms           D  waitForResult: 
2026-02-03 20:05:34.326 10675-10675 libc                    org.thoughtcrime.securesms           W  Access denied finding property "vendor.camera.aux.packagelist"
2026-02-03 20:05:34.326 10675-10675 libc                    org.thoughtcrime.securesms           W  Access denied finding property "vendor.camera.aux.packagelistext"
2026-02-03 20:05:34.326 10675-10675 CameraExtImplXiaoMi     org.thoughtcrime.securesms           W  ignore the status update of camera: 3
2026-02-03 20:05:34.326 10675-10675 CameraInjector          org.thoughtcrime.securesms           D  updateCloudCameraControllerInfoAsync: has aleardy start update task.
2026-02-03 20:05:34.326 10675-10675 CameraInjector          org.thoughtcrime.securesms           D  waitForResult: 
2026-02-03 20:05:34.326 10675-10675 libc                    org.thoughtcrime.securesms           W  Access denied finding property "vendor.camera.aux.packagelist"
2026-02-03 20:05:34.326 10675-10675 libc                    org.thoughtcrime.securesms           W  Access denied finding property "vendor.camera.aux.packagelistext"
2026-02-03 20:05:34.326 10675-10675 CameraExtImplXiaoMi     org.thoughtcrime.securesms           W  ignore the status update of camera: 4
2026-02-03 20:05:34.326 10675-10675 CameraInjector          org.thoughtcrime.securesms           D  updateCloudCameraControllerInfoAsync: has aleardy start update task.
2026-02-03 20:05:34.326 10675-10675 CameraInjector          org.thoughtcrime.securesms           D  waitForResult: 
2026-02-03 20:05:34.326 10675-10675 libc                    org.thoughtcrime.securesms           W  Access denied finding property "vendor.camera.aux.packagelist"
2026-02-03 20:05:34.326 10675-10675 libc                    org.thoughtcrime.securesms           W  Access denied finding property "vendor.camera.aux.packagelistext"
2026-02-03 20:05:34.326 10675-10675 CameraExtImplXiaoMi     org.thoughtcrime.securesms           W  ignore the status update of camera: 5
2026-02-03 20:05:34.326 10675-10675 CameraInjector          org.thoughtcrime.securesms           D  updateCloudCameraControllerInfoAsync: has aleardy start update task.
2026-02-03 20:05:34.326 10675-10675 CameraInjector          org.thoughtcrime.securesms           D  waitForResult: 
2026-02-03 20:05:34.326 10675-10675 libc                    org.thoughtcrime.securesms           W  Access denied finding property "vendor.camera.aux.packagelist"
2026-02-03 20:05:34.326 10675-10675 libc                    org.thoughtcrime.securesms           W  Access denied finding property "vendor.camera.aux.packagelistext"
2026-02-03 20:05:34.326 10675-10675 CameraExtImplXiaoMi     org.thoughtcrime.securesms           W  ignore the status update of camera: 6
2026-02-03 20:05:34.326 10675-10675 CameraInjector          org.thoughtcrime.securesms           D  updateCloudCameraControllerInfoAsync: has aleardy start update task.
2026-02-03 20:05:34.326 10675-10675 CameraInjector          org.thoughtcrime.securesms           D  waitForResult: 
2026-02-03 20:05:34.326 10675-10675 libc                    org.thoughtcrime.securesms           W  Access denied finding property "vendor.camera.aux.packagelist"
2026-02-03 20:05:34.326 10675-10675 libc                    org.thoughtcrime.securesms           W  Access denied finding property "vendor.camera.aux.packagelistext"
2026-02-03 20:05:34.326 10675-12006 CameraInjector          org.thoughtcrime.securesms           D  updateCloudCameraControllerInfoAsync: has aleardy start update task.
2026-02-03 20:05:34.326 10675-12006 CameraInjector          org.thoughtcrime.securesms           D  waitForResult: 
2026-02-03 20:05:34.326 10675-12006 libc                    org.thoughtcrime.securesms           W  Access denied finding property "vendor.camera.aux.packagelist"
2026-02-03 20:05:34.326 10675-12006 libc                    org.thoughtcrime.securesms           W  Access denied finding property "vendor.camera.aux.packagelistext"
2026-02-03 20:05:34.326 10675-12006 CameraManagerGlobal     org.thoughtcrime.securesms           W  ignore the torch status update of camera: 2
2026-02-03 20:05:34.326 10675-12221 CameraInjector          org.thoughtcrime.securesms           D  updateCloudCameraControllerInfoAsync: has aleardy start update task.
2026-02-03 20:05:34.326 10675-12221 CameraInjector          org.thoughtcrime.securesms           D  waitForResult: 
2026-02-03 20:05:34.326 10675-12221 libc                    org.thoughtcrime.securesms           W  Access denied finding property "vendor.camera.aux.packagelist"
2026-02-03 20:05:34.326 10675-12221 libc                    org.thoughtcrime.securesms           W  Access denied finding property "vendor.camera.aux.packagelistext"
2026-02-03 20:05:34.326 10675-12221 CameraManagerGlobal     org.thoughtcrime.securesms           W  ignore the torch status update of camera: 3
2026-02-03 20:05:34.326 10675-12221 CameraInjector          org.thoughtcrime.securesms           D  updateCloudCameraControllerInfoAsync: has aleardy start update task.
2026-02-03 20:05:34.326 10675-12221 CameraInjector          org.thoughtcrime.securesms           D  waitForResult: 
2026-02-03 20:05:34.326 10675-12221 libc                    org.thoughtcrime.securesms           W  Access denied finding property "vendor.camera.aux.packagelist"
2026-02-03 20:05:34.326 10675-12221 libc                    org.thoughtcrime.securesms           W  Access denied finding property "vendor.camera.aux.packagelistext"
2026-02-03 20:05:34.326 10675-12221 CameraManagerGlobal     org.thoughtcrime.securesms           W  ignore the torch status update of camera: 4
2026-02-03 20:05:34.326 10675-12221 CameraInjector          org.thoughtcrime.securesms           D  updateCloudCameraControllerInfoAsync: has aleardy start update task.
2026-02-03 20:05:34.326 10675-12221 CameraInjector          org.thoughtcrime.securesms           D  waitForResult: 
2026-02-03 20:05:34.326 10675-12221 libc                    org.thoughtcrime.securesms           W  Access denied finding property "vendor.camera.aux.packagelist"
2026-02-03 20:05:34.326 10675-12221 libc                    org.thoughtcrime.securesms           W  Access denied finding property "vendor.camera.aux.packagelistext"
2026-02-03 20:05:34.326 10675-12221 CameraManagerGlobal     org.thoughtcrime.securesms           W  ignore the torch status update of camera: 5
2026-02-03 20:05:34.326 10675-12221 CameraInjector          org.thoughtcrime.securesms           D  updateCloudCameraControllerInfoAsync: has aleardy start update task.
2026-02-03 20:05:34.326 10675-12221 CameraInjector          org.thoughtcrime.securesms           D  waitForResult: 
2026-02-03 20:05:34.326 10675-12221 libc                    org.thoughtcrime.securesms           W  Access denied finding property "vendor.camera.aux.packagelist"
2026-02-03 20:05:34.326 10675-12221 libc                    org.thoughtcrime.securesms           W  Access denied finding property "vendor.camera.aux.packagelistext"
2026-02-03 20:05:34.326 10675-12221 CameraManagerGlobal     org.thoughtcrime.securesms           W  ignore the torch status update of camera: 6
2026-02-03 20:05:34.328 10675-10675 Camera                  org.thoughtcrime.securesms           I  Camera2 enumerator supported: true
2026-02-03 20:05:34.328 10675-10675 CameraInjector          org.thoughtcrime.securesms           D  updateCloudCameraControllerInfoAsync: has aleardy start update task.
2026-02-03 20:05:34.328 10675-10675 CameraInjector          org.thoughtcrime.securesms           D  waitForResult: 
2026-02-03 20:05:34.328 10675-10675 libc                    org.thoughtcrime.securesms           W  Access denied finding property "vendor.camera.aux.packagelist"
2026-02-03 20:05:34.328 10675-10675 libc                    org.thoughtcrime.securesms           W  Access denied finding property "vendor.camera.aux.packagelistext"
2026-02-03 20:05:34.330 10675-10675 CameraInjector          org.thoughtcrime.securesms           D  updateCloudCameraControllerInfoAsync: has aleardy start update task.
2026-02-03 20:05:34.330 10675-10675 CameraInjector          org.thoughtcrime.securesms           D  waitForResult: 
2026-02-03 20:05:34.330 10675-10675 libc                    org.thoughtcrime.securesms           W  Access denied finding property "vendor.camera.aux.packagelist"
2026-02-03 20:05:34.330 10675-10675 libc                    org.thoughtcrime.securesms           W  Access denied finding property "vendor.camera.aux.packagelistext"
2026-02-03 20:05:34.332 10675-11899 ContentCatcher          org.thoughtcrime.securesms           I  SettingTrigger : unregister status observer org.thoughtcrime.securesms.conversation.v2.ConversationActivity
2026-02-03 20:05:34.333  3454-9311  WindowManager           system_server                        E  setClientVisible ActivityRecord{7ab007e u0 org.thoughtcrime.securesms/.WebRtcCallActivity t288} true
2026-02-03 20:05:34.334  3454-9311  WindowManager           system_server                        E  setClientVisible ActivityRecord{7ab007e u0 org.thoughtcrime.securesms/.WebRtcCallActivity t288} true
2026-02-03 20:05:34.335 10675-11864 Job                     org.thoughtcrime.securesms           I  [JOB::6f6f2bf0-eb7b-4dad-942d-655eaf99c140][ConversationShortcutUpdateJob] onSubmit() (Time Since Submission: 2 ms, Lifespan: 900000 ms, Run Attempt: 1/1, Queue: ConversationShortcutUpdateJob)
2026-02-03 20:05:34.335  3454-9311  WindowManager           system_server                        E  setClientVisible ActivityRecord{7ab007e u0 org.thoughtcrime.securesms/.WebRtcCallActivity t288} true
2026-02-03 20:05:34.335 10675-12500 Camera                  org.thoughtcrime.securesms           I  setEnabled(): true
2026-02-03 20:05:34.335 10675-11880 JobSchedulerScheduler   org.thoughtcrime.securesms           I  JobScheduler enqueue of  (0)
2026-02-03 20:05:34.335 10675-12500 Camera                  org.thoughtcrime.securesms           I  setEnabled(): starting capture
2026-02-03 20:05:34.336 10675-11904 JobRunner               org.thoughtcrime.securesms           I  [JOB::6f6f2bf0-eb7b-4dad-942d-655eaf99c140][ConversationShortcutUpdateJob][4] Running job. (Time Since Submission: 3 ms, Lifespan: 900000 ms, Run Attempt: 1/1, Queue: ConversationShortcutUpdateJob)
2026-02-03 20:05:34.336 10675-12500 GroupPreJoinActionProce org.thoughtcrime.securesms           I  handlePreJoinCall():
2026-02-03 20:05:34.340 10675-12500 CallManager             org.thoughtcrime.securesms           I  createPeerConnectionFactory(): useHardware: true useOboe: false
2026-02-03 20:05:34.340 10675-12255 sqlcipher               org.thoughtcrime.securesms           D  ERROR MEMORY sqlcipher_mlock: mlock() returned -1 errno=12
2026-02-03 20:05:34.340 10675-12255 sqlcipher               org.thoughtcrime.securesms           D  ERROR MEMORY sqlcipher_mlock: mlock() returned -1 errno=12
2026-02-03 20:05:34.340 10675-12255 sqlcipher               org.thoughtcrime.securesms           D  ERROR MEMORY sqlcipher_mlock: mlock() returned -1 errno=12
2026-02-03 20:05:34.340 10675-12255 sqlcipher               org.thoughtcrime.securesms           D  ERROR MEMORY sqlcipher_mlock: mlock() returned -1 errno=12
2026-02-03 20:05:34.340 10675-12255 sqlcipher               org.thoughtcrime.securesms           D  ERROR MEMORY sqlcipher_mlock: mlock() returned -1 errno=12
2026-02-03 20:05:34.340 10675-12255 sqlcipher               org.thoughtcrime.securesms           D  ERROR MEMORY sqlcipher_mlock: mlock() returned -1 errno=12
2026-02-03 20:05:34.340 10675-12255 sqlcipher               org.thoughtcrime.securesms           D  ERROR MEMORY sqlcipher_mlock: mlock() returned -1 errno=12
2026-02-03 20:05:34.340 10675-12255 sqlcipher               org.thoughtcrime.securesms           D  ERROR MEMORY sqlcipher_mlock: mlock() returned -1 errno=12
2026-02-03 20:05:34.340 10675-12255 sqlcipher               org.thoughtcrime.securesms           D  ERROR MEMORY sqlcipher_mlock: mlock() returned -1 errno=12
2026-02-03 20:05:34.340 10675-12255 sqlcipher               org.thoughtcrime.securesms           D  ERROR MEMORY sqlcipher_mlock: mlock() returned -1 errno=12
2026-02-03 20:05:34.340 10675-12255 sqlcipher               org.thoughtcrime.securesms           D  ERROR MEMORY sqlcipher_mlock: mlock() returned -1 errno=12
2026-02-03 20:05:34.340 10675-12255 sqlcipher               org.thoughtcrime.securesms           D  ERROR MEMORY sqlcipher_mlock: mlock() returned -1 errno=12
2026-02-03 20:05:34.340 10675-12255 sqlcipher               org.thoughtcrime.securesms           D  ERROR MEMORY sqlcipher_mlock: mlock() returned -1 errno=12
2026-02-03 20:05:34.340 10675-12255 SQLiteConnection        org.thoughtcrime.securesms           I  Database keying operation returned:0
2026-02-03 20:05:34.340 10675-12255 sqlcipher               org.thoughtcrime.securesms           D  ERROR MEMORY sqlcipher_mlock: mlock() returned -1 errno=12
2026-02-03 20:05:34.340 10675-12255 sqlcipher               org.thoughtcrime.securesms           D  ERROR MEMORY sqlcipher_mlock: mlock() returned -1 errno=12
2026-02-03 20:05:34.340 10675-12255 sqlcipher               org.thoughtcrime.securesms           D  ERROR MEMORY sqlcipher_mlock: mlock() returned -1 errno=12
2026-02-03 20:05:34.340 10675-12255 sqlcipher               org.thoughtcrime.securesms           D  ERROR MEMORY sqlcipher_mlock: mlock() returned -1 errno=12
2026-02-03 20:05:34.340 10675-12255 sqlcipher               org.thoughtcrime.securesms           D  ERROR MEMORY sqlcipher_mlock: mlock() returned -1 errno=12
2026-02-03 20:05:34.342 10675-11827 ActivityThread          org.thoughtcrime.securesms           I  HardwareRenderer preload  done
2026-02-03 20:05:34.344 10675-10675 WebRtcCallActivity      org.thoughtcrime.securesms           I  onCreate(false)
2026-02-03 20:05:34.344 10675-10675 BaseActivity            org.thoughtcrime.securesms           D  [WebRtcCallActivity] onCreate()
2026-02-03 20:05:34.345 10675-11943 ConversationListDataSou org.thoughtcrime.securesms           D  [size(), UnarchivedConversationListDataSource, OFF] 5 ms
2026-02-03 20:05:34.347 10675-12505 EpFrameworkFactory      org.thoughtcrime.securesms           W  activated: false jar exist: false
2026-02-03 20:05:34.347 10675-12505 EpFrameworkFactory      org.thoughtcrime.securesms           W  activated: false jar exist: false
2026-02-03 20:05:34.347 10675-11899 ViewContentFactory      org.thoughtcrime.securesms           D  initViewContentFetcherClass
2026-02-03 20:05:34.347 10675-11899 ContentCatcher          org.thoughtcrime.securesms           I  ViewContentFetcher : ViewContentFetcher
2026-02-03 20:05:34.347 10675-11899 ViewContentFactory      org.thoughtcrime.securesms           D  createInterceptor took 0ms
2026-02-03 20:05:34.348 10675-10675 ScrollerOp...ionManager org.thoughtcrime.securesms           D  registerConfigChangedListener
2026-02-03 20:05:34.348 10675-11899 ContentCatcherManager   org.thoughtcrime.securesms           E  failed to get ContentCatcherService.
2026-02-03 20:05:34.348 10675-11899 ContentCatcherManager   org.thoughtcrime.securesms           E  failed to get ContentCatcherService.
2026-02-03 20:05:34.349 10675-12505 libc                    org.thoughtcrime.securesms           W  Access denied finding property "persist.vendor.camera.privapp.list"
2026-02-03 20:05:34.349 10675-12505 CameraExtImplXiaoMi     org.thoughtcrime.securesms           D  initCameraDevice: 1
2026-02-03 20:05:34.349 10675-11904 AppIconUtility          org.thoughtcrime.securesms           D  Found ComponentInfo{org.thoughtcrime.securesms/org.thoughtcrime.securesms.RoutingActivity} with state of 0
2026-02-03 20:05:34.350 10675-10675 ScrollerOp...ionManager org.thoughtcrime.securesms           D  registerConfigChangedListener
2026-02-03 20:05:34.351 10675-12505 CameraManager           org.thoughtcrime.securesms           I  Open camera top activityName is org.thoughtcrime.securesms.WebRtcCallActivity
2026-02-03 20:05:34.356 10675-11944 ConversationListDataSou org.thoughtcrime.securesms           D  [load(0, 2), UnarchivedConversationListDataSource, OFF] cursor: 6.24, cache-recipients: 0.92, recipient-resolve: 2.56, total: 9.72
2026-02-03 20:05:34.362 10675-10675 ScrollerOp...ionManager org.thoughtcrime.securesms           D  registerConfigChangedListener
2026-02-03 20:05:34.364 10675-11904 JobRunner               org.thoughtcrime.securesms           I  [JOB::6f6f2bf0-eb7b-4dad-942d-655eaf99c140][ConversationShortcutUpdateJob][4] Job finished with result SUCCESS in 28 ms. (Time Since Submission: 31 ms, Lifespan: 900000 ms, Run Attempt: 1/1, Queue: ConversationShortcutUpdateJob)
2026-02-03 20:05:34.366 10675-12500 GroupCall               org.thoughtcrime.securesms           I  create():
2026-02-03 20:05:34.368 10675-12500 ringrtc                 org.thoughtcrime.securesms           I  call_manager.rs:2754: create_group_call_client():
2026-02-03 20:05:34.368 10675-12500 ringrtc                 org.thoughtcrime.securesms           I  call_manager.rs:2823: Group Client created with id: 1
2026-02-03 20:05:34.368 10675-12500 GroupCall               org.thoughtcrime.securesms           I  setOutgoingAudioMuted():
2026-02-03 20:05:34.371 10675-12505 CameraDevice-JV-1       org.thoughtcrime.securesms           D  waitUntilIdle: E. id = 1
2026-02-03 20:05:34.371 10675-12505 CameraDevice-JV-1       org.thoughtcrime.securesms           D  waitUntilIdle: X
2026-02-03 20:05:34.376 10675-12500 ringrtc                 org.thoughtcrime.securesms           I  call_manager.rs:2994: set_outgoing_audio_muted(): id: 1
2026-02-03 20:05:34.376 10675-12500 GroupCall               org.thoughtcrime.securesms           I  setOutgoingVideoMuted():
2026-02-03 20:05:34.376 10675-12536 ringrtc                 org.thoughtcrime.securesms           I  group_call.rs:1202: ringrtc_stats!,sfu,recv,target_send_rate,ideal_send_rate,allocated_send_rate
2026-02-03 20:05:34.376 10675-12536 ringrtc                 org.thoughtcrime.securesms           I  stats_observer.rs:62: ringrtc_stats!,connection,call_id,timestamp_us,current_round_trip_time,available_outgoing_bitrate
2026-02-03 20:05:34.376 10675-12536 ringrtc                 org.thoughtcrime.securesms           I  stats_observer.rs:70: ringrtc_stats!,system,cpu_usage_pct
2026-02-03 20:05:34.376 10675-12536 ringrtc                 org.thoughtcrime.securesms           I  stats_observer.rs:75: ringrtc_stats!,audio,send,ssrc,packets_per_second,average_packet_size,bitrate,remote_packets_lost_pct,remote_jitter,remote_round_trip_time,audio_energy
2026-02-03 20:05:34.376 10675-12536 ringrtc                 org.thoughtcrime.securesms           I  stats_observer.rs:88: ringrtc_stats!,video,send,ssrc,packets_per_second,average_packet_size,bitrate,framerate,key_frames_encoded,encode_time_per_frame,resolution,retransmitted_packets_sent,retransmitted_bitrate,send_delay_per_packet,nack_count,pli_count,quality_limitation_reason,quality_limitation_resolution_changes,remote_packets_lost_pct,remote_jitter,remote_round_trip_time
2026-02-03 20:05:34.376 10675-12536 ringrtc                 org.thoughtcrime.securesms           I  stats_observer.rs:111: ringrtc_stats!,audio,recv,ssrc,packets_per_second,packets_lost_pct,bitrate,jitter,audio_energy,jitter_buffer_delay
2026-02-03 20:05:34.376 10675-12536 ringrtc                 org.thoughtcrime.securesms           I  stats_observer.rs:123: ringrtc_stats!,video,recv,ssrc,packets_per_second,packets_lost_pct,bitrate,framerate,key_frames_decoded,decode_time_per_frame,resolution
2026-02-03 20:05:34.376 10675-12500 ringrtc                 org.thoughtcrime.securesms           I  call_manager.rs:2995: set_outgoing_video_muted(): id: 1
2026-02-03 20:05:34.377 10675-12500 GroupCall               org.thoughtcrime.securesms           I  setDataMode():
2026-02-03 20:05:34.377 10675-12500 ringrtc                 org.thoughtcrime.securesms           I  call_manager.rs:2999: set_data_mode(): id: 1
2026-02-03 20:05:34.377 10675-12500 GroupPreJoinActionProce org.thoughtcrime.securesms           I  Connecting to group call: RecipientId::4
2026-02-03 20:05:34.377 10675-12500 GroupCall               org.thoughtcrime.securesms           I  connect():
2026-02-03 20:05:34.377 10675-12500 ringrtc                 org.thoughtcrime.securesms           I  call_manager.rs:2988: connect(): id: 1
2026-02-03 20:05:34.378 10675-12536 ringrtc                 org.thoughtcrime.securesms           I  call_manager.rs:2532: handle_connection_state_changed():
2026-02-03 20:05:34.378 10675-12536 ringrtc                 org.thoughtcrime.securesms           I  android_platform.rs:964: handle_connection_state_changed():
2026-02-03 20:05:34.378 10675-12536 CallManager             org.thoughtcrime.securesms           I  handleConnectionStateChanged():
2026-02-03 20:05:34.378 10675-12536 GroupCall               org.thoughtcrime.securesms           I  handleConnectionStateChanged():
2026-02-03 20:05:34.378 10675-12536 SignalCallManager       org.thoughtcrime.securesms           I  onLocalDeviceStateChanged: localAdapterType: UNKNOWN
2026-02-03 20:05:34.378 10675-12500 SignalCallManager       org.thoughtcrime.securesms           V  Processing action: onLocalDeviceStateChanged, handler: GroupPreJoinActionProce
2026-02-03 20:05:34.378 10675-12500 GroupPreJoinActionProce org.thoughtcrime.securesms           I  handleGroupLocalDeviceStateChanged():
2026-02-03 20:05:34.378 10675-12500 GroupPreJoinActionProce org.thoughtcrime.securesms           I  local device changed: CONNECTING NOT_JOINED
2026-02-03 20:05:34.378 10675-12536 ringrtc                 org.thoughtcrime.securesms           I  call_manager.rs:2518: request_membership_proof():
2026-02-03 20:05:34.378 10675-12536 ringrtc                 org.thoughtcrime.securesms           I  android_platform.rs:950: request_membership_proof():
2026-02-03 20:05:34.378 10675-12536 CallManager             org.thoughtcrime.securesms           I  requestMembershipProof():
2026-02-03 20:05:34.378 10675-12536 GroupCall               org.thoughtcrime.securesms           I  requestMembershipProof():
2026-02-03 20:05:34.378 10675-12536 SignalCallManager       org.thoughtcrime.securesms           I  requestMembershipProof():
2026-02-03 20:05:34.379 10675-12536 ringrtc                 org.thoughtcrime.securesms           I  call_manager.rs:2523: request_group_members():
2026-02-03 20:05:34.379 10675-12536 ringrtc                 org.thoughtcrime.securesms           I  android_platform.rs:955: request_group_members():
2026-02-03 20:05:34.379 10675-12536 CallManager             org.thoughtcrime.securesms           I  requestGroupMembers():
2026-02-03 20:05:34.379 10675-12536 GroupCall               org.thoughtcrime.securesms           I  handleGroupMembers():
2026-02-03 20:05:34.379 10675-12500 SignalCallManager       org.thoughtcrime.securesms           V  Processing action: requestMembershipProof, handler: GroupPreJoinActionProce
2026-02-03 20:05:34.379 10675-12500 GroupPreJoinActionProce org.thoughtcrime.securesms           I  handleGroupRequestMembershipProof():
2026-02-03 20:05:34.379 10675-12500 SignalCallManager       org.thoughtcrime.securesms           V  Processing action: requestGroupMembers, handler: GroupPreJoinActionProce
2026-02-03 20:05:34.379 10675-12500 GroupPreJoinActionProce org.thoughtcrime.securesms           I  handleGroupRequestUpdateMembers():
2026-02-03 20:05:34.382 10675-11881 EmojiPageCache          org.thoughtcrime.securesms           I  Loading page EmojiPageRequest(emojiPage=Asset(uri=file:///android_asset/emoji/People_0.webp), inSampleSize=1)
2026-02-03 20:05:34.385 10675-11880 EmojiPageCache          org.thoughtcrime.securesms           I  Loading page EmojiPageRequest(emojiPage=Asset(uri=file:///android_asset/emoji/People_1.webp), inSampleSize=1)
2026-02-03 20:05:34.385 10675-12190 System.out              org.thoughtcrime.securesms           I  --CALL LINK AUTH CREDENTIAL RESPONSE--
2026-02-03 20:05:34.386 10675-10675 WebRtcCallActivity      org.thoughtcrime.securesms           D  CallIntent
                                                                                                    Action - VIEW
                                                                                                    Enable video if available? true
                                                                                                    Started from full screen? false
                                                                                                    Started from call link? false
                                                                                                    Launch in pip? false
2026-02-03 20:05:34.387 10675-10675 WindowExtensionsImpl    org.thoughtcrime.securesms           I  Initializing Window Extensions, vendor API level=6, activity embedding enabled=true
2026-02-03 20:05:34.390 10675-10675 BaseActivity            org.thoughtcrime.securesms           D  [WebRtcCallActivity] onStart()
2026-02-03 20:05:34.391 10675-10675 WebRtcCallActivity      org.thoughtcrime.securesms           I  onResume()
2026-02-03 20:05:34.392 10675-10675 SecurityManager         org.thoughtcrime.securesms           D  checkAccessControl flag0
2026-02-03 20:05:34.393 10675-10675 WebRtcCallActivity      org.thoughtcrime.securesms           I  Got message from service: WebRtcViewModel {
                                                                                                     state=CALL_PRE_JOIN,
                                                                                                     recipient=RecipientId::4,
                                                                                                     isRemoteVideoOffer=false,
                                                                                                     callConnectedTime=-1,
                                                                                                     localParticipant=CallParticipant(callParticipantId=CallParticipantId(demuxId=-1, recipientId=RecipientId::2), isForwardingVideo=true, isVideoEnabled=true, isMicrophoneEnabled=true, handRaisedTimestamp=-1, isMediaKeysReceived=true, isScreenSharing=false),
                                                                                                     remoteParticipants=[],
                                                                                                     identityChangedRecipients=[],
                                                                                                     remoteDevicesCount=OptionalLong.empty,
                                                                                                     participantLimit=null,
                                                                                                     activeDevice=NONE,
                                                                                                     availableDevices=[],
                                                                                                     bluetoothPermissionDenied=false,
                                                                                                     ringGroup=true
                                                                                                    }
2026-02-03 20:05:34.399 10675-12500 GroupCall               org.thoughtcrime.securesms           I  setGroupMembers():
2026-02-03 20:05:34.400 10675-12500 ringrtc                 org.thoughtcrime.securesms           I  call_manager.rs:3008: set_group_members(): id: 1
2026-02-03 20:05:34.400 10675-12500 SignalCallManager       org.thoughtcrime.securesms           V  Processing action: orientationChanged, handler: GroupPreJoinActionProce
2026-02-03 20:05:34.400 10675-12536 ringrtc                 org.thoughtcrime.securesms           I  group_call.rs:2300: known group members changed
2026-02-03 20:05:34.400 10675-12536 ringrtc                 org.thoughtcrime.securesms           I  group_call.rs:659: SfuClient set_group_members: 2 members
2026-02-03 20:05:34.400 10675-12500 SignalCallManager       org.thoughtcrime.securesms           V  Processing action: setEnableVideo, handler: GroupPreJoinActionProce
2026-02-03 20:05:34.400 10675-12500 GroupPreJoinActionProce org.thoughtcrime.securesms           I  handleSetEnableVideo(): Changing for pre-join group call. enable: true
2026-02-03 20:05:34.400 10675-12500 Camera                  org.thoughtcrime.securesms           I  setEnabled(): true
2026-02-03 20:05:34.400 10675-12500 Camera                  org.thoughtcrime.securesms           I  setEnabled(): starting capture
2026-02-03 20:05:34.400 10675-12500 CameraCapturer          org.thoughtcrime.securesms           W  Session already open
2026-02-03 20:05:34.400 10675-10675 DecorViewImmersiveImpl  org.thoughtcrime.securesms           D  onAttachedToWindow:org.thoughtcrime.securesms/org.thoughtcrime.securesms.WebRtcCallActivity
2026-02-03 20:05:34.400 10675-10675 DecorViewImmersiveImpl  org.thoughtcrime.securesms           D  getWindowType: 1 title:org.thoughtcrime.securesms/org.thoughtcrime.securesms.WebRtcCallActivity
2026-02-03 20:05:34.400 10675-10675 DecorViewImmersiveImpl  org.thoughtcrime.securesms           D  window type: 1
2026-02-03 20:05:34.400 10675-10675 MiuiNBIManagerImpl      org.thoughtcrime.securesms           D  mRemote has create
2026-02-03 20:05:34.400 10675-10675 DecorViewImmersiveImpl  org.thoughtcrime.securesms           D  isNBIEnable=false
