2026-02-03 19:55:17.257  6610-27348 SignalCallManager       org.thoughtcrime.securesms           I  onSendHttpRequest(): request_id: 13
2026-02-03 19:55:17.257  6610-26030 System.out              org.thoughtcrime.securesms           I  loadSession 获取对应address 的 会话记录 :742680e3-0557-4aa7-8cfc-18b08d816dae
2026-02-03 19:55:17.260  6610-6610  System.out              org.thoughtcrime.securesms           I  request set Avatar Image View ???? 1
2026-02-03 19:55:17.260  6610-6610  System.out              org.thoughtcrime.securesms           I  contactPhoto = org.thoughtcrime.securesms.contacts.avatars.ProfileContactPhoto@7be1
2026-02-03 19:55:17.260  6610-6610  System.out              org.thoughtcrime.securesms           I  request set Avatar Image View ???? 2
2026-02-03 19:55:17.260  6610-6610  System.out              org.thoughtcrime.securesms           I  set Avatar Image View ????
2026-02-03 19:55:17.260  6610-6610  System.out              org.thoughtcrime.securesms           I  request set Avatar Image View ???? 4
2026-02-03 19:55:17.264  6610-6610  WebRtcCallActivity      org.thoughtcrime.securesms           I  Got message from service: <no change>
2026-02-03 19:55:17.265  6610-6610  WebRtcCallActivity      org.thoughtcrime.securesms           I  Got message from service: <no change>
2026-02-03 19:55:17.265  6610-6610  WebRtcCallActivity      org.thoughtcrime.securesms           I  Got message from service: <no change>
2026-02-03 19:55:17.266  6610-6610  JobSchedulerScheduler   org.thoughtcrime.securesms           I  Waking due to job: 0
2026-02-03 19:55:17.275  6610-26095 System.out              org.thoughtcrime.securesms           I  >>> AvatarHelper.getAvatar() path: /data/user/0/org.thoughtcrime.securesms/app_avatars/2
2026-02-03 19:55:17.275  6610-26095 System.out              org.thoughtcrime.securesms           I  >>> Avatar file exists: false
2026-02-03 19:55:17.275  6610-26095 System.out              org.thoughtcrime.securesms           I  >>> Avatar file length: 0
2026-02-03 19:55:17.292  6610-26017 Job                     org.thoughtcrime.securesms           I  [JOB::ed89aaef-b246-489a-95e0-352e95e1d22b][RetrieveProfileAvatarJob] onSubmit() (Time Since Submission: 1 ms, Lifespan: 3600000 ms, Run Attempt: 1/1, Queue: RetrieveProfileAvatarJob::RecipientId::2)
2026-02-03 19:55:17.292  6610-26018 JobSchedulerScheduler   org.thoughtcrime.securesms           I  JobScheduler enqueue of NETWORK (-1733499378)
2026-02-03 19:55:17.294  6610-26029 JobRunner               org.thoughtcrime.securesms           I  [JOB::ed89aaef-b246-489a-95e0-352e95e1d22b][RetrieveProfileAvatarJob][1] Running job. (Time Since Submission: 3 ms, Lifespan: 3600000 ms, Run Attempt: 1/1, Queue: RetrieveProfileAvatarJob::RecipientId::2)
2026-02-03 19:55:17.294  6610-28031 xlog_client             org.thoughtcrime.securesms           V  xlog_check_permission event name audio_track_message level 0
2026-02-03 19:55:17.294  6610-28031 AudioTrackImpl          org.thoughtcrime.securesms           I  before scaleVolumeForVideo L:0.034836 R:0.034836 and the pakage is org.thoughtcrime.securesms
2026-02-03 19:55:17.294  6610-28031 AudioTrack              org.thoughtcrime.securesms           I  AudioTrack::setVolume L:0.034836 R:0.034836 sessionid=18497
2026-02-03 19:55:17.294  6610-28031 AudioTrack              org.thoughtcrime.securesms           I  start(2266): prior state:STATE_STOPPED packageName: org.thoughtcrime.securesms
2026-02-03 19:55:17.295  6610-26029 JobRunner               org.thoughtcrime.securesms           I  [JOB::ed89aaef-b246-489a-95e0-352e95e1d22b][RetrieveProfileAvatarJob][1] Job finished with result SUCCESS in 1 ms. (Time Since Submission: 4 ms, Lifespan: 3600000 ms, Run Attempt: 1/1, Queue: RetrieveProfileAvatarJob::RecipientId::2)
2026-02-03 19:55:17.308  6610-6610  JobSchedulerScheduler   org.thoughtcrime.securesms           I  Waking due to job: -1733499378
2026-02-03 19:55:17.329  6610-26030 System.out              org.thoughtcrime.securesms           I  Send msg
2026-02-03 19:55:17.329  6610-26030 System.out              org.thoughtcrime.securesms           I  get Encrypted msg
2026-02-03 19:55:17.329  6610-26030 System.out              org.thoughtcrime.securesms           I  get Encrypted msg content:Optional[Content{syncMessage=SyncMessage{sent=Sent{destinationE164=+8613599665580, destinationServiceId=742680e3-0557-4aa7-8cfc-18b08d816dae, timestamp=1770119717235, message=DataMessage{groupV2=GroupContextV2{masterKey=[hex=74af9643655987414543e630d906a4837214fbb7dc031d32a5460fab43f4af17], revision=0}, expireTimerVersion=1, timestamp=1770119717235, requiredProtocolVersion=0, groupCallUpdate=GroupCallUpdate{eraId=7d0b5d2d86d49534}}, unidentifiedStatus=[UnidentifiedDeliveryStatus{destinationServiceId=742680e3-0557-4aa7-8cfc-18b08d816dae, unidentified=false}], isRecipientUpdate=false}, padding=[size=94 hex=19d2f9a15ef59640ab620e1c0947e4f47bec579d32c19496481798d1ed8db51e4cf8777287eee9175f64fa5f061d91ccd31ce12838c746f4b17839d35e282eb1…]}}]
2026-02-03 19:55:17.329  6610-26030 SignalServ...sageSender org.thoughtcrime.securesms           D  [sendMessage][1770119717235] Sending a sent sync message to devices: []
2026-02-03 19:55:17.387  6610-26030 GroupSendUtil           org.thoughtcrime.securesms           D  Successfully sent using 1:1 to 1/1 legacy targets.
2026-02-03 19:55:17.387  6610-26030 GroupCallUpdateSendJob  org.thoughtcrime.securesms           I  Completed now: 1, Remaining: 0
2026-02-03 19:55:17.388  6610-26030 JobRunner               org.thoughtcrime.securesms           I  [JOB::32015e3e-5ecd-4837-8cc0-3511c9af773f][GroupCallUpdateSendJob][2] Job finished with result SUCCESS in 154 ms. (Time Since Submission: 157 ms, Lifespan: 300000 ms, Run Attempt: 1/3, Queue: RecipientId::4)
2026-02-03 19:55:17.389  6610-26030 JobRunner               org.thoughtcrime.securesms           I  [JOB::ff60e170-e6f8-4596-83d6-7594b9ec4e69][CallSyncEventJob][2] Running job. (Time Since Submission: 158 ms, Lifespan: 86400000 ms, Run Attempt: 1/Unlimited, Queue: CallSyncEventJob)
2026-02-03 19:55:17.390  6610-26030 System.out              org.thoughtcrime.securesms           I  Send msg
2026-02-03 19:55:17.390  6610-26030 System.out              org.thoughtcrime.securesms           I  get Encrypted msg
2026-02-03 19:55:17.390  6610-26030 System.out              org.thoughtcrime.securesms           I  get Encrypted msg content:Optional[Content{syncMessage=SyncMessage{padding=[size=170 hex=adc9f74a2c58eebb5306235e62da44f126ba235e5a6b3cbe198ea70c9ec88294b8ca69a1e07d938f28bf5a02e0d34b628b0431412c9fc3680f0c8cb549590ed6…], callEvent=CallEvent{conversationId=[hex=28687dc5b1223712a3e8ac3013aa0d65c57184712fa08febfaf9c0cc11de81fd], id=9010397929601799476, timestamp=1770119717390, type=GROUP_CALL, direction=INCOMING, event=ACCEPTED}}}]
2026-02-03 19:55:17.449  6610-26030 CallSyncEventJob        org.thoughtcrime.securesms           I  Successfully sent all sync messages.
2026-02-03 19:55:17.449  6610-26030 JobRunner               org.thoughtcrime.securesms           I  [JOB::ff60e170-e6f8-4596-83d6-7594b9ec4e69][CallSyncEventJob][2] Job finished with result SUCCESS in 60 ms. (Time Since Submission: 218 ms, Lifespan: 86400000 ms, Run Attempt: 1/Unlimited, Queue: CallSyncEventJob)
2026-02-03 19:55:17.495  6610-27719 crime.securesms         org.thoughtcrime.securesms           I  EglImage dataspace changed, need recreate
2026-02-03 19:55:17.496  6610-27719 SurfaceTextureEglRender org.thoughtcrime.securesms           D  Reporting frame resolution changed to 640x360 with rotation 270
2026-02-03 19:55:17.496  6610-27719 SurfaceTextureEglRender org.thoughtcrime.securesms           D  Reporting frame resolution changed to 640x360 with rotation 270
2026-02-03 19:55:17.521  6610-27719 crime.securesms         org.thoughtcrime.securesms           I  EglImage dataspace changed, need recreate
2026-02-03 19:55:17.540  6610-27719 crime.securesms         org.thoughtcrime.securesms           I  EglImage dataspace changed, need recreate
2026-02-03 19:55:17.541  6610-25963 crime.securesms         org.thoughtcrime.securesms           I  This is non sticky GC, maxfree is 16777216 minfree is 8388608
2026-02-03 19:55:17.557  6610-26235 System.out              org.thoughtcrime.securesms           I  DeprecatedClientPreventionInterceptor - Response: 200
2026-02-03 19:55:17.557  6610-26235 SignalCallManager       org.thoughtcrime.securesms           I  Got group membership token. Length: 165, Token: 2:81adde5ffde3f30591b20229d2848652c57d0978d58cec5409177700335764cd:28687dc5b1223712a3e8ac3013aa0d65c57184712fa08febfaf9c0cc11de81fd:1770119717:1:3aa10503351d6e982f01
2026-02-03 19:55:17.557  6610-26235 SignalCallManager       org.thoughtcrime.securesms           W  DEBUG_CALL: Identity Key (ACI) (Hex): 056ce03d7173c46f95d7f010cc4284738fe6e8321f63121da7ba9a6abf0824a6c956e9ab4bd29c9e303babe41d6273bf138b727f673627130812bcefa368e602e5
2026-02-03 19:55:17.557  6610-26235 SignalCallManager       org.thoughtcrime.securesms           W  DEBUG_CALL: Identity Key (PNI) (Hex): 0522685f3aec73841a222f69920af2d89855f52a70b2620026eb8c3c5c3e74955c3bfc6fdfcadf4110f10dc7237996095fedec4553e0984de0076e6879ae66dd50
2026-02-03 19:55:17.557  6610-26235 SignalCallManager       org.thoughtcrime.securesms           W  DEBUG_CALL: SM3 digest not available: SM3 MessageDigest not available
2026-02-03 19:55:17.557  6610-26235 SignalCallManager       org.thoughtcrime.securesms           W  DEBUG_CALL: Calc SHA256(Key): 5e9154504b68585a243387a44bfa985206be0281a68ec28c6aee991c5c7ae39d
2026-02-03 19:55:17.557  6610-26235 System.out              org.thoughtcrime.securesms           I  群组视频服务
2026-02-03 19:55:17.557  6610-26463 SignalCallManager       org.thoughtcrime.securesms           V  Processing action: lambda$requestGroupMembershipToken$50, handler: GroupConnectedActionPro
2026-02-03 19:55:17.557  6610-26463 GroupConnectedActionPro org.thoughtcrime.securesms           I  handleGroupMembershipProofResponse():
2026-02-03 19:55:17.557  6610-26463 GroupCall               org.thoughtcrime.securesms           I  setMembershipProof():
2026-02-03 19:55:17.557  6610-26463 ringrtc                 org.thoughtcrime.securesms           I  call_manager.rs:3009: set_membership_proof(): id: 2
2026-02-03 19:55:17.558  6610-26235 System.out              org.thoughtcrime.securesms           I  DeprecatedClientPreventionInterceptor - START
2026-02-03 19:55:17.558  6610-26235 System.out              org.thoughtcrime.securesms           I  Request URL: http://47.242.157.99:11101/v2/conference/participants
2026-02-03 19:55:17.558  6610-26235 System.out              org.thoughtcrime.securesms           I  isClientDeprecated:  false
2026-02-03 19:55:17.558  6610-26235 System.out              org.thoughtcrime.securesms           I  DeprecatedClientPreventionInterceptor - PROCEEDING
2026-02-03 19:55:17.573  6610-27719 crime.securesms         org.thoughtcrime.securesms           I  EglImage dataspace changed, need recreate
2026-02-03 19:55:17.606  6610-27719 crime.securesms         org.thoughtcrime.securesms           I  EglImage dataspace changed, need recreate
2026-02-03 19:55:17.621  6610-26235 System.out              org.thoughtcrime.securesms           I  DeprecatedClientPreventionInterceptor - Response: 200
2026-02-03 19:55:17.621  6610-26235 CallManager             org.thoughtcrime.securesms           I  receivedHttpResponse(): requestId: 12
2026-02-03 19:55:17.621  6610-26235 ringrtc                 org.thoughtcrime.securesms           I  call_manager.rs:727: API:CallManager:handle_received_http_response():
2026-02-03 19:55:17.622  6610-26235 System.out              org.thoughtcrime.securesms           I  群组视频服务
2026-02-03 19:55:17.622  6610-26234 ringrtc                 org.thoughtcrime.securesms           I  call_manager.rs:1822: handle_received_http_response(): request_id: 12
2026-02-03 19:55:17.622  6610-26234 ringrtc                 org.thoughtcrime.securesms           I  http.rs:165: http:DelegatingClient:received_response(): request_id: 12
2026-02-03 19:55:17.622  6610-26234 ringrtc                 org.thoughtcrime.securesms           I  http.rs:172:   status_code: 200
2026-02-03 19:55:17.622  6610-26235 System.out              org.thoughtcrime.securesms           I  DeprecatedClientPreventionInterceptor - START
2026-02-03 19:55:17.622  6610-26235 System.out              org.thoughtcrime.securesms           I  Request URL: http://47.242.157.99:11101/v2/conference/participants
2026-02-03 19:55:17.622  6610-26235 System.out              org.thoughtcrime.securesms           I  isClientDeprecated:  false
2026-02-03 19:55:17.622  6610-26234 ringrtc                 org.thoughtcrime.securesms           I  sfu.rs:449: Got group call peek result with device count = 1, pending count = 0
2026-02-03 19:55:17.622  6610-26235 System.out              org.thoughtcrime.securesms           I  DeprecatedClientPreventionInterceptor - PROCEEDING
2026-02-03 19:55:17.640  6610-27719 crime.securesms         org.thoughtcrime.securesms           I  EglImage dataspace changed, need recreate
2026-02-03 19:55:17.673  6610-27719 crime.securesms         org.thoughtcrime.securesms           I  EglImage dataspace changed, need recreate
2026-02-03 19:55:17.679  6610-26235 System.out              org.thoughtcrime.securesms           I  DeprecatedClientPreventionInterceptor - Response: 200
2026-02-03 19:55:17.679  6610-26235 CallManager             org.thoughtcrime.securesms           I  receivedHttpResponse(): requestId: 13
2026-02-03 19:55:17.679  6610-26235 ringrtc                 org.thoughtcrime.securesms           I  call_manager.rs:727: API:CallManager:handle_received_http_response():
2026-02-03 19:55:17.680  6610-26234 ringrtc                 org.thoughtcrime.securesms           I  call_manager.rs:1822: handle_received_http_response(): request_id: 13
2026-02-03 19:55:17.680  6610-26234 ringrtc                 org.thoughtcrime.securesms           I  http.rs:165: http:DelegatingClient:received_response(): request_id: 13
2026-02-03 19:55:17.680  6610-26234 ringrtc                 org.thoughtcrime.securesms           I  http.rs:172:   status_code: 200
2026-02-03 19:55:17.680  6610-26234 ringrtc                 org.thoughtcrime.securesms           I  sfu.rs:449: Got group call peek result with device count = 1, pending count = 0
2026-02-03 19:55:17.706  6610-27719 crime.securesms         org.thoughtcrime.securesms           I  EglImage dataspace changed, need recreate
2026-02-03 19:55:17.873  6610-27719 crime.securesms         org.thoughtcrime.securesms           I  EglImage dataspace changed, need recreate
2026-02-03 19:55:18.153  6610-28031 AudioTrack              org.thoughtcrime.securesms           I  stop(sessionID=18497), packageName: org.thoughtcrime.securesms
2026-02-03 19:55:18.153  6610-28031 AudioTrack              org.thoughtcrime.securesms           D  stop(2266): prior state:STATE_ACTIVE
2026-02-03 19:55:18.269  6610-26476 ringrtc                 org.thoughtcrime.securesms           I  group_call.rs:3931: ringrtc_stats!,sfu,recv,800,0,0
2026-02-03 19:55:18.791  6610-27719 crime.securesms         org.thoughtcrime.securesms           I  EglImage dataspace changed, need recreate
2026-02-03 19:55:19.259  6610-26478 ringrtc                 org.thoughtcrime.securesms           I  stats_observer.rs:139: ringrtc_stats!,connection,0x2,1770119719258454,56ms,5000bps
2026-02-03 19:55:19.259  6610-26478 ringrtc                 org.thoughtcrime.securesms           I  stats_observer.rs:175: ringrtc_stats!,audio,send,3469367712,0.0,0.0,0.0bps,0.0%,0ms,0ms,0.000
2026-02-03 19:55:19.259  6610-26478 ringrtc                 org.thoughtcrime.securesms           I  stats_observer.rs:198: ringrtc_stats!,video,send,3469367714,0.0,0.0,0bps,0.0fps,0,0.0ms,0x0,0,0.0bps,0.0ms,0,0,other,0,0.0%,0.0ms,0.0ms
2026-02-03 19:55:19.259  6610-26478 ringrtc                 org.thoughtcrime.securesms           I  stats_observer.rs:198: ringrtc_stats!,video,send,3469367716,0.0,0.0,0bps,0.0fps,0,0.0ms,0x0,0,0.0bps,0.0ms,0,0,other,0,0.0%,0.0ms,0.0ms
2026-02-03 19:55:19.259  6610-26478 ringrtc                 org.thoughtcrime.securesms           I  stats_observer.rs:198: ringrtc_stats!,video,send,3469367718,0.0,0.0,0bps,0.0fps,0,0.0ms,0x0,0,0.0bps,0.0ms,0,0,other,0,0.0%,0.0ms,0.0ms
2026-02-03 19:55:19.280  6610-26476 ringrtc                 org.thoughtcrime.securesms           I  group_call.rs:3931: ringrtc_stats!,sfu,recv,800,0,0
2026-02-03 19:55:19.956  6610-25963 crime.securesms         org.thoughtcrime.securesms           I  This is non sticky GC, maxfree is 16777216 minfree is 8388608
2026-02-03 19:55:20.292  6610-26476 ringrtc                 org.thoughtcrime.securesms           I  group_call.rs:3931: ringrtc_stats!,sfu,recv,800,0,0
2026-02-03 19:55:21.006  6610-26013 MemoryTracker           org.thoughtcrime.securesms           D  The system increased our app JVM heap from 80078672 (76.37 MiB) to 80370184 (76.65 MiB)
2026-02-03 19:55:21.305  6610-26476 ringrtc                 org.thoughtcrime.securesms           I  group_call.rs:3931: ringrtc_stats!,sfu,recv,800,0,0
2026-02-03 19:55:21.900  6610-26416 TrafficStats            org.thoughtcrime.securesms           D  tagSocket(253) with statsTag=0xffffffff, statsUid=-1
2026-02-03 19:55:22.112  6610-27765 AidlBufferPool          org.thoughtcrime.securesms           D  bufferpool2 0xb400006e2395ae88 : 0(0 size) total buffers - 0(0 size) used buffers - 0/5 (recycle/alloc) - 4/74 (fetch/transfer)
2026-02-03 19:55:22.112  6610-27765 AidlBufferPool          org.thoughtcrime.securesms           D  bufferpool2 0xb400006e23a0d8c8 : 0(0 size) total buffers - 0(0 size) used buffers - 0/5 (recycle/alloc) - 4/66 (fetch/transfer)
2026-02-03 19:55:22.112  6610-27765 AidlBufferPoolAcc       org.thoughtcrime.securesms           D  evictor expired: 2, evicted: 2
2026-02-03 19:55:22.315  6610-26476 ringrtc                 org.thoughtcrime.securesms           I  group_call.rs:3931: ringrtc_stats!,sfu,recv,800,0,0
2026-02-03 19:55:22.363  6610-25963 crime.securesms         org.thoughtcrime.securesms           I  This is non sticky GC, maxfree is 16777216 minfree is 8388608
2026-02-03 19:55:23.112  6610-27765 AidlBufferPool          org.thoughtcrime.securesms           D  bufferpool2 0xb400006e2395c7f8 : 0(0 size) total buffers - 0(0 size) used buffers - 2/7 (recycle/alloc) - 5/98 (fetch/transfer)
2026-02-03 19:55:23.112  6610-27765 AidlBufferPoolAcc       org.thoughtcrime.securesms           D  evictor expired: 1, evicted: 1
2026-02-03 19:55:23.328  6610-26476 ringrtc                 org.thoughtcrime.securesms           I  group_call.rs:3931: ringrtc_stats!,sfu,recv,800,0,0
2026-02-03 19:55:24.352  6610-26476 ringrtc                 org.thoughtcrime.securesms           I  group_call.rs:3931: ringrtc_stats!,sfu,recv,800,0,0
2026-02-03 19:55:24.826  6610-25963 crime.securesms         org.thoughtcrime.securesms           I  This is non sticky GC, maxfree is 16777216 minfree is 8388608
2026-02-03 19:55:25.359  6610-26476 ringrtc                 org.thoughtcrime.securesms           I  group_call.rs:3931: ringrtc_stats!,sfu,recv,800,0,0
2026-02-03 19:55:26.031  6610-26013 MemoryTracker           org.thoughtcrime.securesms           D  The system increased our app JVM heap from 80370184 (76.65 MiB) to 80399752 (76.68 MiB)
2026-02-03 19:55:26.031  6610-26013 MemoryTracker           org.thoughtcrime.securesms           D  Used memory has decreased from 30449344 (29.04 MiB) to 30446088 (29.04 MiB)
2026-02-03 19:55:26.373  6610-26476 ringrtc                 org.thoughtcrime.securesms           I  group_call.rs:3931: ringrtc_stats!,sfu,recv,800,0,0
2026-02-03 19:55:27.263  6610-25963 crime.securesms         org.thoughtcrime.securesms           I  This is non sticky GC, maxfree is 16777216 minfree is 8388608
2026-02-03 19:55:27.382  6610-26476 ringrtc                 org.thoughtcrime.securesms           I  group_call.rs:3931: ringrtc_stats!,sfu,recv,800,0,0
2026-02-03 19:55:27.714  6610-27348 ringrtc                 org.thoughtcrime.securesms           I  http.rs:201: http:DelegatingClient:make_request()
2026-02-03 19:55:27.714  6610-27348 ringrtc                 org.thoughtcrime.securesms           I  android_platform.rs:1649: send_request(): request_id: 14
2026-02-03 19:55:27.714  6610-27348 CallManager             org.thoughtcrime.securesms           I  sendHttpRequest():
2026-02-03 19:55:27.714  6610-27348 SignalCallManager       org.thoughtcrime.securesms           I  onSendHttpRequest(): request_id: 14
2026-02-03 19:55:27.717  6610-26235 System.out              org.thoughtcrime.securesms           I  群组视频服务
2026-02-03 19:55:27.718  6610-26235 System.out              org.thoughtcrime.securesms           I  DeprecatedClientPreventionInterceptor - START
2026-02-03 19:55:27.718  6610-26235 System.out              org.thoughtcrime.securesms           I  Request URL: http://47.242.157.99:11101/v2/conference/participants
2026-02-03 19:55:27.718  6610-26235 System.out              org.thoughtcrime.securesms           I  isClientDeprecated:  false
2026-02-03 19:55:27.718  6610-26235 System.out              org.thoughtcrime.securesms           I  DeprecatedClientPreventionInterceptor - PROCEEDING
2026-02-03 19:55:27.798  6610-26235 System.out              org.thoughtcrime.securesms           I  DeprecatedClientPreventionInterceptor - Response: 200
2026-02-03 19:55:27.799  6610-26235 CallManager             org.thoughtcrime.securesms           I  receivedHttpResponse(): requestId: 14
2026-02-03 19:55:27.799  6610-26235 ringrtc                 org.thoughtcrime.securesms           I  call_manager.rs:727: API:CallManager:handle_received_http_response():
2026-02-03 19:55:27.799  6610-26234 ringrtc                 org.thoughtcrime.securesms           I  call_manager.rs:1822: handle_received_http_response(): request_id: 14
2026-02-03 19:55:27.799  6610-26234 ringrtc                 org.thoughtcrime.securesms           I  http.rs:165: http:DelegatingClient:received_response(): request_id: 14
2026-02-03 19:55:27.799  6610-26234 ringrtc                 org.thoughtcrime.securesms           I  http.rs:172:   status_code: 200
2026-02-03 19:55:27.799  6610-26234 ringrtc                 org.thoughtcrime.securesms           I  sfu.rs:449: Got group call peek result with device count = 1, pending count = 0
2026-02-03 19:55:28.397  6610-26476 ringrtc                 org.thoughtcrime.securesms           I  group_call.rs:3931: ringrtc_stats!,sfu,recv,800,0,0
2026-02-03 19:55:29.330  6610-26478 ringrtc                 org.thoughtcrime.securesms           I  stats_observer.rs:139: ringrtc_stats!,connection,0x2,1770119729328571,50ms,5000bps
2026-02-03 19:55:29.330  6610-26478 ringrtc                 org.thoughtcrime.securesms           I  stats_observer.rs:175: ringrtc_stats!,audio,send,3469367712,0.0,0.0,0.0bps,0.0%,0ms,0ms,0.000
2026-02-03 19:55:29.330  6610-26478 ringrtc                 org.thoughtcrime.securesms           I  stats_observer.rs:198: ringrtc_stats!,video,send,3469367714,0.0,0.0,0bps,0.0fps,0,0.0ms,0x0,0,0.0bps,0.0ms,0,0,other,0,0.0%,0.0ms,0.0ms
2026-02-03 19:55:29.331  6610-26478 ringrtc                 org.thoughtcrime.securesms           I  stats_observer.rs:198: ringrtc_stats!,video,send,3469367716,0.0,0.0,0bps,0.0fps,0,0.0ms,0x0,0,0.0bps,0.0ms,0,0,other,0,0.0%,0.0ms,0.0ms
2026-02-03 19:55:29.331  6610-26478 ringrtc                 org.thoughtcrime.securesms           I  stats_observer.rs:198: ringrtc_stats!,video,send,3469367718,0.0,0.0,0bps,0.0fps,0,0.0ms,0x0,0,0.0bps,0.0ms,0,0,other,0,0.0%,0.0ms,0.0ms
2026-02-03 19:55:29.403  6610-26476 ringrtc                 org.thoughtcrime.securesms           I  group_call.rs:3931: ringrtc_stats!,sfu,recv,800,0,0
2026-02-03 19:55:29.694  6610-25963 crime.securesms         org.thoughtcrime.securesms           I  This is non sticky GC, maxfree is 16777216 minfree is 8388608
2026-02-03 19:55:30.415  6610-26476 ringrtc                 org.thoughtcrime.securesms           I  group_call.rs:3931: ringrtc_stats!,sfu,recv,800,0,0
2026-02-03 19:55:30.581  6610-26050 AlarmSleepTimer         org.thoughtcrime.securesms           D  Setting an exact alarm to wake up in 9993ms.
2026-02-03 19:55:31.034  6610-26013 MemoryTracker           org.thoughtcrime.securesms           D  The system increased our app JVM heap from 80399752 (76.68 MiB) to 80455560 (76.73 MiB)
2026-02-03 19:55:31.428  6610-26476 ringrtc                 org.thoughtcrime.securesms           I  group_call.rs:3931: ringrtc_stats!,sfu,recv,800,0,0
2026-02-03 19:55:32.125  6610-25963 crime.securesms         org.thoughtcrime.securesms           I  This is non sticky GC, maxfree is 16777216 minfree is 8388608
2026-02-03 19:55:32.439  6610-26476 ringrtc                 org.thoughtcrime.securesms           I  group_call.rs:3931: ringrtc_stats!,sfu,recv,800,0,0
2026-02-03 19:55:33.448  6610-26476 ringrtc                 org.thoughtcrime.securesms           I  group_call.rs:3931: ringrtc_stats!,sfu,recv,800,0,0
2026-02-03 19:55:34.463  6610-26476 ringrtc                 org.thoughtcrime.securesms           I  group_call.rs:3931: ringrtc_stats!,sfu,recv,800,0,0
2026-02-03 19:55:34.577  6610-25963 crime.securesms         org.thoughtcrime.securesms           I  This is non sticky GC, maxfree is 16777216 minfree is 8388608
2026-02-03 19:55:35.472  6610-26476 ringrtc                 org.thoughtcrime.securesms           I  group_call.rs:3931: ringrtc_stats!,sfu,recv,800,0,0
2026-02-03 19:55:36.059  6610-26013 MemoryTracker           org.thoughtcrime.securesms           D  The system increased our app JVM heap from 80455560 (76.73 MiB) to 80477360 (76.75 MiB)
2026-02-03 19:55:36.059  6610-26013 MemoryTracker           org.thoughtcrime.securesms           D  Used memory has decreased from 30534920 (29.12 MiB) to 30507712 (29.09 MiB)
2026-02-03 19:55:36.484  6610-26476 ringrtc                 org.thoughtcrime.securesms           I  group_call.rs:3931: ringrtc_stats!,sfu,recv,800,0,0
2026-02-03 19:55:37.006  6610-25963 crime.securesms         org.thoughtcrime.securesms           I  This is non sticky GC, maxfree is 16777216 minfree is 8388608
2026-02-03 19:55:37.494  6610-26476 ringrtc                 org.thoughtcrime.securesms           I  group_call.rs:3931: ringrtc_stats!,sfu,recv,800,0,0
2026-02-03 19:55:37.998  6610-27348 ringrtc                 org.thoughtcrime.securesms           I  http.rs:201: http:DelegatingClient:make_request()
2026-02-03 19:55:37.999  6610-27348 ringrtc                 org.thoughtcrime.securesms           I  android_platform.rs:1649: send_request(): request_id: 15
2026-02-03 19:55:37.999  6610-27348 CallManager             org.thoughtcrime.securesms           I  sendHttpRequest():
2026-02-03 19:55:37.999  6610-27348 SignalCallManager       org.thoughtcrime.securesms           I  onSendHttpRequest(): request_id: 15
2026-02-03 19:55:38.000  6610-26235 System.out              org.thoughtcrime.securesms           I  群组视频服务
2026-02-03 19:55:38.001  6610-26235 System.out              org.thoughtcrime.securesms           I  DeprecatedClientPreventionInterceptor - START
2026-02-03 19:55:38.001  6610-26235 System.out              org.thoughtcrime.securesms           I  Request URL: http://47.242.157.99:11101/v2/conference/participants
2026-02-03 19:55:38.001  6610-26235 System.out              org.thoughtcrime.securesms           I  isClientDeprecated:  false
2026-02-03 19:55:38.001  6610-26235 System.out              org.thoughtcrime.securesms           I  DeprecatedClientPreventionInterceptor - PROCEEDING
2026-02-03 19:55:38.075  6610-26235 System.out              org.thoughtcrime.securesms           I  DeprecatedClientPreventionInterceptor - Response: 200
2026-02-03 19:55:38.075  6610-26235 CallManager             org.thoughtcrime.securesms           I  receivedHttpResponse(): requestId: 15
2026-02-03 19:55:38.076  6610-26235 ringrtc                 org.thoughtcrime.securesms           I  call_manager.rs:727: API:CallManager:handle_received_http_response():
2026-02-03 19:55:38.076  6610-26234 ringrtc                 org.thoughtcrime.securesms           I  call_manager.rs:1822: handle_received_http_response(): request_id: 15
2026-02-03 19:55:38.076  6610-26234 ringrtc                 org.thoughtcrime.securesms           I  http.rs:165: http:DelegatingClient:received_response(): request_id: 15
2026-02-03 19:55:38.076  6610-26234 ringrtc                 org.thoughtcrime.securesms           I  http.rs:172:   status_code: 200
2026-02-03 19:55:38.076  6610-26234 ringrtc                 org.thoughtcrime.securesms           I  sfu.rs:449: Got group call peek result with device count = 1, pending count = 0
2026-02-03 19:55:38.506  6610-26476 ringrtc                 org.thoughtcrime.securesms           I  group_call.rs:3931: ringrtc_stats!,sfu,recv,800,0,0
2026-02-03 19:55:39.413  6610-26478 ringrtc                 org.thoughtcrime.securesms           I  stats_observer.rs:139: ringrtc_stats!,connection,0x2,1770119739412513,56ms,5000bps
2026-02-03 19:55:39.414  6610-26478 ringrtc                 org.thoughtcrime.securesms           I  stats_observer.rs:175: ringrtc_stats!,audio,send,3469367712,0.0,0.0,0.0bps,0.0%,0ms,0ms,0.000
2026-02-03 19:55:39.414  6610-26478 ringrtc                 org.thoughtcrime.securesms           I  stats_observer.rs:198: ringrtc_stats!,video,send,3469367714,0.0,0.0,0bps,0.0fps,0,0.0ms,0x0,0,0.0bps,0.0ms,0,0,other,0,0.0%,0.0ms,0.0ms
2026-02-03 19:55:39.414  6610-26478 ringrtc                 org.thoughtcrime.securesms           I  stats_observer.rs:198: ringrtc_stats!,video,send,3469367716,0.0,0.0,0bps,0.0fps,0,0.0ms,0x0,0,0.0bps,0.0ms,0,0,other,0,0.0%,0.0ms,0.0ms
2026-02-03 19:55:39.414  6610-26478 ringrtc                 org.thoughtcrime.securesms           I  stats_observer.rs:198: ringrtc_stats!,video,send,3469367718,0.0,0.0,0bps,0.0fps,0,0.0ms,0x0,0,0.0bps,0.0ms,0,0,other,0,0.0%,0.0ms,0.0ms
2026-02-03 19:55:39.434  6610-25963 crime.securesms         org.thoughtcrime.securesms           I  This is non sticky GC, maxfree is 16777216 minfree is 8388608
2026-02-03 19:55:39.523  6610-26476 ringrtc                 org.thoughtcrime.securesms           I  group_call.rs:3931: ringrtc_stats!,sfu,recv,800,0,0
2026-02-03 19:55:40.538  6610-26476 ringrtc                 org.thoughtcrime.securesms           I  group_call.rs:3931: ringrtc_stats!,sfu,recv,800,0,0
2026-02-03 19:55:40.577  6610-26050 OkHttpWebS...Connection org.thoughtcrime.securesms           I  [normal:88104253] Sending keep alive...
2026-02-03 19:55:40.578  6610-26050 OkHttpWebS...Connection org.thoughtcrime.securesms           I  [unidentified:196165134] Sending keep alive...
2026-02-03 19:55:40.581  6610-26050 AlarmSleepTimer         org.thoughtcrime.securesms           D  Setting an exact alarm to wake up in 19999ms.
2026-02-03 19:55:41.083  6610-26013 MemoryTracker           org.thoughtcrime.securesms           D  The system increased our app JVM heap from 80477360 (76.75 MiB) to 80565016 (76.83 MiB)
2026-02-03 19:55:41.547  6610-26476 ringrtc                 org.thoughtcrime.securesms           I  group_call.rs:3931: ringrtc_stats!,sfu,recv,800,0,0
2026-02-03 19:55:41.876  6610-25963 crime.securesms         org.thoughtcrime.securesms           I  This is non sticky GC, maxfree is 16777216 minfree is 8388608
2026-02-03 19:55:42.558  6610-26476 ringrtc                 org.thoughtcrime.securesms           I  group_call.rs:3931: ringrtc_stats!,sfu,recv,800,0,0
2026-02-03 19:55:43.570  6610-26476 ringrtc                 org.thoughtcrime.securesms           I  group_call.rs:3931: ringrtc_stats!,sfu,recv,800,0,0
2026-02-03 19:55:44.324  6610-25963 crime.securesms         org.thoughtcrime.securesms           I  This is non sticky GC, maxfree is 16777216 minfree is 8388608
