2026-02-03 19:55:17.116  6610-27720 crime.securesms         org.thoughtcrime.securesms           W  AIBinder_linkToDeath is being called with a non-null cookie and no onUnlink callback set. This might not be intended. AIBinder_DeathRecipient_setOnUnlinked should be called first.
2026-02-03 19:55:17.116  6610-27717 MediaCodec              org.thoughtcrime.securesms           I  [mId: 1] [audio-debug-dec] queueInputBuffer: index: 1 pts: 26122 timediff: 1
2026-02-03 19:55:17.117  6610-27717 MediaCodec              org.thoughtcrime.securesms           I  [mId: 1] [audio-debug-dec] queueInputBuffer: index: 2 pts: 52244 timediff: 1
2026-02-03 19:55:17.119  6610-27718 MediaCodec              org.thoughtcrime.securesms           I  [mId: 0] [audio-debug-dec] queueInputBuffer: index: 1 pts: 26122 timediff: 5
2026-02-03 19:55:17.119  6610-27718 MediaCodec              org.thoughtcrime.securesms           I  [mId: 0] [audio-debug-dec] queueInputBuffer: index: 2 pts: 52244 timediff: 0
2026-02-03 19:55:17.132  6610-6610  JobManager              org.thoughtcrime.securesms           I  onConstraintMet(NotInCallConstraintObse)
2026-02-03 19:55:17.133  6610-6610  WebRtcCallActivity      org.thoughtcrime.securesms           I  Got message from service: <no change>
2026-02-03 19:55:17.135  6610-6610  WebRtcAudioOutputToggle org.thoughtcrime.securesms           D  Switching button drawable to HANDSET
2026-02-03 19:55:17.135  6610-26102 System.out              org.thoughtcrime.securesms           I  >>> AvatarHelper.getAvatar() path: /data/user/0/org.thoughtcrime.securesms/app_avatars/2
2026-02-03 19:55:17.135  6610-26102 System.out              org.thoughtcrime.securesms           I  >>> Avatar file exists: false
2026-02-03 19:55:17.135  6610-6610  JobManager              org.thoughtcrime.securesms           I  onConstraintMet(NotInCallConstraintObse)
2026-02-03 19:55:17.135  6610-6610  WebRtcCallActivity      org.thoughtcrime.securesms           I  Got message from service: <no change>
2026-02-03 19:55:17.135  6610-26102 System.out              org.thoughtcrime.securesms           I  >>> Avatar file length: 0
2026-02-03 19:55:17.137  6610-6610  WebRtcAudioOutputToggle org.thoughtcrime.securesms           D  Switching button drawable to HANDSET
2026-02-03 19:55:17.137  6610-6610  JobManager              org.thoughtcrime.securesms           I  onConstraintMet(NotInCallConstraintObse)
2026-02-03 19:55:17.137  6610-6610  WebRtcCallActivity      org.thoughtcrime.securesms           I  Got message from service: WebRtcViewModel {
                                                                                                     localParticipant=CallParticipant(callParticipantId=CallParticipantId(demuxId=-1, recipientId=RecipientId::2), isForwardingVideo=true, isVideoEnabled=true, isMicrophoneEnabled=true, handRaisedTimestamp=-1, isMediaKeysReceived=true, isScreenSharing=false)
                                                                                                    }
2026-02-03 19:55:17.139  6610-6610  JobManager              org.thoughtcrime.securesms           I  onConstraintMet(NotInCallConstraintObse)
2026-02-03 19:55:17.139  6610-6610  WebRtcCallActivity      org.thoughtcrime.securesms           I  Got message from service: WebRtcViewModel {
                                                                                                     activeDevice=SPEAKER_PHONE
                                                                                                    }
2026-02-03 19:55:17.160  6610-26235 System.out              org.thoughtcrime.securesms           I  DeprecatedClientPreventionInterceptor - Response: 200
2026-02-03 19:55:17.160  6610-26235 CallManager             org.thoughtcrime.securesms           I  receivedHttpResponse(): requestId: 11
2026-02-03 19:55:17.160  6610-26235 ringrtc                 org.thoughtcrime.securesms           I  call_manager.rs:727: API:CallManager:handle_received_http_response():
2026-02-03 19:55:17.160  6610-26234 ringrtc                 org.thoughtcrime.securesms           I  call_manager.rs:1822: handle_received_http_response(): request_id: 11
2026-02-03 19:55:17.160  6610-26234 ringrtc                 org.thoughtcrime.securesms           I  http.rs:165: http:DelegatingClient:received_response(): request_id: 11
2026-02-03 19:55:17.160  6610-26234 ringrtc                 org.thoughtcrime.securesms           I  http.rs:172:   status_code: 200
2026-02-03 19:55:17.165  6610-26235 System.out              org.thoughtcrime.securesms           I  --CALL LINK AUTH CREDENTIAL RESPONSE--
2026-02-03 19:55:17.167  6610-27717 MediaCodec              org.thoughtcrime.securesms           I  [mId: 1] [audio-debug-dec] stop
2026-02-03 19:55:17.167  6610-27721 MediaCodec              org.thoughtcrime.securesms           I  [mId: 1] [audio-debug-dec] Stats over last 57ms:
2026-02-03 19:55:17.167  6610-27721 MediaCodec              org.thoughtcrime.securesms           I  [mId: 1] [audio-debug-dec] ClientName: org.thoughtcrime.securesms ComponentName: c2.android.mp3.decoder
2026-02-03 19:55:17.167  6610-27721 MediaCodec              org.thoughtcrime.securesms           I  [mId: 1] [audio-debug-dec] Qinput: 34, DQinput: 34 success out of 34 tries
2026-02-03 19:55:17.167  6610-27721 MediaCodec              org.thoughtcrime.securesms           I  [mId: 1] [audio-debug-dec] Render: 0, Drop: 34, DQoutput: 34 success out of 37 tries
2026-02-03 19:55:17.167  6610-27721 MediaCodec              org.thoughtcrime.securesms           I  [mId: 1] [audio-debug-dec] setState: STOPPING
2026-02-03 19:55:17.167  6610-27721 CCodecBufferChannel     org.thoughtcrime.securesms           D  [c2.android.mp3.decoder#265] MediaCodec discarded an unknown buffer
2026-02-03 19:55:17.167  6610-27721 CCodecBufferChannel     org.thoughtcrime.securesms           D  [c2.android.mp3.decoder#265] MediaCodec discarded an unknown buffer
2026-02-03 19:55:17.168  6610-27721 CCodecBufferChannel     org.thoughtcrime.securesms           D  [c2.android.mp3.decoder#265] MediaCodec discarded an unknown buffer
2026-02-03 19:55:17.168  6610-27718 MediaCodec              org.thoughtcrime.securesms           I  [mId: 0] [audio-debug-dec] stop
2026-02-03 19:55:17.168  6610-27720 MediaCodec              org.thoughtcrime.securesms           I  [mId: 0] [audio-debug-dec] Stats over last 58ms:
2026-02-03 19:55:17.168  6610-27720 MediaCodec              org.thoughtcrime.securesms           I  [mId: 0] [audio-debug-dec] ClientName: org.thoughtcrime.securesms ComponentName: c2.android.mp3.decoder
2026-02-03 19:55:17.168  6610-26478 ringrtc                 org.thoughtcrime.securesms           I  sdp_observer.rs:492: csd_observer_OnSuccess()
2026-02-03 19:55:17.168  6610-27721 MediaCodec              org.thoughtcrime.securesms           I  [mId: 1] [audio-debug-dec] setState: INITIALIZED
2026-02-03 19:55:17.168  6610-27720 MediaCodec              org.thoughtcrime.securesms           I  [mId: 0] [audio-debug-dec] Qinput: 38, DQinput: 38 success out of 40 tries
2026-02-03 19:55:17.168  6610-27720 MediaCodec              org.thoughtcrime.securesms           I  [mId: 0] [audio-debug-dec] Render: 0, Drop: 38, DQoutput: 38 success out of 43 tries
2026-02-03 19:55:17.168  6610-27720 MediaCodec              org.thoughtcrime.securesms           I  [mId: 0] [audio-debug-dec] setState: STOPPING
2026-02-03 19:55:17.168  6610-27720 CCodecBufferChannel     org.thoughtcrime.securesms           D  [c2.android.mp3.decoder#631] MediaCodec discarded an unknown buffer
2026-02-03 19:55:17.168  6610-26478 ringrtc                 org.thoughtcrime.securesms           I  sdp_observer.rs:416: on_create_success()
2026-02-03 19:55:17.168  6610-27720 CCodecBufferChannel     org.thoughtcrime.securesms           D  [c2.android.mp3.decoder#631] MediaCodec discarded an unknown buffer
2026-02-03 19:55:17.168  6610-27720 CCodecBufferChannel     org.thoughtcrime.securesms           D  [c2.android.mp3.decoder#631] MediaCodec discarded an unknown buffer
2026-02-03 19:55:17.169  6610-27720 MediaCodec              org.thoughtcrime.securesms           I  [mId: 0] [audio-debug-dec] setState: INITIALIZED
2026-02-03 19:55:17.169  6610-27720 MediaCodec              org.thoughtcrime.securesms           I  [mId: 0] [audio-debug-dec] setState: RELEASING
2026-02-03 19:55:17.169  6610-27721 MediaCodec              org.thoughtcrime.securesms           I  [mId: 1] [audio-debug-dec] setState: RELEASING
2026-02-03 19:55:17.169  6610-27720 MediaCodec              org.thoughtcrime.securesms           I  [mId: 0] [audio-debug-dec] setState: UNINITIALIZED
2026-02-03 19:55:17.170  6610-27720 MediaCodec              org.thoughtcrime.securesms           I  MediaStub sendHdrInfo/sendFrameRateFloatCal/updateFrcAieAisState
2026-02-03 19:55:17.170  6610-27721 MediaCodec              org.thoughtcrime.securesms           I  [mId: 1] [audio-debug-dec] setState: UNINITIALIZED
2026-02-03 19:55:17.170  6610-27721 MediaCodec              org.thoughtcrime.securesms           I  MediaStub sendHdrInfo/sendFrameRateFloatCal/updateFrcAieAisState
2026-02-03 19:55:17.175  6610-27304 CameraDevice-JV-1       org.thoughtcrime.securesms           D  close: X
2026-02-03 19:55:17.175  6610-25981 CameraDevice-JV-1       org.thoughtcrime.securesms           W  Device error received, code 4, frame number 152, request ID 0, subseq ID 0
2026-02-03 19:55:17.175  6610-25981 CameraDevice-JV-1       org.thoughtcrime.securesms           W  Device error received, code 4, frame number 153, request ID 0, subseq ID 0
2026-02-03 19:55:17.175  6610-25981 CameraDevice-JV-1       org.thoughtcrime.securesms           W  Device error received, code 4, frame number 154, request ID 0, subseq ID 0
2026-02-03 19:55:17.175  6610-25981 CameraDevice-JV-1       org.thoughtcrime.securesms           W  Device error received, code 4, frame number 149, request ID 0, subseq ID 0
2026-02-03 19:55:17.175  6610-25981 CameraDevice-JV-1       org.thoughtcrime.securesms           W  Device error received, code 4, frame number 150, request ID 0, subseq ID 0
2026-02-03 19:55:17.175  6610-25981 CameraDevice-JV-1       org.thoughtcrime.securesms           W  Device error received, code 5, frame number 149, request ID 0, subseq ID 0
2026-02-03 19:55:17.176  6610-25981 CameraDevice-JV-1       org.thoughtcrime.securesms           W  Device error received, code 5, frame number 150, request ID 0, subseq ID 0
2026-02-03 19:55:17.176  6610-26412 CameraDevice-JV-1       org.thoughtcrime.securesms           W  Device error received, code 5, frame number 151, request ID 0, subseq ID 0
2026-02-03 19:55:17.176  6610-26412 CameraDevice-JV-1       org.thoughtcrime.securesms           W  Device error received, code 5, frame number 152, request ID 0, subseq ID 0
2026-02-03 19:55:17.176  6610-26412 CameraDevice-JV-1       org.thoughtcrime.securesms           W  Device error received, code 5, frame number 153, request ID 0, subseq ID 0
2026-02-03 19:55:17.176  6610-26412 CameraDevice-JV-1       org.thoughtcrime.securesms           W  Device error received, code 5, frame number 154, request ID 0, subseq ID 0
2026-02-03 19:55:17.177  6610-26412 CameraDevice-JV-1       org.thoughtcrime.securesms           W  Device error received, code 0, frame number 0, request ID -1, subseq ID 0
2026-02-03 19:55:17.181  6610-27720 MediaStub               org.thoughtcrime.securesms           V  MediaStub::GetImplInstance for debug create,0x6d2650b9c4
2026-02-03 19:55:17.181  6610-27721 MediaImpl               org.thoughtcrime.securesms           D  FRC switch off: valueSupport : true, valueOn : false
2026-02-03 19:55:17.181  6610-27721 MediaImpl               org.thoughtcrime.securesms           D  AIE switch off: valueSupport : true, valueOn : false
2026-02-03 19:55:17.181  6610-27721 MediaImpl               org.thoughtcrime.securesms           D  AIS switch off: valueSupport : true, valueOn : false
2026-02-03 19:55:17.181  6610-27720 MediaImpl               org.thoughtcrime.securesms           D  FRC switch off: valueSupport : true, valueOn : false
2026-02-03 19:55:17.182  6610-27720 MediaImpl               org.thoughtcrime.securesms           D  AIE switch off: valueSupport : true, valueOn : false
2026-02-03 19:55:17.182  6610-27720 MediaImpl               org.thoughtcrime.securesms           D  AIS switch off: valueSupport : true, valueOn : false
2026-02-03 19:55:17.182  6610-26478 ringrtc                 org.thoughtcrime.securesms           I  sdp_observer.rs:667: ssd_observer_OnSuccess()
2026-02-03 19:55:17.185  6610-27717 MediaCodecList          org.thoughtcrime.securesms           D  codecHandlesFormat: no format, so no extra checks
2026-02-03 19:55:17.186  6610-27717 MediaCodec              org.thoughtcrime.securesms           I  The process name is org.thoughtcrime.securesms
2026-02-03 19:55:17.187  6610-27717 VideoBox                org.thoughtcrime.securesms           I  VideoBox::VideoBox
2026-02-03 19:55:17.187  6610-27717 VideoBox                org.thoughtcrime.securesms           I  [mId: 2] video-debug initVideobox: return false for videobox is not enabled
2026-02-03 19:55:17.187  6610-27717 MediaCodec              org.thoughtcrime.securesms           I  init video box disabled for init not supported
2026-02-03 19:55:17.187  6610-27717 VideoBox                org.thoughtcrime.securesms           I  VideoBox::~VideoBox
2026-02-03 19:55:17.187  6610-27922 MediaCodec              org.thoughtcrime.securesms           I  [mId: 2] [audio-debug-dec] setState: INITIALIZING
2026-02-03 19:55:17.187  6610-27922 CCodec                  org.thoughtcrime.securesms           D  allocate(c2.android.vorbis.decoder)
2026-02-03 19:55:17.187  6610-27922 CCodec                  org.thoughtcrime.securesms           I  setting up 'default' as default (vendor) store
2026-02-03 19:55:17.189  6610-27922 crime.securesms         org.thoughtcrime.securesms           W  AIBinder_linkToDeath is being called with a non-null cookie and no onUnlink callback set. This might not be intended. AIBinder_DeathRecipient_setOnUnlinked should be called first.
2026-02-03 19:55:17.189  6610-27922 CCodec                  org.thoughtcrime.securesms           I  Created component [c2.android.vorbis.decoder]
2026-02-03 19:55:17.189  6610-27922 CCodecConfig            org.thoughtcrime.securesms           D  read media type: audio/vorbis
2026-02-03 19:55:17.190  6610-27922 ReflectedParamUpdater   org.thoughtcrime.securesms           D  extent() != 1 for single value type: algo.buffers.max-count.values
2026-02-03 19:55:17.190  6610-27922 ReflectedParamUpdater   org.thoughtcrime.securesms           D  extent() != 1 for single value type: output.subscribed-indices.values
2026-02-03 19:55:17.190  6610-27922 ReflectedParamUpdater   org.thoughtcrime.securesms           D  extent() != 1 for single value type: input.buffers.allocator-ids.values
2026-02-03 19:55:17.190  6610-27922 ReflectedParamUpdater   org.thoughtcrime.securesms           D  extent() != 1 for single value type: output.buffers.allocator-ids.values
2026-02-03 19:55:17.190  6610-27922 ReflectedParamUpdater   org.thoughtcrime.securesms           D  extent() != 1 for single value type: algo.buffers.allocator-ids.values
2026-02-03 19:55:17.190  6610-27922 ReflectedParamUpdater   org.thoughtcrime.securesms           D  extent() != 1 for single value type: output.buffers.pool-ids.values
2026-02-03 19:55:17.190  6610-27922 ReflectedParamUpdater   org.thoughtcrime.securesms           D  extent() != 1 for single value type: algo.buffers.pool-ids.values
2026-02-03 19:55:17.191  6610-27922 CCodecConfig            org.thoughtcrime.securesms           I  query failed after returning 8 values (BAD_INDEX)
2026-02-03 19:55:17.191  6610-27922 CCodecConfig            org.thoughtcrime.securesms           D  c2 config diff is Dict {
                                                                                                      c2::u32 coded.bitrate.value = 64000
                                                                                                      c2::u32 input.buffers.max-size.value = 32768
                                                                                                      c2::u32 input.delay.value = 0
                                                                                                      string input.media-type.value = "audio/vorbis"
                                                                                                      c2::u32 output.large-frame.max-size = 0
                                                                                                      c2::u32 output.large-frame.threshold-size = 0
                                                                                                      string output.media-type.value = "audio/raw"
                                                                                                      c2::u32 raw.channel-count.value = 1
                                                                                                      c2::u32 raw.sample-rate.value = 48000
                                                                                                    }
2026-02-03 19:55:17.191  6610-27922 MediaCodec              org.thoughtcrime.securesms           I  [mId: 2] [audio-debug-dec] setState: INITIALIZED
2026-02-03 19:55:17.192  6610-27717 MediaCodec              org.thoughtcrime.securesms           I  [mId: 2] [audio-debug-dec] configure: ClientName: org.thoughtcrime.securesms ComponentName: c2.android.vorbis.decoder
2026-02-03 19:55:17.192  6610-27717 MediaCodec              org.thoughtcrime.securesms           I  [mId: 2] [audio-debug-dec] configure: ClientFormat: AMessage(what = 0x00000000) = {
                                                                                                      string mime = "audio/vorbis"
                                                                                                      int64_t durationUs = 816645
                                                                                                      int32_t track-id = 1
                                                                                                      Buffer csd-0 = {
                                                                                                        00000000:  01 76 6f 72 62 69 73 00  00 00 00 02 80 bb 00 00  .vorbis.........
                                                                                                        00000010:  ff ff ff ff 00 6b 03 00  ff ff ff ff b8 01        .....k........
                                                                                                      }
                                                                                                      Buffer *csd-1 = 0xb400006f439e6df0
                                                                                                      int32_t bitrate = 224000
                                                                                                      int32_t channel-count = 2
                                                                                                      int32_t sample-rate = 48000
                                                                                                      int32_t channel-mask = 3
                                                                                                    }
2026-02-03 19:55:17.192  6610-27717 MediaCodec              org.thoughtcrime.securesms           D  currery video type audio/vorbis
2026-02-03 19:55:17.193  6610-27719 CameraDevice-JV-1       org.thoughtcrime.securesms           D  waitUntilIdle: E. id = 1
2026-02-03 19:55:17.193  6610-27922 MediaCodec              org.thoughtcrime.securesms           I  [mId: 2] [audio-debug-dec] setState: CONFIGURING
2026-02-03 19:55:17.193  6610-27922 CCodec                  org.thoughtcrime.securesms           D  [c2.android.vorbis.decoder] buffers are bound to CCodec for this session
2026-02-03 19:55:17.193  6610-27922 CCodecConfig            org.thoughtcrime.securesms           D  no c2 equivalents for durationUs
2026-02-03 19:55:17.193  6610-27922 CCodecConfig            org.thoughtcrime.securesms           D  no c2 equivalents for track-id
2026-02-03 19:55:17.193  6610-27922 CCodecConfig            org.thoughtcrime.securesms           D  no c2 equivalents for csd-1
2026-02-03 19:55:17.193  6610-27922 CCodecConfig            org.thoughtcrime.securesms           D  no c2 equivalents for flags
2026-02-03 19:55:17.193  6610-27719 CameraDevice-JV-1       org.thoughtcrime.securesms           D  waitUntilIdle: X
2026-02-03 19:55:17.193  6610-27922 CCodecConfig            org.thoughtcrime.securesms           D  c2 config diff is   c2::u32 coded.bitrate.value = 224000
                                                                                                      c2::u32 raw.channel-count.value = 2
2026-02-03 19:55:17.193  6610-27922 CCodec                  org.thoughtcrime.securesms           D  encoding statistics level = 0
2026-02-03 19:55:17.193  6610-27922 CCodec                  org.thoughtcrime.securesms           D  setup formats input: AMessage(what = 0x00000000) = {
                                                                                                      int32_t bitrate = 224000
                                                                                                      int32_t channel-count = 2
                                                                                                      int32_t max-input-size = 32768
                                                                                                      string mime = "audio/vorbis"
                                                                                                      int32_t sample-rate = 48000
                                                                                                    }
2026-02-03 19:55:17.193  6610-26478 ringrtc                 org.thoughtcrime.securesms           I  peer_connection_observer.rs:276: ringrtc!	1770119717193	rtc -> conn: ice_connection_change(Checking)	2
2026-02-03 19:55:17.193  6610-27922 CCodec                  org.thoughtcrime.securesms           D  setup formats output: AMessage(what = 0x00000000) = {
                                                                                                      int32_t buffer-batch-max-output-size = 0
                                                                                                      int32_t buffer-batch-threshold-output-size = 0
                                                                                                      int32_t channel-count = 2
                                                                                                      string mime = "audio/raw"
                                                                                                      int32_t sample-rate = 48000
                                                                                                      int32_t channel-mask = 3
                                                                                                      int32_t android._config-pcm-encoding = 2
                                                                                                    }
2026-02-03 19:55:17.193  6610-27922 CCodecConfig            org.thoughtcrime.securesms           I  query failed after returning 8 values (BAD_INDEX)
2026-02-03 19:55:17.193  6610-27922 MediaCodec              org.thoughtcrime.securesms           I  [mId: 2] [audio-debug-dec] setState: CONFIGURED
2026-02-03 19:55:17.193  6610-27717 MediaCodec              org.thoughtcrime.securesms           D  updateVppSurFpsValue :  0
2026-02-03 19:55:17.193  6610-27922 MediaCodec              org.thoughtcrime.securesms           I  [mId: 2] [audio-debug-dec] setState: STARTING
2026-02-03 19:55:17.194  6610-26478 ringrtc                 org.thoughtcrime.securesms           I  peer_connection_observer.rs:200: pc_observer_OnIceCandidate: 2
2026-02-03 19:55:17.194  6610-26478 ringrtc                 org.thoughtcrime.securesms           I  peer_connection_observer.rs:200: pc_observer_OnIceCandidate: 2
2026-02-03 19:55:17.194  6610-26478 ringrtc                 org.thoughtcrime.securesms           I  peer_connection_observer.rs:200: pc_observer_OnIceCandidate: 2
2026-02-03 19:55:17.194  6610-26478 ringrtc                 org.thoughtcrime.securesms           I  peer_connection_observer.rs:200: pc_observer_OnIceCandidate: 2
2026-02-03 19:55:17.194  6610-26478 ringrtc                 org.thoughtcrime.securesms           I  sdp_observer.rs:667: ssd_observer_OnSuccess()
2026-02-03 19:55:17.194  6610-27348 ringrtc                 org.thoughtcrime.securesms           I  group_call.rs:2652: Connecting to group call SFU via UDP with ip=[47, 242, 157, 99] port=11102
2026-02-03 19:55:17.194  6610-27348 ringrtc                 org.thoughtcrime.securesms           I  group_call.rs:2669: Connecting to group call SFU via TCP with ip=[47, 242, 157, 99] port=11102
2026-02-03 19:55:17.194  6610-27922 CCodecBufferChannel     org.thoughtcrime.securesms           D  [c2.android.vorbis.decoder#947] Created input block pool with allocatorID 16 => poolID 19 - OK (0)
2026-02-03 19:55:17.194  6610-27922 CCodecBufferChannel     org.thoughtcrime.securesms           I  [mId: 2] [audio-debug-dec] start: inputFormat: AMessage(what = 0x00000000) = {
                                                                                                      int32_t bitrate = 224000
                                                                                                      int32_t channel-count = 2
                                                                                                      int32_t max-input-size = 32768
                                                                                                      string mime = "audio/vorbis"
                                                                                                      int32_t sample-rate = 48000
                                                                                                    }
2026-02-03 19:55:17.195  6610-27922 CCodecBufferChannel     org.thoughtcrime.securesms           I  [c2.android.vorbis.decoder#947] Created output block pool with allocatorID 16 => poolID 463 - OK
2026-02-03 19:55:17.195  6610-27922 CCodecBufferChannel     org.thoughtcrime.securesms           D  [c2.android.vorbis.decoder#947] Configured output block pool ids 463 => OK
2026-02-03 19:55:17.195  6610-27922 CCodecBufferChannel     org.thoughtcrime.securesms           I  [mId: 2] [audio-debug-dec] start: outputFormat: AMessage(what = 0x00000000) = {
                                                                                                      int32_t buffer-batch-max-output-size = 0
                                                                                                      int32_t buffer-batch-threshold-output-size = 0
                                                                                                      int32_t channel-count = 2
                                                                                                      string mime = "audio/raw"
                                                                                                      int32_t sample-rate = 48000
                                                                                                      int32_t channel-mask = 3
                                                                                                      int32_t android._config-pcm-encoding = 2
                                                                                                    }
2026-02-03 19:55:17.195  6610-27922 CCodecBufferChannel     org.thoughtcrime.securesms           D  [c2.android.vorbis.decoder#947] start: updating output delay 0
2026-02-03 19:55:17.195  6610-27922 MediaCodec              org.thoughtcrime.securesms           I  [mId: 2] [audio-debug-dec] setState: STARTED
2026-02-03 19:55:17.196  6610-27922 crime.securesms         org.thoughtcrime.securesms           W  AIBinder_linkToDeath is being called with a non-null cookie and no onUnlink callback set. This might not be intended. AIBinder_DeathRecipient_setOnUnlinked should be called first.
2026-02-03 19:55:17.196  6610-27717 MediaCodec              org.thoughtcrime.securesms           I  [mId: 2] [audio-debug-dec] queueInputBuffer: index: 2 pts: 0 timediff: 0
2026-02-03 19:55:17.197  6610-27717 MediaCodec              org.thoughtcrime.securesms           I  [mId: 2] [audio-debug-dec] queueInputBuffer: index: 3 pts: 0 timediff: 1
2026-02-03 19:55:17.197  6610-27717 MediaCodec              org.thoughtcrime.securesms           I  [mId: 2] [audio-debug-dec] queueInputBuffer: index: 0 pts: 2666 timediff: 0
2026-02-03 19:55:17.198  6610-26476 rtp_transport.cc        org.thoughtcrime.securesms           W  (line 316): RtpTransport::SetIncomingRtpEnabled(1) was 0
2026-02-03 19:55:17.198  6610-27348 ringrtc                 org.thoughtcrime.securesms           I  group_call.rs:2044: Disable audio and outgoing media because there are no other devices.
2026-02-03 19:55:17.199  6610-27348 ringrtc                 org.thoughtcrime.securesms           I  group_call.rs:2063: Setting send rates to SendRates { min: None, start: None, max: Some(DataRate { size_per_second: DataSize { bits: 1000 } }) }
2026-02-03 19:55:17.200  6610-27348 ringrtc                 org.thoughtcrime.securesms           I  http.rs:201: http:DelegatingClient:make_request()
2026-02-03 19:55:17.200  6610-27348 ringrtc                 org.thoughtcrime.securesms           I  android_platform.rs:1649: send_request(): request_id: 12
2026-02-03 19:55:17.200  6610-27348 CallManager             org.thoughtcrime.securesms           I  sendHttpRequest():
2026-02-03 19:55:17.200  6610-27348 SignalCallManager       org.thoughtcrime.securesms           I  onSendHttpRequest(): request_id: 12
2026-02-03 19:55:17.200  6610-27348 ringrtc                 org.thoughtcrime.securesms           I  call_manager.rs:2565: handle_remote_devices_changed(): DemuxIdsChanged
2026-02-03 19:55:17.200  6610-27348 ringrtc                 org.thoughtcrime.securesms           I  android_platform.rs:1276: handle_remote_devices_changed():
2026-02-03 19:55:17.200  6610-27348 CallManager             org.thoughtcrime.securesms           I  handleRemoteDevicesChanged(): remoteDeviceStates.size = 0
2026-02-03 19:55:17.200  6610-27348 GroupCall               org.thoughtcrime.securesms           I  handleRemoteDevicesChanged():
2026-02-03 19:55:17.200  6610-27348 ringrtc                 org.thoughtcrime.securesms           I  call_manager.rs:2555: handle_join_state_changed():
2026-02-03 19:55:17.200  6610-27348 ringrtc                 org.thoughtcrime.securesms           I  android_platform.rs:1228: handle_join_state_changed():
2026-02-03 19:55:17.200  6610-26463 SignalCallManager       org.thoughtcrime.securesms           V  Processing action: onRemoteDeviceStatesChanged, handler: GroupJoiningActionProce
2026-02-03 19:55:17.200  6610-27348 CallManager             org.thoughtcrime.securesms           I  handleJoinStateChanged():
2026-02-03 19:55:17.200  6610-26463 GroupJoiningActionProce org.thoughtcrime.securesms           I  handleGroupRemoteDeviceStateChanged():
2026-02-03 19:55:17.200  6610-27348 GroupCall               org.thoughtcrime.securesms           I  handleJoinStateChanged():
2026-02-03 19:55:17.200  6610-27348 SignalCallManager       org.thoughtcrime.securesms           I  onLocalDeviceStateChanged: localAdapterType: UNKNOWN
2026-02-03 19:55:17.200  6610-27348 ringrtc                 org.thoughtcrime.securesms           I  peer_connection.rs:361: PeerConnection.configure_audio_encoders(AudioEncoderConfig { initial_packet_size_ms: 60, min_packet_size_ms: 60, max_packet_size_ms: 60, initial_bitrate_bps: 32000, min_bitrate_bps: 32000, max_bitrate_bps: 32000, bandwidth: Auto, complexity: 9, adaptation: 0, enable_cbr: true, enable_dtx: true, enable_fec: true })
2026-02-03 19:55:17.200  6610-26463 SignalCallManager       org.thoughtcrime.securesms           V  Processing action: onLocalDeviceStateChanged, handler: GroupJoiningActionProce
2026-02-03 19:55:17.201  6610-26463 GroupJoiningActionProce org.thoughtcrime.securesms           I  handleGroupLocalDeviceStateChanged():
2026-02-03 19:55:17.201  6610-26463 GroupJoiningActionProce org.thoughtcrime.securesms           I  local device changed: CONNECTING JOINED
2026-02-03 19:55:17.201  6610-26463 ActiveCallManager       org.thoughtcrime.securesms           I  update 3 RecipientId::4 true
2026-02-03 19:55:17.201  6610-26463 SafeForegroundService   org.thoughtcrime.securesms           D  [update] Current state: STARTING
2026-02-03 19:55:17.201  6610-26463 SafeForegroundService   org.thoughtcrime.securesms           D  [update] Updating service.
2026-02-03 19:55:17.202  6610-26463 ActiveCallManager       org.thoughtcrime.securesms           I  Sending audio command [Start] to FullSignalAudioManagerApi31
2026-02-03 19:55:17.202  6610-26463 AccelerometerListener   org.thoughtcrime.securesms           D  enable(false)
2026-02-03 19:55:17.204  6610-27714 IncomingRinger          org.thoughtcrime.securesms           I  Cancelling vibrator
2026-02-03 19:55:17.205  6610-27714 AudioManagerCompat      org.thoughtcrime.securesms           W  Trying again to request audio focus
2026-02-03 19:55:17.208  6610-6610  JobManager              org.thoughtcrime.securesms           I  onConstraintMet(NotInCallConstraintObse)
2026-02-03 19:55:17.208  6610-6610  WebRtcCallActivity      org.thoughtcrime.securesms           I  Got message from service: <no change>
2026-02-03 19:55:17.210  6610-6610  ActiveCallManager       org.thoughtcrime.securesms           D  [onStartCommand] action: update
2026-02-03 19:55:17.210  6610-27714 SignalAudioManager31    org.thoughtcrime.securesms           D  Started
2026-02-03 19:55:17.211  6610-28031 AudioTrackStub          org.thoughtcrime.securesms           D  AudioTrackStub() create
2026-02-03 19:55:17.214  6610-28031 AudioTrackImpl          org.thoughtcrime.securesms           I  initAudioTrackImpl()
2026-02-03 19:55:17.214  6610-28031 AudioTrack              org.thoughtcrime.securesms           D  set(): (sessionId=0), mcallback is 1, streamType -1, sampleRate 44100, format 0x1, channelMask 0x3, frameCount 0, flags 0, notificationFrames 0,transferType 0, mClientAttributionSource AttributionSourceState{pid: -1, uid: -1, deviceId: 0, packageName: org.thoughtcrime.securesms, attributionTag: (null), token: binder:0xb400006fd3c01b90, renouncedPermissions: (null), next: []}
2026-02-03 19:55:17.222  6610-27717 MediaCodec              org.thoughtcrime.securesms           I  [mId: 2] [audio-debug-dec] stop
2026-02-03 19:55:17.222  6610-27922 MediaCodec              org.thoughtcrime.securesms           I  [mId: 2] [audio-debug-dec] Stats over last 29ms:
2026-02-03 19:55:17.222  6610-27922 MediaCodec              org.thoughtcrime.securesms           I  [mId: 2] [audio-debug-dec] ClientName: org.thoughtcrime.securesms ComponentName: c2.android.vorbis.decoder
2026-02-03 19:55:17.222  6610-27922 MediaCodec              org.thoughtcrime.securesms           I  [mId: 2] [audio-debug-dec] Qinput: 48, DQinput: 48 success out of 48 tries
2026-02-03 19:55:17.222  6610-27922 MediaCodec              org.thoughtcrime.securesms           I  [mId: 2] [audio-debug-dec] Render: 0, Drop: 47, DQoutput: 47 success out of 51 tries
2026-02-03 19:55:17.222  6610-27922 MediaCodec              org.thoughtcrime.securesms           I  [mId: 2] [audio-debug-dec] setState: STOPPING
2026-02-03 19:55:17.223  6610-27922 CCodecBufferChannel     org.thoughtcrime.securesms           D  [c2.android.vorbis.decoder#947] MediaCodec discarded an unknown buffer
2026-02-03 19:55:17.223  6610-27922 CCodecBufferChannel     org.thoughtcrime.securesms           D  [c2.android.vorbis.decoder#947] MediaCodec discarded an unknown buffer
2026-02-03 19:55:17.223  6610-27922 CCodecBufferChannel     org.thoughtcrime.securesms           D  [c2.android.vorbis.decoder#947] MediaCodec discarded an unknown buffer
2026-02-03 19:55:17.223  6610-27922 MediaCodec              org.thoughtcrime.securesms           I  [mId: 2] [audio-debug-dec] setState: INITIALIZED
2026-02-03 19:55:17.223  6610-27922 MediaCodec              org.thoughtcrime.securesms           I  [mId: 2] [audio-debug-dec] setState: RELEASING
2026-02-03 19:55:17.224  6610-27922 MediaCodec              org.thoughtcrime.securesms           I  [mId: 2] [audio-debug-dec] setState: UNINITIALIZED
2026-02-03 19:55:17.224  6610-27922 MediaCodec              org.thoughtcrime.securesms           I  MediaStub sendHdrInfo/sendFrameRateFloatCal/updateFrcAieAisState
2026-02-03 19:55:17.224  6610-27922 MediaImpl               org.thoughtcrime.securesms           D  FRC switch off: valueSupport : true, valueOn : false
2026-02-03 19:55:17.224  6610-27922 MediaImpl               org.thoughtcrime.securesms           D  AIE switch off: valueSupport : true, valueOn : false
2026-02-03 19:55:17.224  6610-27922 MediaImpl               org.thoughtcrime.securesms           D  AIS switch off: valueSupport : true, valueOn : false
2026-02-03 19:55:17.229  6610-26463 ProximityLock           org.thoughtcrime.securesms           D  Released proximity lock:false
2026-02-03 19:55:17.229  6610-26463 LockManager             org.thoughtcrime.securesms           D  Entered Lock State: FULL
2026-02-03 19:55:17.229  6610-26463 GroupCall               org.thoughtcrime.securesms           I  setOutgoingVideoMuted():
2026-02-03 19:55:17.229  6610-26463 ringrtc                 org.thoughtcrime.securesms           I  call_manager.rs:2995: set_outgoing_video_muted(): id: 2
2026-02-03 19:55:17.229  6610-26463 GroupCall               org.thoughtcrime.securesms           I  setOutgoingAudioMuted():
2026-02-03 19:55:17.229  6610-26463 ringrtc                 org.thoughtcrime.securesms           I  call_manager.rs:2994: set_outgoing_audio_muted(): id: 2
2026-02-03 19:55:17.229  6610-26463 GroupCall               org.thoughtcrime.securesms           I  setDataMode():
2026-02-03 19:55:17.229  6610-26463 ringrtc                 org.thoughtcrime.securesms           I  call_manager.rs:2999: set_data_mode(): id: 2
2026-02-03 19:55:17.229  6610-26463 GroupCall               org.thoughtcrime.securesms           I  ring():
2026-02-03 19:55:17.229  6610-26463 ringrtc                 org.thoughtcrime.securesms           I  call_manager.rs:2993: group_ring(): id: 2
2026-02-03 19:55:17.229  6610-27348 ringrtc                 org.thoughtcrime.securesms           W  group_call.rs:1914: Failed to send heartbeat after updating video mute state: Unable to send RTP data (if the SFU is running locally, remember to turn off RingRTC-AnyAddressPortsKillSwitch)
2026-02-03 19:55:17.229  6610-26463 GroupConnectedActionPro org.thoughtcrime.securesms           I  handleGroupJoinedMembershipChanged():
2026-02-03 19:55:17.229  6610-26463 GroupCall               org.thoughtcrime.securesms           I  getPeekInfo():
2026-02-03 19:55:17.229  6610-26463 GroupCall               org.thoughtcrime.securesms           I  getPeekInfo():
2026-02-03 19:55:17.229  6610-26463 SignalCallManager       org.thoughtcrime.securesms           I  sendGroupCallUpdateMessage id: RecipientId::4 era: 7d0b5d2d86d49534 isIncoming: true isJoinEvent: true
2026-02-03 19:55:17.229  6610-27348 ringrtc                 org.thoughtcrime.securesms           W  group_call.rs:1893: Failed to send heartbeat after updating audio mute state: Unable to send RTP data (if the SFU is running locally, remember to turn off RingRTC-AnyAddressPortsKillSwitch)
2026-02-03 19:55:17.233  6610-26017 Job                     org.thoughtcrime.securesms           I  [JOB::32015e3e-5ecd-4837-8cc0-3511c9af773f][GroupCallUpdateSendJob] onSubmit() (Time Since Submission: 3 ms, Lifespan: 300000 ms, Run Attempt: 1/3, Queue: RecipientId::4)
2026-02-03 19:55:17.233  6610-26017 Job                     org.thoughtcrime.securesms           I  [JOB::ff60e170-e6f8-4596-83d6-7594b9ec4e69][CallSyncEventJob] onSubmit() (Time Since Submission: 3 ms, Lifespan: 86400000 ms, Run Attempt: 1/Unlimited, Queue: CallSyncEventJob)
2026-02-03 19:55:17.233  6610-26018 JobSchedulerScheduler   org.thoughtcrime.securesms           I  JobScheduler enqueue of  (0)
2026-02-03 19:55:17.234  6610-26030 JobRunner               org.thoughtcrime.securesms           I  [JOB::32015e3e-5ecd-4837-8cc0-3511c9af773f][GroupCallUpdateSendJob][2] Running job. (Time Since Submission: 3 ms, Lifespan: 300000 ms, Run Attempt: 1/3, Queue: RecipientId::4)
2026-02-03 19:55:17.236  6610-26406 ConversationDataSource  org.thoughtcrime.securesms           D  [size(), thread 2] 0 ms
2026-02-03 19:55:17.237  6610-26235 System.out              org.thoughtcrime.securesms           I  make storage request url:http://47.242.157.99:11008/v2/groups/token
2026-02-03 19:55:17.237  6610-26476 tcp_port.cc             org.thoughtcrime.securesms           W  (line 475): Socket is bound to the address:10.28.59.x, rather than an address associated with network:Net[any:0.0.0.x/0:Wildcard:id=0]. Still allowing it since it's the 'any' address, possibly caused by multiple_routes being disabled.
2026-02-03 19:55:17.238  6610-26235 System.out              org.thoughtcrime.securesms           I  -okhttpClient wait newCall-
2026-02-03 19:55:17.238  6610-26235 System.out              org.thoughtcrime.securesms           I  wait call execute
2026-02-03 19:55:17.238  6610-26235 System.out              org.thoughtcrime.securesms           I  DeprecatedClientPreventionInterceptor - START
2026-02-03 19:55:17.238  6610-26235 System.out              org.thoughtcrime.securesms           I  Request URL: http://47.242.157.99:11008/v2/groups/token
2026-02-03 19:55:17.238  6610-26235 System.out              org.thoughtcrime.securesms           I  isClientDeprecated:  false
2026-02-03 19:55:17.238  6610-26235 System.out              org.thoughtcrime.securesms           I  DeprecatedClientPreventionInterceptor - PROCEEDING
2026-02-03 19:55:17.241  6610-6610  WebRtcCallActivity      org.thoughtcrime.securesms           I  Got message from service: WebRtcViewModel {
                                                                                                     state=CALL_CONNECTED
                                                                                                     callConnectedTime=1770119717229
                                                                                                    }
2026-02-03 19:55:17.242  6610-26463 SignalCallManager       org.thoughtcrime.securesms           V  Processing action: onFullyInitialized, handler: GroupConnectedActionPro
2026-02-03 19:55:17.244  6610-26030 GroupSendUtil           org.thoughtcrime.securesms           I  Starting group send. GroupId: __signal_group__v2__!28687dc5b1223712a3e8ac3013aa0d65c57184712fa08febfaf9c0cc11de81fd, DistributionId: b5d2d43b-551f-47a5-9cee-dc90cf293750 RelatedMessageId: none, Targets: 1, RecipientUpdate: false, Operation: DataSendOperation
2026-02-03 19:55:17.244  6610-26030 SealedSenderAccessUtil  org.thoughtcrime.securesms           I  Unidentified: 1, Other: 0
2026-02-03 19:55:17.247  6610-26030 GroupSendUtil           org.thoughtcrime.securesms           I  Too few sender-key-capable users (1). Doing all legacy sends.
2026-02-03 19:55:17.247  6610-26030 GroupSendUtil           org.thoughtcrime.securesms           I  Need to do 1 legacy sends.
2026-02-03 19:55:17.247  6610-26478 ringrtc                 org.thoughtcrime.securesms           I  peer_connection_observer.rs:306: ringrtc!	1770119717247	rtc -> conn: ice_network_route_change(NetworkRoute { local_adapter_type: Cellular, local_adapter_type_under_vpn: Unknown, local_relayed: false, local_relay_protocol: Unknown, remote_relayed: false })	2
2026-02-03 19:55:17.247  6610-27337 ConversationDataSource  org.thoughtcrime.securesms           D  [load(0, 6), thread 2] messages: 2.18, extra-data: 4.46, models: 0.08, conversion: 1.90, header: 2.01, total: 10.63 || mentions: 0.98, is-quoted: 0.40, reactions: 0.94, attachments: 1.80, payments: 0.03, calls: 0.31 >> cpuTime: 4.76, wallTime: 2.91
2026-02-03 19:55:17.248  6610-26478 ringrtc                 org.thoughtcrime.securesms           I  peer_connection_observer.rs:321: ice_network_route_change	2
                                                                                                     local: candidate:2879229705 1 udp 2122194687 [REDACTED ipv4] 43430 typ host generation 0 ufrag HWND network-id 3 network-cost 900
                                                                                                    remote: candidate: 1 udp 0 [REDACTED ipv4] 11102 typ host generation 0 ufrag +Azo
2026-02-03 19:55:17.248  6610-26478 ringrtc                 org.thoughtcrime.securesms           I  peer_connection_observer.rs:276: ringrtc!	1770119717248	rtc -> conn: ice_connection_change(Connected)	2
2026-02-03 19:55:17.248  6610-27348 ringrtc                 org.thoughtcrime.securesms           I  call_manager.rs:2546: handle_network_route_changed():
2026-02-03 19:55:17.248  6610-27348 ringrtc                 org.thoughtcrime.securesms           I  android_platform.rs:1001: handle_network_route_changed(): client_id: 2, network_route: NetworkRoute { local_adapter_type: Cellular, local_adapter_type_under_vpn: Unknown, local_relayed: false, local_relay_protocol: Unknown, remote_relayed: false }
2026-02-03 19:55:17.248  6610-27348 CallManager             org.thoughtcrime.securesms           I  handleNetworkRouteChanged():
2026-02-03 19:55:17.248  6610-27348 GroupCall               org.thoughtcrime.securesms           I  handleNetworkRouteChanged():
2026-02-03 19:55:17.248  6610-27348 SignalCallManager       org.thoughtcrime.securesms           I  onLocalDeviceStateChanged: localAdapterType: CELLULAR
2026-02-03 19:55:17.248  6610-27348 ringrtc                 org.thoughtcrime.securesms           I  call_manager.rs:2532: handle_connection_state_changed():
2026-02-03 19:55:17.248  6610-26463 SignalCallManager       org.thoughtcrime.securesms           V  Processing action: onLocalDeviceStateChanged, handler: GroupConnectedActionPro
2026-02-03 19:55:17.248  6610-27348 ringrtc                 org.thoughtcrime.securesms           I  android_platform.rs:964: handle_connection_state_changed():
2026-02-03 19:55:17.249  6610-26463 GroupConnectedActionPro org.thoughtcrime.securesms           I  handleGroupLocalDeviceStateChanged():
2026-02-03 19:55:17.249  6610-27348 CallManager             org.thoughtcrime.securesms           I  handleConnectionStateChanged():
2026-02-03 19:55:17.249  6610-27348 GroupCall               org.thoughtcrime.securesms           I  handleConnectionStateChanged():
2026-02-03 19:55:17.249  6610-27348 SignalCallManager       org.thoughtcrime.securesms           I  onLocalDeviceStateChanged: localAdapterType: CELLULAR
2026-02-03 19:55:17.249  6610-26463 GroupConnectedActionPro org.thoughtcrime.securesms           I  local device changed: CONNECTED JOINED
2026-02-03 19:55:17.249  6610-26463 SignalCallManager       org.thoughtcrime.securesms           V  Processing action: onLocalDeviceStateChanged, handler: GroupConnectedActionPro
2026-02-03 19:55:17.249  6610-26463 GroupConnectedActionPro org.thoughtcrime.securesms           I  handleGroupLocalDeviceStateChanged():
2026-02-03 19:55:17.249  6610-26463 GroupConnectedActionPro org.thoughtcrime.securesms           I  local device changed: CONNECTED JOINED
2026-02-03 19:55:17.253  6610-26030 SignalServ...sageSender org.thoughtcrime.securesms           D  [1770119717235] Sending a data message.
2026-02-03 19:55:17.253  6610-26030 System.out              org.thoughtcrime.securesms           I  Send msg
2026-02-03 19:55:17.253  6610-26030 System.out              org.thoughtcrime.securesms           I  get Encrypted msg
2026-02-03 19:55:17.254  6610-26030 System.out              org.thoughtcrime.securesms           I  get Encrypted msg content:Optional[Content{dataMessage=DataMessage{groupV2=GroupContextV2{masterKey=[hex=74af9643655987414543e630d906a4837214fbb7dc031d32a5460fab43f4af17], revision=0}, expireTimerVersion=1, timestamp=1770119717235, requiredProtocolVersion=0, groupCallUpdate=GroupCallUpdate{eraId=7d0b5d2d86d49534}}}]
2026-02-03 19:55:17.254  6610-26030 System.out              org.thoughtcrime.securesms           I  消息加密
2026-02-03 19:55:17.254  6610-26030 System.out              org.thoughtcrime.securesms           I  loadSession 获取对应address 的 会话记录 :742680e3-0557-4aa7-8cfc-18b08d816dae
2026-02-03 19:55:17.254  6610-26030 System.out              org.thoughtcrime.securesms           I  storeSession 保存会话记录 record : org.signal.libsignal.protocol.state.SessionRecord@49c286b
2026-02-03 19:55:17.256  6610-26476 ringrtc                 org.thoughtcrime.securesms           I  group_call.rs:3931: ringrtc_stats!,sfu,recv,800,0,0
2026-02-03 19:55:17.257  6610-27348 ringrtc                 org.thoughtcrime.securesms           I  group_call.rs:4009: SFU notified that a remote device has joined or left, requesting update
2026-02-03 19:55:17.257  6610-27348 ringrtc                 org.thoughtcrime.securesms           I  http.rs:201: http:DelegatingClient:make_request()
2026-02-03 19:55:17.257  6610-27348 ringrtc                 org.thoughtcrime.securesms           I  android_platform.rs:1649: send_request(): request_id: 13
2026-02-03 19:55:17.257  6610-27348 CallManager             org.thoughtcrime.securesms           I  sendHttpRequest():
